MSBuild version 17.8.43+f0cbb1397 for .NET
  Determining projects to restore...
  All projects are up-to-date for restore.
D:\xbytechat\xbytechat-api\xbytechat-api\AuthModule\Models\WhatsAppTemplate.cs(4,7): warning CS0105: The using directive for 'System.ComponentModel.DataAnnotations' appeared previously in this namespace [D:\xbytechat\xbytechat-api\xbytechat-api\xbytechat.api.csproj]
D:\xbytechat\xbytechat-api\xbytechat-api\Features\TemplatesModule\Services\TemplateLibraryService.cs(7,7): warning CS0105: The using directive for 'System.Text.Json' appeared previously in this namespace [D:\xbytechat\xbytechat-api\xbytechat-api\xbytechat.api.csproj]
D:\xbytechat\xbytechat-api\xbytechat-api\Features\AccountInsights\Services\AccountInsightsService.cs(507,23): warning CS8625: Cannot convert null literal to non-nullable reference type. [D:\xbytechat\xbytechat-api\xbytechat-api\xbytechat.api.csproj]
D:\xbytechat\xbytechat-api\xbytechat-api\Features\AccountInsights\Services\IAccountInsightsService.cs(33,92): warning CS8625: Cannot convert null literal to non-nullable reference type. [D:\xbytechat\xbytechat-api\xbytechat-api\xbytechat.api.csproj]
D:\xbytechat\xbytechat-api\xbytechat-api\Shared\TrackingUtils\TrackingUrlBuilder.cs(16,35): warning CS8625: Cannot convert null literal to non-nullable reference type. [D:\xbytechat\xbytechat-api\xbytechat-api\xbytechat.api.csproj]
D:\xbytechat\xbytechat-api\xbytechat-api\Shared\TrackingUtils\TrackingUrlBuilder.cs(17,32): warning CS8625: Cannot convert null literal to non-nullable reference type. [D:\xbytechat\xbytechat-api\xbytechat-api\xbytechat.api.csproj]
D:\xbytechat\xbytechat-api\xbytechat-api\Shared\TrackingUtils\TrackingUrlBuilder.cs(18,31): warning CS8625: Cannot convert null literal to non-nullable reference type. [D:\xbytechat\xbytechat-api\xbytechat-api\xbytechat.api.csproj]
D:\xbytechat\xbytechat-api\xbytechat-api\Features\MessagesEngine\DTOs\TemplateForUIResponseDto.cs(5,19): warning CS8618: Non-nullable property 'Name' must contain a non-null value when exiting constructor. Consider declaring the property as nullable. [D:\xbytechat\xbytechat-api\xbytechat-api\xbytechat.api.csproj]
D:\xbytechat\xbytechat-api\xbytechat-api\Features\MessagesEngine\DTOs\TemplateForUIResponseDto.cs(6,19): warning CS8618: Non-nullable property 'Language' must contain a non-null value when exiting constructor. Consider declaring the property as nullable. [D:\xbytechat\xbytechat-api\xbytechat-api\xbytechat.api.csproj]
D:\xbytechat\xbytechat-api\xbytechat-api\Features\MessagesEngine\DTOs\TemplateForUIResponseDto.cs(7,19): warning CS8618: Non-nullable property 'Body' must contain a non-null value when exiting constructor. Consider declaring the property as nullable. [D:\xbytechat\xbytechat-api\xbytechat-api\xbytechat.api.csproj]
D:\xbytechat\xbytechat-api\xbytechat-api\Features\MessagesEngine\DTOs\TemplateForUIResponseDto.cs(12,36): warning CS8618: Non-nullable property 'ButtonParams' must contain a non-null value when exiting constructor. Consider declaring the property as nullable. [D:\xbytechat\xbytechat-api\xbytechat-api\xbytechat.api.csproj]
D:\xbytechat\xbytechat-api\xbytechat-api\Features\MessagesEngine\DTOs\ImageTemplateMessageDto.cs(7,19): warning CS8618: Non-nullable property 'RecipientNumber' must contain a non-null value when exiting constructor. Consider declaring the property as nullable. [D:\xbytechat\xbytechat-api\xbytechat-api\xbytechat.api.csproj]
D:\xbytechat\xbytechat-api\xbytechat-api\Features\MessagesEngine\DTOs\ImageTemplateMessageDto.cs(8,19): warning CS8618: Non-nullable property 'TemplateName' must contain a non-null value when exiting constructor. Consider declaring the property as nullable. [D:\xbytechat\xbytechat-api\xbytechat-api\xbytechat.api.csproj]
D:\xbytechat\xbytechat-api\xbytechat-api\Features\MessagesEngine\DTOs\ImageTemplateMessageDto.cs(10,19): warning CS8618: Non-nullable property 'HeaderImageUrl' must contain a non-null value when exiting constructor. Consider declaring the property as nullable. [D:\xbytechat\xbytechat-api\xbytechat-api\xbytechat.api.csproj]
D:\xbytechat\xbytechat-api\xbytechat-api\Features\CRM\Models\ContactTag.cs(12,20): warning CS8618: Non-nullable property 'Contact' must contain a non-null value when exiting constructor. Consider declaring the property as nullable. [D:\xbytechat\xbytechat-api\xbytechat-api\xbytechat.api.csproj]
D:\xbytechat\xbytechat-api\xbytechat-api\Features\CRM\Models\ContactTag.cs(17,16): warning CS8618: Non-nullable property 'Tag' must contain a non-null value when exiting constructor. Consider declaring the property as nullable. [D:\xbytechat\xbytechat-api\xbytechat-api\xbytechat.api.csproj]
D:\xbytechat\xbytechat-api\xbytechat-api\Models\MessagesModel\MessageLog.cs(17,21): warning CS8618: Non-nullable property 'Business' must contain a non-null value when exiting constructor. Consider declaring the property as nullable. [D:\xbytechat\xbytechat-api\xbytechat-api\xbytechat.api.csproj]
D:\xbytechat\xbytechat-api\xbytechat-api\Models\MessagesModel\MessageLog.cs(20,19): warning CS8618: Non-nullable property 'RecipientNumber' must contain a non-null value when exiting constructor. Consider declaring the property as nullable. [D:\xbytechat\xbytechat-api\xbytechat-api\xbytechat.api.csproj]
D:\xbytechat\xbytechat-api\xbytechat-api\Models\MessagesModel\MessageLog.cs(21,19): warning CS8618: Non-nullable property 'MessageContent' must contain a non-null value when exiting constructor. Consider declaring the property as nullable. [D:\xbytechat\xbytechat-api\xbytechat-api\xbytechat.api.csproj]
D:\xbytechat\xbytechat-api\xbytechat-api\DTOs\Messages\BaseMessageDto.cs(13,23): warning CS8618: Non-nullable property 'RecipientNumber' must contain a non-null value when exiting constructor. Consider declaring the property as nullable. [D:\xbytechat\xbytechat-api\xbytechat-api\xbytechat.api.csproj]
D:\xbytechat\xbytechat-api\xbytechat-api\DTOs\Messages\TemplateMessageDto.cs(16,43): warning CS8618: Non-nullable property 'TemplateParameters' must contain a non-null value when exiting constructor. Consider declaring the property as nullable. [D:\xbytechat\xbytechat-api\xbytechat-api\xbytechat.api.csproj]
D:\xbytechat\xbytechat-api\xbytechat-api\AuthModule\Services\JwtTokenService.cs(147,44): warning CS8604: Possible null reference argument for parameter 's' in 'byte[] Encoding.GetBytes(string s)'. [D:\xbytechat\xbytechat-api\xbytechat-api\xbytechat.api.csproj]
D:\xbytechat\xbytechat-api\xbytechat-api\AuthModule\DTOs\UserLoginDto.cs(9,23): warning CS8618: Non-nullable property 'Email' must contain a non-null value when exiting constructor. Consider declaring the property as nullable. [D:\xbytechat\xbytechat-api\xbytechat-api\xbytechat.api.csproj]
D:\xbytechat\xbytechat-api\xbytechat-api\AuthModule\DTOs\UserLoginDto.cs(12,23): warning CS8618: Non-nullable property 'Password' must contain a non-null value when exiting constructor. Consider declaring the property as nullable. [D:\xbytechat\xbytechat-api\xbytechat-api\xbytechat.api.csproj]
D:\xbytechat\xbytechat-api\xbytechat-api\Features\Billing\Controllers\WhatsAppPinnacleWebhookController.cs(33,74): warning CS8604: Possible null reference argument for parameter 'payloadJson' in 'Task IBillingIngestService.IngestFromWebhookAsync(Guid businessId, string provider, string payloadJson)'. [D:\xbytechat\xbytechat-api\xbytechat-api\xbytechat.api.csproj]
D:\xbytechat\xbytechat-api\xbytechat-api\AuthModule\DTOs\UserDto.cs(6,23): warning CS8618: Non-nullable property 'Name' must contain a non-null value when exiting constructor. Consider declaring the property as nullable. [D:\xbytechat\xbytechat-api\xbytechat-api\xbytechat.api.csproj]
D:\xbytechat\xbytechat-api\xbytechat-api\AuthModule\DTOs\UserDto.cs(7,23): warning CS8618: Non-nullable property 'Email' must contain a non-null value when exiting constructor. Consider declaring the property as nullable. [D:\xbytechat\xbytechat-api\xbytechat-api\xbytechat.api.csproj]
D:\xbytechat\xbytechat-api\xbytechat-api\AuthModule\DTOs\UserDto.cs(8,23): warning CS8618: Non-nullable property 'Role' must contain a non-null value when exiting constructor. Consider declaring the property as nullable. [D:\xbytechat\xbytechat-api\xbytechat-api\xbytechat.api.csproj]
D:\xbytechat\xbytechat-api\xbytechat-api\AuthModule\DTOs\UserDto.cs(9,23): warning CS8618: Non-nullable property 'Status' must contain a non-null value when exiting constructor. Consider declaring the property as nullable. [D:\xbytechat\xbytechat-api\xbytechat-api\xbytechat.api.csproj]
D:\xbytechat\xbytechat-api\xbytechat-api\AuthModule\DTOs\UserDto.cs(14,23): warning CS8618: Non-nullable property 'CompanyName' must contain a non-null value when exiting constructor. Consider declaring the property as nullable. [D:\xbytechat\xbytechat-api\xbytechat-api\xbytechat.api.csproj]
D:\xbytechat\xbytechat-api\xbytechat-api\AuthModule\DTOs\UserDto.cs(15,23): warning CS8618: Non-nullable property 'Plan' must contain a non-null value when exiting constructor. Consider declaring the property as nullable. [D:\xbytechat\xbytechat-api\xbytechat-api\xbytechat.api.csproj]
D:\xbytechat\xbytechat-api\xbytechat-api\AuthModule\DTOs\UserDto.cs(16,23): warning CS8618: Non-nullable property 'AccessToken' must contain a non-null value when exiting constructor. Consider declaring the property as nullable. [D:\xbytechat\xbytechat-api\xbytechat-api\xbytechat.api.csproj]
D:\xbytechat\xbytechat-api\xbytechat-api\AuthModule\DTOs\ResetPasswordDto.cs(9,23): warning CS8618: Non-nullable property 'Email' must contain a non-null value when exiting constructor. Consider declaring the property as nullable. [D:\xbytechat\xbytechat-api\xbytechat-api\xbytechat.api.csproj]
D:\xbytechat\xbytechat-api\xbytechat-api\AuthModule\DTOs\ResetPasswordDto.cs(13,23): warning CS8618: Non-nullable property 'NewPassword' must contain a non-null value when exiting constructor. Consider declaring the property as nullable. [D:\xbytechat\xbytechat-api\xbytechat-api\xbytechat.api.csproj]
D:\xbytechat\xbytechat-api\xbytechat-api\AuthModule\DTOs\ResendConfirmationDto.cs(9,23): warning CS8618: Non-nullable property 'Email' must contain a non-null value when exiting constructor. Consider declaring the property as nullable. [D:\xbytechat\xbytechat-api\xbytechat-api\xbytechat.api.csproj]
D:\xbytechat\xbytechat-api\xbytechat-api\AuthModule\DTOs\RefreshTokenRequest.cs(5,23): warning CS8618: Non-nullable property 'RefreshToken' must contain a non-null value when exiting constructor. Consider declaring the property as nullable. [D:\xbytechat\xbytechat-api\xbytechat-api\xbytechat.api.csproj]
D:\xbytechat\xbytechat-api\xbytechat-api\AuthModule\Services\AuthService.cs(166,24): warning CS8601: Possible null reference assignment. [D:\xbytechat\xbytechat-api\xbytechat-api\xbytechat.api.csproj]
D:\xbytechat\xbytechat-api\xbytechat-api\AuthModule\Services\AuthService.cs(167,25): warning CS8601: Possible null reference assignment. [D:\xbytechat\xbytechat-api\xbytechat-api\xbytechat.api.csproj]
D:\xbytechat\xbytechat-api\xbytechat-api\AuthModule\Services\AuthService.cs(169,26): warning CS8601: Possible null reference assignment. [D:\xbytechat\xbytechat-api\xbytechat-api\xbytechat.api.csproj]
D:\xbytechat\xbytechat-api\xbytechat-api\AuthModule\Services\AuthService.cs(177,31): warning CS8625: Cannot convert null literal to non-nullable reference type. [D:\xbytechat\xbytechat-api\xbytechat-api\xbytechat.api.csproj]
D:\xbytechat\xbytechat-api\xbytechat-api\Features\PlanManagement\Models\BusinessPlanInfo.cs(19,25): warning CS8618: Non-nullable property 'Business' must contain a non-null value when exiting constructor. Consider declaring the property as nullable. [D:\xbytechat\xbytechat-api\xbytechat-api\xbytechat.api.csproj]
D:\xbytechat\xbytechat-api\xbytechat-api\AuthModule\Models\User.cs(17,25): warning CS8618: Non-nullable property 'Business' must contain a non-null value when exiting constructor. Consider declaring the property as nullable. [D:\xbytechat\xbytechat-api\xbytechat-api\xbytechat.api.csproj]
D:\xbytechat\xbytechat-api\xbytechat-api\AuthModule\Models\User.cs(21,23): warning CS8618: Non-nullable property 'Name' must contain a non-null value when exiting constructor. Consider declaring the property as nullable. [D:\xbytechat\xbytechat-api\xbytechat-api\xbytechat.api.csproj]
D:\xbytechat\xbytechat-api\xbytechat-api\AuthModule\Models\User.cs(25,23): warning CS8618: Non-nullable property 'Email' must contain a non-null value when exiting constructor. Consider declaring the property as nullable. [D:\xbytechat\xbytechat-api\xbytechat-api\xbytechat.api.csproj]
D:\xbytechat\xbytechat-api\xbytechat-api\AuthModule\Models\User.cs(28,23): warning CS8618: Non-nullable property 'PasswordHash' must contain a non-null value when exiting constructor. Consider declaring the property as nullable. [D:\xbytechat\xbytechat-api\xbytechat-api\xbytechat.api.csproj]
D:\xbytechat\xbytechat-api\xbytechat-api\AuthModule\Models\User.cs(33,21): warning CS8618: Non-nullable property 'Role' must contain a non-null value when exiting constructor. Consider declaring the property as nullable. [D:\xbytechat\xbytechat-api\xbytechat-api\xbytechat.api.csproj]
D:\xbytechat\xbytechat-api\xbytechat-api\AuthModule\Models\User.cs(44,38): warning CS8618: Non-nullable property 'SendLogs' must contain a non-null value when exiting constructor. Consider declaring the property as nullable. [D:\xbytechat\xbytechat-api\xbytechat-api\xbytechat.api.csproj]
D:\xbytechat\xbytechat-api\xbytechat-api\AuthModule\Models\User.cs(45,46): warning CS8618: Non-nullable property 'MessageStatusLogs' must contain a non-null value when exiting constructor. Consider declaring the property as nullable. [D:\xbytechat\xbytechat-api\xbytechat-api\xbytechat.api.csproj]
D:\xbytechat\xbytechat-api\xbytechat-api\AuthModule\Models\User.cs(48,44): warning CS8618: Non-nullable property 'UserPermissions' must contain a non-null value when exiting constructor. Consider declaring the property as nullable. [D:\xbytechat\xbytechat-api\xbytechat-api\xbytechat.api.csproj]
D:\xbytechat\xbytechat-api\xbytechat-api\WhatsAppSettings\Services\WhatsAppTemplateFetcherService.cs(82,42): warning CS8600: Converting null literal or possible null value to non-nullable type. [D:\xbytechat\xbytechat-api\xbytechat-api\xbytechat.api.csproj]
D:\xbytechat\xbytechat-api\xbytechat-api\WhatsAppSettings\Services\WhatsAppTemplateFetcherService.cs(141,42): warning CS8600: Converting null literal or possible null value to non-nullable type. [D:\xbytechat\xbytechat-api\xbytechat-api\xbytechat.api.csproj]
D:\xbytechat\xbytechat-api\xbytechat-api\WhatsAppSettings\Services\WhatsAppTemplateFetcherService.cs(184,39): warning CS8600: Converting null literal or possible null value to non-nullable type. [D:\xbytechat\xbytechat-api\xbytechat-api\xbytechat.api.csproj]
D:\xbytechat\xbytechat-api\xbytechat-api\WhatsAppSettings\Services\WhatsAppTemplateFetcherService.cs(244,28): warning CS8601: Possible null reference assignment. [D:\xbytechat\xbytechat-api\xbytechat-api\xbytechat.api.csproj]
D:\xbytechat\xbytechat-api\xbytechat-api\Middlewares\RequirePermissionAttribute.cs(23,18): warning CS8602: Dereference of a possibly null reference. [D:\xbytechat\xbytechat-api\xbytechat-api\xbytechat.api.csproj]
D:\xbytechat\xbytechat-api\xbytechat-api\WhatsAppSettings\Controllers\WhatsAppTemplateFetcherController.cs(59,41): warning CS8604: Possible null reference argument for parameter 'input' in 'Guid Guid.Parse(string input)'. [D:\xbytechat\xbytechat-api\xbytechat-api\xbytechat.api.csproj]
D:\xbytechat\xbytechat-api\xbytechat-api\WhatsAppSettings\Services\WhatsAppTemplateFetcherService.cs(258,24): warning CS8602: Dereference of a possibly null reference. [D:\xbytechat\xbytechat-api\xbytechat-api\xbytechat.api.csproj]
D:\xbytechat\xbytechat-api\xbytechat-api\WhatsAppSettings\Services\WhatsAppTemplateFetcherService.cs(388,30): warning CS8600: Converting null literal or possible null value to non-nullable type. [D:\xbytechat\xbytechat-api\xbytechat-api\xbytechat.api.csproj]
D:\xbytechat\xbytechat-api\xbytechat-api\WhatsAppSettings\Services\WhatsAppTemplateFetcherService.cs(390,33): warning CS8602: Dereference of a possibly null reference. [D:\xbytechat\xbytechat-api\xbytechat-api\xbytechat.api.csproj]
D:\xbytechat\xbytechat-api\xbytechat-api\WhatsAppSettings\Services\WhatsAppTemplateFetcherService.cs(404,30): warning CS8600: Converting null literal or possible null value to non-nullable type. [D:\xbytechat\xbytechat-api\xbytechat-api\xbytechat.api.csproj]
D:\xbytechat\xbytechat-api\xbytechat-api\WhatsAppSettings\Controllers\WhatsAppSettingsController.cs(191,28): warning CS8601: Possible null reference assignment. [D:\xbytechat\xbytechat-api\xbytechat-api\xbytechat.api.csproj]
D:\xbytechat\xbytechat-api\xbytechat-api\WhatsAppSettings\Services\WhatsAppTemplateFetcherService.cs(427,31): warning CS8600: Converting null literal or possible null value to non-nullable type. [D:\xbytechat\xbytechat-api\xbytechat-api\xbytechat.api.csproj]
D:\xbytechat\xbytechat-api\xbytechat-api\WhatsAppSettings\Services\WhatsAppTemplateFetcherService.cs(478,24): warning CS8601: Possible null reference assignment. [D:\xbytechat\xbytechat-api\xbytechat-api\xbytechat.api.csproj]
D:\xbytechat\xbytechat-api\xbytechat-api\AuthModule\Services\AuthService.cs(407,43): warning CS8602: Dereference of a possibly null reference. [D:\xbytechat\xbytechat-api\xbytechat-api\xbytechat.api.csproj]
D:\xbytechat\xbytechat-api\xbytechat-api\AuthModule\Services\AuthService.cs(475,20): warning CS8619: Nullability of reference types in value of type '(List<string>, List<string?>)' doesn't match target type '(List<string> Perms, List<string> Features)'. [D:\xbytechat\xbytechat-api\xbytechat-api\xbytechat.api.csproj]
D:\xbytechat\xbytechat-api\xbytechat-api\WhatsAppSettings\Services\TemplateSyncService.cs(426,60): warning CS8604: Possible null reference argument for parameter 'rawJson' in 'TemplateSummaryDto TemplateJsonHelper.SummarizeDetailed(string rawJson, string? bodyFallback = null)'. [D:\xbytechat\xbytechat-api\xbytechat-api\xbytechat.api.csproj]
D:\xbytechat\xbytechat-api\xbytechat-api\WhatsAppSettings\Providers\PinnacleTemplateCatalogProvider.cs(172,55): warning CS8602: Dereference of a possibly null reference. [D:\xbytechat\xbytechat-api\xbytechat-api\xbytechat.api.csproj]
D:\xbytechat\xbytechat-api\xbytechat-api\WhatsAppSettings\Providers\MetaTemplateCatalogProvider.cs(44,34): warning CS8600: Converting null literal or possible null value to non-nullable type. [D:\xbytechat\xbytechat-api\xbytechat-api\xbytechat.api.csproj]
D:\xbytechat\xbytechat-api\xbytechat-api\WhatsAppSettings\Providers\MetaTemplateCatalogProvider.cs(45,37): warning CS8602: Dereference of a possibly null reference. [D:\xbytechat\xbytechat-api\xbytechat-api\xbytechat.api.csproj]
D:\xbytechat\xbytechat-api\xbytechat-api\Program.cs(831,40): warning CS8604: Possible null reference argument for parameter 'hostNameOrAddress' in 'IPAddress[] Dns.GetHostAddresses(string hostNameOrAddress)'. [D:\xbytechat\xbytechat-api\xbytechat-api\xbytechat.api.csproj]
D:\xbytechat\xbytechat-api\xbytechat-api\WhatsAppSettings\Models\WhatsAppSettingEntity.cs(18,23): warning CS8618: Non-nullable property 'Provider' must contain a non-null value when exiting constructor. Consider declaring the property as nullable. [D:\xbytechat\xbytechat-api\xbytechat-api\xbytechat.api.csproj]
D:\xbytechat\xbytechat-api\xbytechat-api\WhatsAppSettings\Models\WhatsAppSettingEntity.cs(22,23): warning CS8618: Non-nullable property 'ApiUrl' must contain a non-null value when exiting constructor. Consider declaring the property as nullable. [D:\xbytechat\xbytechat-api\xbytechat-api\xbytechat.api.csproj]
D:\xbytechat\xbytechat-api\xbytechat-api\WhatsAppSettings\Models\WhatsAppSettingEntity.cs(25,23): warning CS8618: Non-nullable property 'ApiKey' must contain a non-null value when exiting constructor. Consider declaring the property as nullable. [D:\xbytechat\xbytechat-api\xbytechat-api\xbytechat.api.csproj]
D:\xbytechat\xbytechat-api\xbytechat-api\WhatsAppSettings\Helpers\TemplateJsonHelper.cs(176,35): warning CS8601: Possible null reference assignment. [D:\xbytechat\xbytechat-api\xbytechat-api\xbytechat.api.csproj]
D:\xbytechat\xbytechat-api\xbytechat-api\PayloadBuilders\ImageMessagePayloadBuilder.cs(17,22): warning CS8602: Dereference of a possibly null reference. [D:\xbytechat\xbytechat-api\xbytechat-api\xbytechat.api.csproj]
D:\xbytechat\xbytechat-api\xbytechat-api\WhatsAppSettings\Services\WhatsAppSettingsService.cs(174,37): warning CS8603: Possible null reference return. [D:\xbytechat\xbytechat-api\xbytechat-api\xbytechat.api.csproj]
D:\xbytechat\xbytechat-api\xbytechat-api\WhatsAppSettings\DTOs\ButtonMetadataDto.cs(5,23): warning CS8618: Non-nullable property 'Type' must contain a non-null value when exiting constructor. Consider declaring the property as nullable. [D:\xbytechat\xbytechat-api\xbytechat-api\xbytechat.api.csproj]
D:\xbytechat\xbytechat-api\xbytechat-api\WhatsAppSettings\DTOs\ButtonMetadataDto.cs(6,23): warning CS8618: Non-nullable property 'Text' must contain a non-null value when exiting constructor. Consider declaring the property as nullable. [D:\xbytechat\xbytechat-api\xbytechat-api\xbytechat.api.csproj]
D:\xbytechat\xbytechat-api\xbytechat-api\WhatsAppSettings\DTOs\ButtonMetadataDto.cs(7,23): warning CS8618: Non-nullable property 'SubType' must contain a non-null value when exiting constructor. Consider declaring the property as nullable. [D:\xbytechat\xbytechat-api\xbytechat-api\xbytechat.api.csproj]
D:\xbytechat\xbytechat-api\xbytechat-api\Features\AccessControl\Services\PlanService.cs(36,35): warning CS8601: Possible null reference assignment. [D:\xbytechat\xbytechat-api\xbytechat-api\xbytechat.api.csproj]
D:\xbytechat\xbytechat-api\xbytechat-api\Features\AccessControl\Services\PlanService.cs(66,35): warning CS8601: Possible null reference assignment. [D:\xbytechat\xbytechat-api\xbytechat-api\xbytechat.api.csproj]
D:\xbytechat\xbytechat-api\xbytechat-api\Features\AccessControl\DTOs\UpdatePlanDto.cs(5,23): warning CS8618: Non-nullable property 'Name' must contain a non-null value when exiting constructor. Consider declaring the property as nullable. [D:\xbytechat\xbytechat-api\xbytechat-api\xbytechat.api.csproj]
D:\xbytechat\xbytechat-api\xbytechat-api\Features\AccessControl\DTOs\UpdatePlanDto.cs(6,23): warning CS8618: Non-nullable property 'Code' must contain a non-null value when exiting constructor. Consider declaring the property as nullable. [D:\xbytechat\xbytechat-api\xbytechat-api\xbytechat.api.csproj]
D:\xbytechat\xbytechat-api\xbytechat-api\Features\AccessControl\DTOs\UpdatePlanDto.cs(7,23): warning CS8618: Non-nullable property 'Description' must contain a non-null value when exiting constructor. Consider declaring the property as nullable. [D:\xbytechat\xbytechat-api\xbytechat-api\xbytechat.api.csproj]
D:\xbytechat\xbytechat-api\xbytechat-api\Features\AccessControl\DTOs\CreatePlanDto.cs(7,23): warning CS8618: Non-nullable property 'Code' must contain a non-null value when exiting constructor. Consider declaring the property as nullable. [D:\xbytechat\xbytechat-api\xbytechat-api\xbytechat.api.csproj]
D:\xbytechat\xbytechat-api\xbytechat-api\Features\AccessControl\DTOs\CreatePlanDto.cs(8,23): warning CS8618: Non-nullable property 'Name' must contain a non-null value when exiting constructor. Consider declaring the property as nullable. [D:\xbytechat\xbytechat-api\xbytechat-api\xbytechat.api.csproj]
D:\xbytechat\xbytechat-api\xbytechat-api\Features\AccessControl\DTOs\GroupedPermissionDto.cs(7,23): warning CS8618: Non-nullable property 'Group' must contain a non-null value when exiting constructor. Consider declaring the property as nullable. [D:\xbytechat\xbytechat-api\xbytechat-api\xbytechat.api.csproj]
D:\xbytechat\xbytechat-api\xbytechat-api\Features\AccessControl\DTOs\GroupedPermissionDto.cs(8,33): warning CS8618: Non-nullable property 'Features' must contain a non-null value when exiting constructor. Consider declaring the property as nullable. [D:\xbytechat\xbytechat-api\xbytechat-api\xbytechat.api.csproj]
D:\xbytechat\xbytechat-api\xbytechat-api\Features\AccessControl\DTOs\PermissionDto.cs(6,23): warning CS8618: Non-nullable property 'Code' must contain a non-null value when exiting constructor. Consider declaring the property as nullable. [D:\xbytechat\xbytechat-api\xbytechat-api\xbytechat.api.csproj]
D:\xbytechat\xbytechat-api\xbytechat-api\Features\AccessControl\DTOs\PermissionDto.cs(7,23): warning CS8618: Non-nullable property 'Name' must contain a non-null value when exiting constructor. Consider declaring the property as nullable. [D:\xbytechat\xbytechat-api\xbytechat-api\xbytechat.api.csproj]
D:\xbytechat\xbytechat-api\xbytechat-api\Features\AccessControl\DTOs\PlanDto.cs(6,23): warning CS8618: Non-nullable property 'Code' must contain a non-null value when exiting constructor. Consider declaring the property as nullable. [D:\xbytechat\xbytechat-api\xbytechat-api\xbytechat.api.csproj]
D:\xbytechat\xbytechat-api\xbytechat-api\Features\AccessControl\DTOs\PlanDto.cs(7,23): warning CS8618: Non-nullable property 'Name' must contain a non-null value when exiting constructor. Consider declaring the property as nullable. [D:\xbytechat\xbytechat-api\xbytechat-api\xbytechat.api.csproj]
D:\xbytechat\xbytechat-api\xbytechat-api\Features\AccessControl\DTOs\PlanDto.cs(8,23): warning CS8618: Non-nullable property 'Description' must contain a non-null value when exiting constructor. Consider declaring the property as nullable. [D:\xbytechat\xbytechat-api\xbytechat-api\xbytechat.api.csproj]
D:\xbytechat\xbytechat-api\xbytechat-api\Features\AccessControl\Models\UserPermission.cs(11,21): warning CS8618: Non-nullable property 'User' must contain a non-null value when exiting constructor. Consider declaring the property as nullable. [D:\xbytechat\xbytechat-api\xbytechat-api\xbytechat.api.csproj]
D:\xbytechat\xbytechat-api\xbytechat-api\Features\AccessControl\Models\UserPermission.cs(14,27): warning CS8618: Non-nullable property 'Permission' must contain a non-null value when exiting constructor. Consider declaring the property as nullable. [D:\xbytechat\xbytechat-api\xbytechat-api\xbytechat.api.csproj]
D:\xbytechat\xbytechat-api\xbytechat-api\Features\AccessControl\Models\RolePermission.cs(10,21): warning CS8618: Non-nullable property 'Role' must contain a non-null value when exiting constructor. Consider declaring the property as nullable. [D:\xbytechat\xbytechat-api\xbytechat-api\xbytechat.api.csproj]
D:\xbytechat\xbytechat-api\xbytechat-api\Features\AccessControl\Models\RolePermission.cs(13,27): warning CS8618: Non-nullable property 'Permission' must contain a non-null value when exiting constructor. Consider declaring the property as nullable. [D:\xbytechat\xbytechat-api\xbytechat-api\xbytechat.api.csproj]
D:\xbytechat\xbytechat-api\xbytechat-api\Features\AccessControl\Models\Role.cs(12,23): warning CS8618: Non-nullable property 'Name' must contain a non-null value when exiting constructor. Consider declaring the property as nullable. [D:\xbytechat\xbytechat-api\xbytechat-api\xbytechat.api.csproj]
D:\xbytechat\xbytechat-api\xbytechat-api\Features\AccessControl\Models\Role.cs(25,44): warning CS8618: Non-nullable property 'RolePermissions' must contain a non-null value when exiting constructor. Consider declaring the property as nullable. [D:\xbytechat\xbytechat-api\xbytechat-api\xbytechat.api.csproj]
D:\xbytechat\xbytechat-api\xbytechat-api\Features\AccessControl\Models\Role.cs(26,34): warning CS8618: Non-nullable property 'Users' must contain a non-null value when exiting constructor. Consider declaring the property as nullable. [D:\xbytechat\xbytechat-api\xbytechat-api\xbytechat.api.csproj]
D:\xbytechat\xbytechat-api\xbytechat-api\WhatsAppSettings\Controllers\TemplatesController.cs(258,36): warning CS8602: Dereference of a possibly null reference. [D:\xbytechat\xbytechat-api\xbytechat-api\xbytechat.api.csproj]
D:\xbytechat\xbytechat-api\xbytechat-api\Features\AccessControl\Models\PlanPermission.cs(10,21): warning CS8618: Non-nullable property 'Plan' must contain a non-null value when exiting constructor. Consider declaring the property as nullable. [D:\xbytechat\xbytechat-api\xbytechat-api\xbytechat.api.csproj]
D:\xbytechat\xbytechat-api\xbytechat-api\Features\AccessControl\Models\PlanPermission.cs(13,27): warning CS8618: Non-nullable property 'Permission' must contain a non-null value when exiting constructor. Consider declaring the property as nullable. [D:\xbytechat\xbytechat-api\xbytechat-api\xbytechat.api.csproj]
D:\xbytechat\xbytechat-api\xbytechat-api\Features\AccessControl\Models\Plan.cs(11,23): warning CS8618: Non-nullable property 'Code' must contain a non-null value when exiting constructor. Consider declaring the property as nullable. [D:\xbytechat\xbytechat-api\xbytechat-api\xbytechat.api.csproj]
D:\xbytechat\xbytechat-api\xbytechat-api\Features\AccessControl\Models\Plan.cs(12,23): warning CS8618: Non-nullable property 'Name' must contain a non-null value when exiting constructor. Consider declaring the property as nullable. [D:\xbytechat\xbytechat-api\xbytechat-api\xbytechat.api.csproj]
D:\xbytechat\xbytechat-api\xbytechat-api\Features\AccessControl\Models\Plan.cs(21,44): warning CS8618: Non-nullable property 'PlanPermissions' must contain a non-null value when exiting constructor. Consider declaring the property as nullable. [D:\xbytechat\xbytechat-api\xbytechat-api\xbytechat.api.csproj]
D:\xbytechat\xbytechat-api\xbytechat-api\Features\AccessControl\Models\Permission.cs(10,23): warning CS8618: Non-nullable property 'Code' must contain a non-null value when exiting constructor. Consider declaring the property as nullable. [D:\xbytechat\xbytechat-api\xbytechat-api\xbytechat.api.csproj]
D:\xbytechat\xbytechat-api\xbytechat-api\Features\AccessControl\Models\Permission.cs(12,23): warning CS8618: Non-nullable property 'Name' must contain a non-null value when exiting constructor. Consider declaring the property as nullable. [D:\xbytechat\xbytechat-api\xbytechat-api\xbytechat.api.csproj]
D:\xbytechat\xbytechat-api\xbytechat-api\Features\AccessControl\Models\Permission.cs(22,44): warning CS8618: Non-nullable property 'RolePermissions' must contain a non-null value when exiting constructor. Consider declaring the property as nullable. [D:\xbytechat\xbytechat-api\xbytechat-api\xbytechat.api.csproj]
D:\xbytechat\xbytechat-api\xbytechat-api\Features\AccessControl\Models\Permission.cs(24,44): warning CS8618: Non-nullable property 'UserPermissions' must contain a non-null value when exiting constructor. Consider declaring the property as nullable. [D:\xbytechat\xbytechat-api\xbytechat-api\xbytechat.api.csproj]
D:\xbytechat\xbytechat-api\xbytechat-api\Features\AccessControl\Models\Permission.cs(26,44): warning CS8618: Non-nullable property 'PlanPermissions' must contain a non-null value when exiting constructor. Consider declaring the property as nullable. [D:\xbytechat\xbytechat-api\xbytechat-api\xbytechat.api.csproj]
D:\xbytechat\xbytechat-api\xbytechat-api\Features\AccessControl\Services\PermissionCacheService.cs(34,50): warning CS8600: Converting null literal or possible null value to non-nullable type. [D:\xbytechat\xbytechat-api\xbytechat-api\xbytechat.api.csproj]
D:\xbytechat\xbytechat-api\xbytechat-api\Features\AccessControl\Services\PermissionCacheService.cs(35,24): warning CS8603: Possible null reference return. [D:\xbytechat\xbytechat-api\xbytechat-api\xbytechat.api.csproj]
D:\xbytechat\xbytechat-api\xbytechat-api\Services\WhatsAppService.cs(19,30): warning CS8601: Possible null reference assignment. [D:\xbytechat\xbytechat-api\xbytechat-api\xbytechat.api.csproj]
D:\xbytechat\xbytechat-api\xbytechat-api\Services\WhatsAppService.cs(20,32): warning CS8601: Possible null reference assignment. [D:\xbytechat\xbytechat-api\xbytechat-api\xbytechat.api.csproj]
D:\xbytechat\xbytechat-api\xbytechat-api\Services\WhatsAppService.cs(15,16): warning CS8618: Non-nullable field '_whatsAppToken' must contain a non-null value when exiting constructor. Consider declaring the field as nullable. [D:\xbytechat\xbytechat-api\xbytechat-api\xbytechat.api.csproj]
D:\xbytechat\xbytechat-api\xbytechat-api\Services\WhatsAppService.cs(15,16): warning CS8618: Non-nullable field '_whatsAppPhoneId' must contain a non-null value when exiting constructor. Consider declaring the field as nullable. [D:\xbytechat\xbytechat-api\xbytechat-api\xbytechat.api.csproj]
D:\xbytechat\xbytechat-api\xbytechat-api\Services\MessageModule\Implementations\MessageService.cs(194,43): warning CS8600: Converting null literal or possible null value to non-nullable type. [D:\xbytechat\xbytechat-api\xbytechat-api\xbytechat.api.csproj]
D:\xbytechat\xbytechat-api\xbytechat-api\Features\AccountInsights\Models\AccountInsightsAction.cs(18,23): warning CS8618: Non-nullable property 'ActionType' must contain a non-null value when exiting constructor. Consider declaring the property as nullable. [D:\xbytechat\xbytechat-api\xbytechat-api\xbytechat.api.csproj]
D:\xbytechat\xbytechat-api\xbytechat-api\Features\AccountInsights\Models\AccountInsightsAction.cs(23,23): warning CS8618: Non-nullable property 'Label' must contain a non-null value when exiting constructor. Consider declaring the property as nullable. [D:\xbytechat\xbytechat-api\xbytechat-api\xbytechat.api.csproj]
D:\xbytechat\xbytechat-api\xbytechat-api\Features\AccountInsights\Models\AccountInsightsAction.cs(28,23): warning CS8618: Non-nullable property 'Actor' must contain a non-null value when exiting constructor. Consider declaring the property as nullable. [D:\xbytechat\xbytechat-api\xbytechat-api\xbytechat.api.csproj]
D:\xbytechat\xbytechat-api\xbytechat-api\Features\AccountInsights\Models\AccountInsightsAction.cs(34,23): warning CS8618: Non-nullable property 'MetaJson' must contain a non-null value when exiting constructor. Consider declaring the property as nullable. [D:\xbytechat\xbytechat-api\xbytechat-api\xbytechat.api.csproj]
D:\xbytechat\xbytechat-api\xbytechat-api\Features\AccountInsights\DTOs\AccountInsightsSnapshotDto.cs(10,23): warning CS8618: Non-nullable property 'BusinessName' must contain a non-null value when exiting constructor. Consider declaring the property as nullable. [D:\xbytechat\xbytechat-api\xbytechat-api\xbytechat.api.csproj]
D:\xbytechat\xbytechat-api\xbytechat-api\Features\AccountInsights\DTOs\AccountInsightsSnapshotDto.cs(11,23): warning CS8618: Non-nullable property 'BusinessEmail' must contain a non-null value when exiting constructor. Consider declaring the property as nullable. [D:\xbytechat\xbytechat-api\xbytechat-api\xbytechat.api.csproj]
D:\xbytechat\xbytechat-api\xbytechat-api\Features\AccountInsights\DTOs\AccountInsightsSnapshotDto.cs(14,23): warning CS8618: Non-nullable property 'Status' must contain a non-null value when exiting constructor. Consider declaring the property as nullable. [D:\xbytechat\xbytechat-api\xbytechat-api\xbytechat.api.csproj]
D:\xbytechat\xbytechat-api\xbytechat-api\Features\AccountInsights\DTOs\AccountInsightsActionDto.cs(10,23): warning CS8618: Non-nullable property 'Type' must contain a non-null value when exiting constructor. Consider declaring the property as nullable. [D:\xbytechat\xbytechat-api\xbytechat-api\xbytechat.api.csproj]
D:\xbytechat\xbytechat-api\xbytechat-api\Features\AccountInsights\DTOs\AccountInsightsActionDto.cs(11,23): warning CS8618: Non-nullable property 'Label' must contain a non-null value when exiting constructor. Consider declaring the property as nullable. [D:\xbytechat\xbytechat-api\xbytechat-api\xbytechat.api.csproj]
D:\xbytechat\xbytechat-api\xbytechat-api\Features\AccountInsights\DTOs\AccountInsightsActionDto.cs(12,23): warning CS8618: Non-nullable property 'Actor' must contain a non-null value when exiting constructor. Consider declaring the property as nullable. [D:\xbytechat\xbytechat-api\xbytechat-api\xbytechat.api.csproj]
D:\xbytechat\xbytechat-api\xbytechat-api\Features\AccountInsights\DTOs\AccountInsightsActionDto.cs(14,23): warning CS8618: Non-nullable property 'MetaJson' must contain a non-null value when exiting constructor. Consider declaring the property as nullable. [D:\xbytechat\xbytechat-api\xbytechat-api\xbytechat.api.csproj]
D:\xbytechat\xbytechat-api\xbytechat-api\Features\CampaignModule\Models\OutboundMessageJob.cs(18,23): warning CS8618: Non-nullable property 'LanguageCode' must contain a non-null value when exiting constructor. Consider declaring the property as nullable. [D:\xbytechat\xbytechat-api\xbytechat-api\xbytechat.api.csproj]
D:\xbytechat\xbytechat-api\xbytechat-api\Features\CampaignModule\SendEngine\Adapters\MetaCloudPayloadMapper.cs(34,31): warning CS8602: Dereference of a possibly null reference. [D:\xbytechat\xbytechat-api\xbytechat-api\xbytechat.api.csproj]
D:\xbytechat\xbytechat-api\xbytechat-api\Features\CampaignModule\Models\CampaignButton.cs(10,25): warning CS8618: Non-nullable property 'Campaign' must contain a non-null value when exiting constructor. Consider declaring the property as nullable. [D:\xbytechat\xbytechat-api\xbytechat-api\xbytechat.api.csproj]
D:\xbytechat\xbytechat-api\xbytechat-api\Features\CampaignModule\DTOs\CampaignRecipientDto.cs(10,23): warning CS8618: Non-nullable property 'ContactName' must contain a non-null value when exiting constructor. Consider declaring the property as nullable. [D:\xbytechat\xbytechat-api\xbytechat-api\xbytechat.api.csproj]
D:\xbytechat\xbytechat-api\xbytechat-api\Features\CampaignModule\DTOs\CampaignRecipientDto.cs(11,23): warning CS8618: Non-nullable property 'ContactPhone' must contain a non-null value when exiting constructor. Consider declaring the property as nullable. [D:\xbytechat\xbytechat-api\xbytechat-api\xbytechat.api.csproj]
D:\xbytechat\xbytechat-api\xbytechat-api\Features\CampaignModule\DTOs\CampaignRecipientDto.cs(13,23): warning CS8618: Non-nullable property 'Status' must contain a non-null value when exiting constructor. Consider declaring the property as nullable. [D:\xbytechat\xbytechat-api\xbytechat-api\xbytechat.api.csproj]
D:\xbytechat\xbytechat-api\xbytechat-api\Features\CampaignModule\SendEngine\Adapters\MetaCloudPayloadMapper.cs(155,25): warning CS8602: Dereference of a possibly null reference. [D:\xbytechat\xbytechat-api\xbytechat-api\xbytechat.api.csproj]
D:\xbytechat\xbytechat-api\xbytechat-api\Features\AuditTrail\DTOs\CreateAuditLogDto.cs(5,19): warning CS8618: Non-nullable property 'ActionType' must contain a non-null value when exiting constructor. Consider declaring the property as nullable. [D:\xbytechat\xbytechat-api\xbytechat-api\xbytechat.api.csproj]
D:\xbytechat\xbytechat-api\xbytechat-api\Features\AuditTrail\DTOs\CreateAuditLogDto.cs(6,19): warning CS8618: Non-nullable property 'Module' must contain a non-null value when exiting constructor. Consider declaring the property as nullable. [D:\xbytechat\xbytechat-api\xbytechat-api\xbytechat.api.csproj]
D:\xbytechat\xbytechat-api\xbytechat-api\Features\Webhooks\Services\Resolvers\MessageIdResolver.cs(35,21): warning CS8602: Dereference of a possibly null reference. [D:\xbytechat\xbytechat-api\xbytechat-api\xbytechat.api.csproj]
D:\xbytechat\xbytechat-api\xbytechat-api\Features\CampaignModule\Models\Campaign.cs(19,25): warning CS8618: Non-nullable property 'Business' must contain a non-null value when exiting constructor. Consider declaring the property as nullable. [D:\xbytechat\xbytechat-api\xbytechat-api\xbytechat.api.csproj]
D:\xbytechat\xbytechat-api\xbytechat-api\Features\CampaignModule\Models\Campaign.cs(24,23): warning CS8618: Non-nullable property 'Name' must contain a non-null value when exiting constructor. Consider declaring the property as nullable. [D:\xbytechat\xbytechat-api\xbytechat-api\xbytechat.api.csproj]
D:\xbytechat\xbytechat-api\xbytechat-api\Features\CampaignModule\Models\Campaign.cs(25,23): warning CS8618: Non-nullable property 'MessageTemplate' must contain a non-null value when exiting constructor. Consider declaring the property as nullable. [D:\xbytechat\xbytechat-api\xbytechat-api\xbytechat.api.csproj]
D:\xbytechat\xbytechat-api\xbytechat-api\Features\CampaignModule\Models\Campaign.cs(57,47): warning CS8618: Non-nullable property 'Recipients' must contain a non-null value when exiting constructor. Consider declaring the property as nullable. [D:\xbytechat\xbytechat-api\xbytechat-api\xbytechat.api.csproj]
D:\xbytechat\xbytechat-api\xbytechat-api\Features\CampaignModule\Models\Campaign.cs(61,46): warning CS8618: Non-nullable property 'MessageStatusLogs' must contain a non-null value when exiting constructor. Consider declaring the property as nullable. [D:\xbytechat\xbytechat-api\xbytechat-api\xbytechat.api.csproj]
D:\xbytechat\xbytechat-api\xbytechat-api\Features\CampaignModule\DTOs\CampaignDto.cs(11,23): warning CS8618: Non-nullable property 'Name' must contain a non-null value when exiting constructor. Consider declaring the property as nullable. [D:\xbytechat\xbytechat-api\xbytechat-api\xbytechat.api.csproj]
D:\xbytechat\xbytechat-api\xbytechat-api\Features\CampaignModule\DTOs\CampaignDto.cs(13,23): warning CS8618: Non-nullable property 'MessageTemplate' must contain a non-null value when exiting constructor. Consider declaring the property as nullable. [D:\xbytechat\xbytechat-api\xbytechat-api\xbytechat.api.csproj]
D:\xbytechat\xbytechat-api\xbytechat-api\Features\Audiences\Services\AudienceService.cs(123,31): warning CS8714: The type 'string?' cannot be used as type parameter 'TKey' in the generic type or method 'Enumerable.ToDictionary<TSource, TKey, TElement>(IEnumerable<TSource>, Func<TSource, TKey>, Func<TSource, TElement>)'. Nullability of type argument 'string?' doesn't match 'notnull' constraint. [D:\xbytechat\xbytechat-api\xbytechat-api\xbytechat.api.csproj]
D:\xbytechat\xbytechat-api\xbytechat-api\Features\Audiences\Services\AudienceService.cs(126,35): warning CS8621: Nullability of reference types in return type of 'lambda expression' doesn't match the target delegate 'Func<IGrouping<string?, AudienceMember>, string?>' (possibly because of nullability attributes). [D:\xbytechat\xbytechat-api\xbytechat-api\xbytechat.api.csproj]
D:\xbytechat\xbytechat-api\xbytechat-api\Features\CampaignModule\DTOs\AssignContactsDto.cs(5,27): warning CS8618: Non-nullable property 'ContactIds' must contain a non-null value when exiting constructor. Consider declaring the property as nullable. [D:\xbytechat\xbytechat-api\xbytechat-api\xbytechat.api.csproj]
D:\xbytechat\xbytechat-api\xbytechat-api\Data\AppDbContext.cs(1142,26): warning CS8603: Possible null reference return. [D:\xbytechat\xbytechat-api\xbytechat-api\xbytechat.api.csproj]
D:\xbytechat\xbytechat-api\xbytechat-api\Features\CampaignModule\DTOs\CampaignCreateDto.cs(11,23): warning CS8618: Non-nullable property 'Name' must contain a non-null value when exiting constructor. Consider declaring the property as nullable. [D:\xbytechat\xbytechat-api\xbytechat-api\xbytechat.api.csproj]
D:\xbytechat\xbytechat-api\xbytechat-api\Features\CampaignModule\DTOs\CampaignCreateDto.cs(14,23): warning CS8618: Non-nullable property 'MessageTemplate' must contain a non-null value when exiting constructor. Consider declaring the property as nullable. [D:\xbytechat\xbytechat-api\xbytechat-api\xbytechat.api.csproj]
D:\xbytechat\xbytechat-api\xbytechat-api\Features\CampaignModule\DTOs\CampaignCreateDto.cs(40,23): warning CS8618: Non-nullable property 'Provider' must contain a non-null value when exiting constructor. Consider declaring the property as nullable. [D:\xbytechat\xbytechat-api\xbytechat-api\xbytechat.api.csproj]
D:\xbytechat\xbytechat-api\xbytechat-api\Features\CampaignModule\DTOs\CampaignCreateDto.cs(41,23): warning CS8618: Non-nullable property 'PhoneNumberId' must contain a non-null value when exiting constructor. Consider declaring the property as nullable. [D:\xbytechat\xbytechat-api\xbytechat-api\xbytechat.api.csproj]
D:\xbytechat\xbytechat-api\xbytechat-api\Features\Automation\Config\ChoiceConfig.cs(11,23): warning CS8618: Non-nullable property 'Match' must contain a non-null value when exiting constructor. Consider declaring the property as nullable. [D:\xbytechat\xbytechat-api\xbytechat-api\xbytechat.api.csproj]
D:\xbytechat\xbytechat-api\xbytechat-api\Features\Automation\Config\ChoiceConfig.cs(12,23): warning CS8618: Non-nullable property 'NextNodeId' must contain a non-null value when exiting constructor. Consider declaring the property as nullable. [D:\xbytechat\xbytechat-api\xbytechat-api\xbytechat.api.csproj]
D:\xbytechat\xbytechat-api\xbytechat-api\Features\Automation\Config\ChoiceConfig.cs(6,23): warning CS8618: Non-nullable property 'FallbackNodeId' must contain a non-null value when exiting constructor. Consider declaring the property as nullable. [D:\xbytechat\xbytechat-api\xbytechat-api\xbytechat.api.csproj]
D:\xbytechat\xbytechat-api\xbytechat-api\Features\Automation\Services\AutomationRunner.cs(47,31): warning CS8604: Possible null reference argument for parameter 'source' in 'AutomationFlowNode? Enumerable.FirstOrDefault<AutomationFlowNode>(IEnumerable<AutomationFlowNode> source)'. [D:\xbytechat\xbytechat-api\xbytechat-api\xbytechat.api.csproj]
D:\xbytechat\xbytechat-api\xbytechat-api\Features\Automation\Services\AutomationRunner.cs(70,43): warning CS8602: Dereference of a possibly null reference. [D:\xbytechat\xbytechat-api\xbytechat-api\xbytechat.api.csproj]
D:\xbytechat\xbytechat-api\xbytechat-api\Features\Automation\Services\AutomationRunner.cs(79,72): warning CS8602: Dereference of a possibly null reference. [D:\xbytechat\xbytechat-api\xbytechat-api\xbytechat.api.csproj]
D:\xbytechat\xbytechat-api\xbytechat-api\Features\Automation\Services\AutomationRunner.cs(85,96): warning CS8602: Dereference of a possibly null reference. [D:\xbytechat\xbytechat-api\xbytechat-api\xbytechat.api.csproj]
D:\xbytechat\xbytechat-api\xbytechat-api\Features\Automation\Services\AutomationRunner.cs(135,28): warning CS8604: Possible null reference argument for parameter 'source' in 'AutomationFlowEdge? Enumerable.FirstOrDefault<AutomationFlowEdge>(IEnumerable<AutomationFlowEdge> source, Func<AutomationFlowEdge, bool> predicate)'. [D:\xbytechat\xbytechat-api\xbytechat-api\xbytechat.api.csproj]
D:\xbytechat\xbytechat-api\xbytechat-api\Features\CampaignModule\Services\CampaignDryRunService.cs(138,33): warning CS8601: Possible null reference assignment. [D:\xbytechat\xbytechat-api\xbytechat-api\xbytechat.api.csproj]
D:\xbytechat\xbytechat-api\xbytechat-api\Features\Automation\Services\AutomationRunner.cs(171,30): warning CS8604: Possible null reference argument for parameter 'source' in 'AutomationFlowNode? Enumerable.FirstOrDefault<AutomationFlowNode>(IEnumerable<AutomationFlowNode> source, Func<AutomationFlowNode, bool> predicate)'. [D:\xbytechat\xbytechat-api\xbytechat-api\xbytechat.api.csproj]
D:\xbytechat\xbytechat-api\xbytechat-api\Features\Automation\Services\AutomationRunner.cs(206,70): warning CS8604: Possible null reference argument for parameter 'edges' in 'Task<AutomationFlowRunResult> AutomationRunner.ExecuteNodeLoopAsync(AutomationFlow flow, AutomationFlowNode startNode, List<AutomationFlowNode> nodes, List<AutomationFlowEdge> edges, Guid businessId, Guid contactId, string contactPhone)'. [D:\xbytechat\xbytechat-api\xbytechat-api\xbytechat.api.csproj]
D:\xbytechat\xbytechat-api\xbytechat-api\Features\Automation\Services\AutomationRunner.cs(235,43): warning CS8602: Dereference of a possibly null reference. [D:\xbytechat\xbytechat-api\xbytechat-api\xbytechat.api.csproj]
D:\xbytechat\xbytechat-api\xbytechat-api\Features\Automation\Services\AutomationRunner.cs(243,89): warning CS8602: Dereference of a possibly null reference. [D:\xbytechat\xbytechat-api\xbytechat-api\xbytechat.api.csproj]
D:\xbytechat\xbytechat-api\xbytechat-api\Features\Automation\Services\AutomationRunner.cs(248,42): warning CS8602: Dereference of a possibly null reference. [D:\xbytechat\xbytechat-api\xbytechat-api\xbytechat.api.csproj]
D:\xbytechat\xbytechat-api\xbytechat-api\Features\CampaignModule\Services\CampaignService.cs(285,59): warning CS8602: Dereference of a possibly null reference. [D:\xbytechat\xbytechat-api\xbytechat-api\xbytechat.api.csproj]
D:\xbytechat\xbytechat-api\xbytechat-api\Features\CampaignModule\Services\CampaignService.cs(288,26): warning CS8602: Dereference of a possibly null reference. [D:\xbytechat\xbytechat-api\xbytechat-api\xbytechat.api.csproj]
D:\xbytechat\xbytechat-api\xbytechat-api\Features\CampaignModule\Services\CampaignService.cs(526,49): warning CS8602: Dereference of a possibly null reference. [D:\xbytechat\xbytechat-api\xbytechat-api\xbytechat.api.csproj]
D:\xbytechat\xbytechat-api\xbytechat-api\Features\CampaignModule\Services\CampaignService.cs(625,39): warning CS8601: Possible null reference assignment. [D:\xbytechat\xbytechat-api\xbytechat-api\xbytechat.api.csproj]
D:\xbytechat\xbytechat-api\xbytechat-api\Features\CampaignModule\Services\CampaignService.cs(741,37): warning CS8601: Possible null reference assignment. [D:\xbytechat\xbytechat-api\xbytechat-api\xbytechat.api.csproj]
D:\xbytechat\xbytechat-api\xbytechat-api\Features\CampaignModule\Services\CampaignMaterializationService.cs(398,70): warning CS8604: Possible null reference argument for parameter 'recipient' in '(string? value, bool isMissing, string? note) CampaignMaterializationService.ResolveValue(CampaignVariableMap map, CampaignRecipient recipient)'. [D:\xbytechat\xbytechat-api\xbytechat-api\xbytechat.api.csproj]
D:\xbytechat\xbytechat-api\xbytechat-api\Features\Automation\DTOs\AutomationTriggerRequest.cs(5,23): warning CS8618: Non-nullable property 'Keyword' must contain a non-null value when exiting constructor. Consider declaring the property as nullable. [D:\xbytechat\xbytechat-api\xbytechat-api\xbytechat.api.csproj]
D:\xbytechat\xbytechat-api\xbytechat-api\Features\Automation\DTOs\AutomationTriggerRequest.cs(7,23): warning CS8618: Non-nullable property 'Phone' must contain a non-null value when exiting constructor. Consider declaring the property as nullable. [D:\xbytechat\xbytechat-api\xbytechat-api\xbytechat.api.csproj]
D:\xbytechat\xbytechat-api\xbytechat-api\Features\Automation\Models\FlowExecutionContext.cs(10,31): warning CS8618: Non-nullable property 'Flow' must contain a non-null value when exiting constructor. Consider declaring the property as nullable. [D:\xbytechat\xbytechat-api\xbytechat-api\xbytechat.api.csproj]
D:\xbytechat\xbytechat-api\xbytechat-api\Features\Automation\Models\FlowExecutionContext.cs(16,23): warning CS8618: Non-nullable property 'ContactPhone' must contain a non-null value when exiting constructor. Consider declaring the property as nullable. [D:\xbytechat\xbytechat-api\xbytechat-api\xbytechat.api.csproj]
D:\xbytechat\xbytechat-api\xbytechat-api\Features\CampaignModule\Services\CampaignService.cs(826,49): warning CS8602: Dereference of a possibly null reference. [D:\xbytechat\xbytechat-api\xbytechat-api\xbytechat.api.csproj]
D:\xbytechat\xbytechat-api\xbytechat-api\Features\CampaignModule\Services\CampaignService.cs(910,39): warning CS8601: Possible null reference assignment. [D:\xbytechat\xbytechat-api\xbytechat-api\xbytechat.api.csproj]
D:\xbytechat\xbytechat-api\xbytechat-api\Features\CampaignModule\Services\CampaignService.cs(1022,37): warning CS8601: Possible null reference assignment. [D:\xbytechat\xbytechat-api\xbytechat-api\xbytechat.api.csproj]
D:\xbytechat\xbytechat-api\xbytechat-api\Features\MessageManagement\Services\MessageStatusService.cs(43,69): warning CS8602: Dereference of a possibly null reference. [D:\xbytechat\xbytechat-api\xbytechat-api\xbytechat.api.csproj]
D:\xbytechat\xbytechat-api\xbytechat-api\Features\MessageManagement\Models\MessageStatusLog.cs(16,23): warning CS8618: Non-nullable property 'RecipientNumber' must contain a non-null value when exiting constructor. Consider declaring the property as nullable. [D:\xbytechat\xbytechat-api\xbytechat-api\xbytechat.api.csproj]
D:\xbytechat\xbytechat-api\xbytechat-api\Features\MessageManagement\Models\MessageStatusLog.cs(24,23): warning CS8618: Non-nullable property 'Status' must contain a non-null value when exiting constructor. Consider declaring the property as nullable. [D:\xbytechat\xbytechat-api\xbytechat-api\xbytechat.api.csproj]
D:\xbytechat\xbytechat-api\xbytechat-api\Features\MessageManagement\Models\MessageStatusLog.cs(25,23): warning CS8618: Non-nullable property 'MessageType' must contain a non-null value when exiting constructor. Consider declaring the property as nullable. [D:\xbytechat\xbytechat-api\xbytechat-api\xbytechat.api.csproj]
D:\xbytechat\xbytechat-api\xbytechat-api\Features\MessageManagement\DTOs\WebhookStatusDto.cs(40,23): warning CS8618: Non-nullable property 'title' must contain a non-null value when exiting constructor. Consider declaring the property as nullable. [D:\xbytechat\xbytechat-api\xbytechat-api\xbytechat.api.csproj]
D:\xbytechat\xbytechat-api\xbytechat-api\Features\MessageManagement\DTOs\WebhookStatusDto.cs(41,23): warning CS8618: Non-nullable property 'details' must contain a non-null value when exiting constructor. Consider declaring the property as nullable. [D:\xbytechat\xbytechat-api\xbytechat-api\xbytechat.api.csproj]
D:\xbytechat\xbytechat-api\xbytechat-api\Features\MessageManagement\DTOs\WebhookStatusDto.cs(33,23): warning CS8618: Non-nullable property 'pricing_model' must contain a non-null value when exiting constructor. Consider declaring the property as nullable. [D:\xbytechat\xbytechat-api\xbytechat-api\xbytechat.api.csproj]
D:\xbytechat\xbytechat-api\xbytechat-api\Features\MessageManagement\DTOs\WebhookStatusDto.cs(34,23): warning CS8618: Non-nullable property 'category' must contain a non-null value when exiting constructor. Consider declaring the property as nullable. [D:\xbytechat\xbytechat-api\xbytechat-api\xbytechat.api.csproj]
D:\xbytechat\xbytechat-api\xbytechat-api\Features\MessageManagement\DTOs\WebhookStatusDto.cs(27,23): warning CS8618: Non-nullable property 'type' must contain a non-null value when exiting constructor. Consider declaring the property as nullable. [D:\xbytechat\xbytechat-api\xbytechat-api\xbytechat.api.csproj]
D:\xbytechat\xbytechat-api\xbytechat-api\Features\MessageManagement\DTOs\WebhookStatusDto.cs(21,23): warning CS8618: Non-nullable property 'id' must contain a non-null value when exiting constructor. Consider declaring the property as nullable. [D:\xbytechat\xbytechat-api\xbytechat-api\xbytechat.api.csproj]
D:\xbytechat\xbytechat-api\xbytechat-api\Features\MessageManagement\DTOs\WebhookStatusDto.cs(22,23): warning CS8618: Non-nullable property 'origin' must contain a non-null value when exiting constructor. Consider declaring the property as nullable. [D:\xbytechat\xbytechat-api\xbytechat-api\xbytechat.api.csproj]
D:\xbytechat\xbytechat-api\xbytechat-api\Features\MessageManagement\DTOs\WebhookStatusDto.cs(10,23): warning CS8618: Non-nullable property 'id' must contain a non-null value when exiting constructor. Consider declaring the property as nullable. [D:\xbytechat\xbytechat-api\xbytechat-api\xbytechat.api.csproj]
D:\xbytechat\xbytechat-api\xbytechat-api\Features\MessageManagement\DTOs\WebhookStatusDto.cs(11,23): warning CS8618: Non-nullable property 'status' must contain a non-null value when exiting constructor. Consider declaring the property as nullable. [D:\xbytechat\xbytechat-api\xbytechat-api\xbytechat.api.csproj]
D:\xbytechat\xbytechat-api\xbytechat-api\Features\MessageManagement\DTOs\WebhookStatusDto.cs(13,23): warning CS8618: Non-nullable property 'recipient_id' must contain a non-null value when exiting constructor. Consider declaring the property as nullable. [D:\xbytechat\xbytechat-api\xbytechat-api\xbytechat.api.csproj]
D:\xbytechat\xbytechat-api\xbytechat-api\Features\MessageManagement\DTOs\WebhookStatusDto.cs(14,33): warning CS8618: Non-nullable property 'conversation' must contain a non-null value when exiting constructor. Consider declaring the property as nullable. [D:\xbytechat\xbytechat-api\xbytechat-api\xbytechat.api.csproj]
D:\xbytechat\xbytechat-api\xbytechat-api\Features\MessageManagement\DTOs\WebhookStatusDto.cs(15,28): warning CS8618: Non-nullable property 'pricing' must contain a non-null value when exiting constructor. Consider declaring the property as nullable. [D:\xbytechat\xbytechat-api\xbytechat-api\xbytechat.api.csproj]
D:\xbytechat\xbytechat-api\xbytechat-api\Features\MessageManagement\DTOs\WebhookStatusDto.cs(5,35): warning CS8618: Non-nullable property 'statuses' must contain a non-null value when exiting constructor. Consider declaring the property as nullable. [D:\xbytechat\xbytechat-api\xbytechat-api\xbytechat.api.csproj]
D:\xbytechat\xbytechat-api\xbytechat-api\Features\MessageManagement\DTOs\MessageLogDto.cs(9,23): warning CS8618: Non-nullable property 'RecipientNumber' must contain a non-null value when exiting constructor. Consider declaring the property as nullable. [D:\xbytechat\xbytechat-api\xbytechat-api\xbytechat.api.csproj]
D:\xbytechat\xbytechat-api\xbytechat-api\Features\MessageManagement\DTOs\MessageLogDto.cs(10,23): warning CS8618: Non-nullable property 'MessageContent' must contain a non-null value when exiting constructor. Consider declaring the property as nullable. [D:\xbytechat\xbytechat-api\xbytechat-api\xbytechat.api.csproj]
D:\xbytechat\xbytechat-api\xbytechat-api\Features\ReportingModule\DTOs\RecentMessageLogDto.cs(9,23): warning CS8618: Non-nullable property 'RecipientNumber' must contain a non-null value when exiting constructor. Consider declaring the property as nullable. [D:\xbytechat\xbytechat-api\xbytechat-api\xbytechat.api.csproj]
D:\xbytechat\xbytechat-api\xbytechat-api\Features\ReportingModule\DTOs\RecentMessageLogDto.cs(10,23): warning CS8618: Non-nullable property 'MessageContent' must contain a non-null value when exiting constructor. Consider declaring the property as nullable. [D:\xbytechat\xbytechat-api\xbytechat-api\xbytechat.api.csproj]
D:\xbytechat\xbytechat-api\xbytechat-api\Features\CampaignModule\Services\CampaignService.cs(1272,39): warning CS8602: Dereference of a possibly null reference. [D:\xbytechat\xbytechat-api\xbytechat-api\xbytechat.api.csproj]
D:\xbytechat\xbytechat-api\xbytechat-api\Features\CampaignModule\Services\CampaignService.cs(1273,36): warning CS8601: Possible null reference assignment. [D:\xbytechat\xbytechat-api\xbytechat-api\xbytechat.api.csproj]
D:\xbytechat\xbytechat-api\xbytechat-api\Features\CampaignModule\Services\CampaignService.cs(1321,21): warning CS8602: Dereference of a possibly null reference. [D:\xbytechat\xbytechat-api\xbytechat-api\xbytechat.api.csproj]
D:\xbytechat\xbytechat-api\xbytechat-api\Features\TemplatesModule\Validators\MultiLanguageValidator.cs(24,38): warning CS8602: Dereference of a possibly null reference. [D:\xbytechat\xbytechat-api\xbytechat-api\xbytechat.api.csproj]
D:\xbytechat\xbytechat-api\xbytechat-api\Features\TemplatesModule\Validators\MultiLanguageValidator.cs(24,14): warning CS8321: The local function 'OkLang' is declared but never used [D:\xbytechat\xbytechat-api\xbytechat-api\xbytechat.api.csproj]
D:\xbytechat\xbytechat-api\xbytechat-api\Features\MessagesEngine\Services\TemplateMessageSender.cs(271,99): warning CS8604: Possible null reference argument for parameter 'templateName' in 'Task<TemplateMetadataDto?> IWhatsAppTemplateFetcherService.GetTemplateByNameAsync(Guid businessId, string templateName, bool includeButtons)'. [D:\xbytechat\xbytechat-api\xbytechat-api\xbytechat.api.csproj]
D:\xbytechat\xbytechat-api\xbytechat-api\Features\MessagesEngine\Services\TemplateMessageSender.cs(282,21): warning CS8604: Possible null reference argument for parameter 'contact' in 'Task<ResponseResult> TemplateMessageSender.SendTemplateMessageToContactAsync(Guid businessId, Contact contact, string templateName, List<string> templateParams, string? imageUrl = null, List<CampaignButton>? buttons = null, string? source = null, Guid? refMessageId = null)'. [D:\xbytechat\xbytechat-api\xbytechat-api\xbytechat.api.csproj]
D:\xbytechat\xbytechat-api\xbytechat-api\Features\CampaignModule\Services\CampaignService.cs(1387,43): warning CS8602: Dereference of a possibly null reference. [D:\xbytechat\xbytechat-api\xbytechat-api\xbytechat.api.csproj]
D:\xbytechat\xbytechat-api\xbytechat-api\Features\CampaignModule\Services\CampaignService.cs(1390,42): warning CS8601: Possible null reference assignment. [D:\xbytechat\xbytechat-api\xbytechat-api\xbytechat.api.csproj]
D:\xbytechat\xbytechat-api\xbytechat-api\Features\CampaignModule\Services\CampaignService.cs(1391,46): warning CS8601: Possible null reference assignment. [D:\xbytechat\xbytechat-api\xbytechat-api\xbytechat.api.csproj]
D:\xbytechat\xbytechat-api\xbytechat-api\Features\CampaignModule\Services\CampaignService.cs(1405,37): warning CS8602: Dereference of a possibly null reference. [D:\xbytechat\xbytechat-api\xbytechat-api\xbytechat.api.csproj]
D:\xbytechat\xbytechat-api\xbytechat-api\Features\CampaignModule\Services\CampaignService.cs(1412,42): warning CS8601: Possible null reference assignment. [D:\xbytechat\xbytechat-api\xbytechat-api\xbytechat.api.csproj]
D:\xbytechat\xbytechat-api\xbytechat-api\Features\TemplatesModule\Services\WhatsAppTemplateService.cs(42,37): warning CS8602: Dereference of a possibly null reference. [D:\xbytechat\xbytechat-api\xbytechat-api\xbytechat.api.csproj]
D:\xbytechat\xbytechat-api\xbytechat-api\Features\FlowAnalytics\Services\FlowAnalyticsService.cs(114,32): warning CS8601: Possible null reference assignment. [D:\xbytechat\xbytechat-api\xbytechat-api\xbytechat.api.csproj]
D:\xbytechat\xbytechat-api\xbytechat-api\Features\Webhooks\Services\Processors\ClickWebhookProcessor.cs(1266,52): warning CS8602: Dereference of a possibly null reference. [D:\xbytechat\xbytechat-api\xbytechat-api\xbytechat.api.csproj]
D:\xbytechat\xbytechat-api\xbytechat-api\Features\Webhooks\Services\Processors\ClickWebhookProcessor.cs(1359,33): warning CS8602: Dereference of a possibly null reference. [D:\xbytechat\xbytechat-api\xbytechat-api\xbytechat.api.csproj]
D:\xbytechat\xbytechat-api\xbytechat-api\Features\Webhooks\Services\Processors\ClickWebhookProcessor.cs(818,31): warning CS8321: The local function 'ToKey' is declared but never used [D:\xbytechat\xbytechat-api\xbytechat-api\xbytechat.api.csproj]
D:\xbytechat\xbytechat-api\xbytechat-api\Features\ESU\Facebook\Services\FacebookEsuService.cs(475,30): warning CS8625: Cannot convert null literal to non-nullable reference type. [D:\xbytechat\xbytechat-api\xbytechat-api\xbytechat.api.csproj]
D:\xbytechat\xbytechat-api\xbytechat-api\Features\Inbox\Hubs\InboxHub.cs(37,30): warning CS8604: Possible null reference argument for parameter 'user' in 'Guid ClaimsBusinessDetails.ResolveBusinessId(ClaimsPrincipal user, HttpContext http)'. [D:\xbytechat\xbytechat-api\xbytechat-api\xbytechat.api.csproj]
D:\xbytechat\xbytechat-api\xbytechat-api\Features\Inbox\Hubs\InboxHub.cs(57,30): warning CS8604: Possible null reference argument for parameter 'user' in 'Guid ClaimsBusinessDetails.ResolveBusinessId(ClaimsPrincipal user, HttpContext http)'. [D:\xbytechat\xbytechat-api\xbytechat-api\xbytechat.api.csproj]
D:\xbytechat\xbytechat-api\xbytechat-api\Features\Inbox\Hubs\InboxHub.cs(82,30): warning CS8604: Possible null reference argument for parameter 'user' in 'Guid ClaimsBusinessDetails.ResolveBusinessId(ClaimsPrincipal user, HttpContext http)'. [D:\xbytechat\xbytechat-api\xbytechat-api\xbytechat.api.csproj]
D:\xbytechat\xbytechat-api\xbytechat-api\Features\Inbox\Hubs\InboxHub.cs(167,26): warning CS8604: Possible null reference argument for parameter 'user' in 'Guid ClaimsBusinessDetails.GetUserId(ClaimsPrincipal user)'. [D:\xbytechat\xbytechat-api\xbytechat-api\xbytechat.api.csproj]
D:\xbytechat\xbytechat-api\xbytechat-api\Features\Inbox\DTOs\TextOnlyMessageSendDto.cs(7,23): warning CS8618: Non-nullable property 'RecipientNumber' must contain a non-null value when exiting constructor. Consider declaring the property as nullable. [D:\xbytechat\xbytechat-api\xbytechat-api\xbytechat.api.csproj]
D:\xbytechat\xbytechat-api\xbytechat-api\Features\Inbox\DTOs\TextOnlyMessageSendDto.cs(9,23): warning CS8618: Non-nullable property 'TextContent' must contain a non-null value when exiting constructor. Consider declaring the property as nullable. [D:\xbytechat\xbytechat-api\xbytechat-api\xbytechat.api.csproj]
D:\xbytechat\xbytechat-api\xbytechat-api\Features\Inbox\DTOs\SendInboxMessageDto.cs(15,23): warning CS8618: Non-nullable property 'MessageBody' must contain a non-null value when exiting constructor. Consider declaring the property as nullable. [D:\xbytechat\xbytechat-api\xbytechat-api\xbytechat.api.csproj]
D:\xbytechat\xbytechat-api\xbytechat-api\Features\Inbox\DTOs\InboxMessageDto.cs(9,23): warning CS8618: Non-nullable property 'RecipientPhone' must contain a non-null value when exiting constructor. Consider declaring the property as nullable. [D:\xbytechat\xbytechat-api\xbytechat-api\xbytechat.api.csproj]
D:\xbytechat\xbytechat-api\xbytechat-api\Features\Inbox\DTOs\InboxMessageDto.cs(10,23): warning CS8618: Non-nullable property 'MessageBody' must contain a non-null value when exiting constructor. Consider declaring the property as nullable. [D:\xbytechat\xbytechat-api\xbytechat-api\xbytechat.api.csproj]
D:\xbytechat\xbytechat-api\xbytechat-api\Features\Inbox\DTOs\InboxMessageDto.cs(19,23): warning CS8618: Non-nullable property 'Status' must contain a non-null value when exiting constructor. Consider declaring the property as nullable. [D:\xbytechat\xbytechat-api\xbytechat-api\xbytechat.api.csproj]
D:\xbytechat\xbytechat-api\xbytechat-api\Features\CampaignModule\Services\CampaignService.cs(1641,32): warning CS8601: Possible null reference assignment. [D:\xbytechat\xbytechat-api\xbytechat-api\xbytechat.api.csproj]
D:\xbytechat\xbytechat-api\xbytechat-api\Features\CampaignModule\Services\CampaignService.cs(1687,28): warning CS8601: Possible null reference assignment. [D:\xbytechat\xbytechat-api\xbytechat-api\xbytechat.api.csproj]
D:\xbytechat\xbytechat-api\xbytechat-api\Features\Entitlements\Services\QuotaService.cs(303,21): warning CS8602: Dereference of a possibly null reference. [D:\xbytechat\xbytechat-api\xbytechat-api\xbytechat.api.csproj]
D:\xbytechat\xbytechat-api\xbytechat-api\Features\Entitlements\Services\QuotaService.cs(306,28): warning CS8602: Dereference of a possibly null reference. [D:\xbytechat\xbytechat-api\xbytechat-api\xbytechat.api.csproj]
D:\xbytechat\xbytechat-api\xbytechat-api\Features\Inbox\Controllers\InboxController.cs(126,39): warning CS8073: The result of the expression is always 'false' since a value of type 'Guid' is never equal to 'null' of type 'Guid?' [D:\xbytechat\xbytechat-api\xbytechat-api\xbytechat.api.csproj]
D:\xbytechat\xbytechat-api\xbytechat-api\Features\Inbox\Controllers\InboxController.cs(126,17): warning CS8073: The result of the expression is always 'false' since a value of type 'Guid' is never equal to 'null' of type 'Guid?' [D:\xbytechat\xbytechat-api\xbytechat-api\xbytechat.api.csproj]
D:\xbytechat\xbytechat-api\xbytechat-api\Features\Catalog\DTOs\TopProductDto.cs(6,23): warning CS8618: Non-nullable property 'ProductName' must contain a non-null value when exiting constructor. Consider declaring the property as nullable. [D:\xbytechat\xbytechat-api\xbytechat-api\xbytechat.api.csproj]
D:\xbytechat\xbytechat-api\xbytechat-api\Features\Catalog\DTOs\ProductCtaBreakdownDto.cs(6,23): warning CS8618: Non-nullable property 'ProductName' must contain a non-null value when exiting constructor. Consider declaring the property as nullable. [D:\xbytechat\xbytechat-api\xbytechat-api\xbytechat.api.csproj]
D:\xbytechat\xbytechat-api\xbytechat-api\Features\Catalog\DTOs\ProductCtaBreakdownDto.cs(7,23): warning CS8618: Non-nullable property 'CTAJourney' must contain a non-null value when exiting constructor. Consider declaring the property as nullable. [D:\xbytechat\xbytechat-api\xbytechat-api\xbytechat.api.csproj]
D:\xbytechat\xbytechat-api\xbytechat-api\Features\Catalog\DTOs\CtaJourneyStatsDto.cs(5,23): warning CS8618: Non-nullable property 'CTAJourney' must contain a non-null value when exiting constructor. Consider declaring the property as nullable. [D:\xbytechat\xbytechat-api\xbytechat-api\xbytechat.api.csproj]
D:\xbytechat\xbytechat-api\xbytechat-api\Features\AutoReplyBuilder\DTOs\RenameFlowDto.cs(5,23): warning CS8618: Non-nullable property 'NewName' must contain a non-null value when exiting constructor. Consider declaring the property as nullable. [D:\xbytechat\xbytechat-api\xbytechat-api\xbytechat.api.csproj]
D:\xbytechat\xbytechat-api\xbytechat-api\Features\CRM\Dtos\NoteDto.cs(8,23): warning CS8618: Non-nullable property 'Content' must contain a non-null value when exiting constructor. Consider declaring the property as nullable. [D:\xbytechat\xbytechat-api\xbytechat-api\xbytechat.api.csproj]
D:\xbytechat\xbytechat-api\xbytechat-api\Features\CRM\Dtos\NoteDto.cs(9,23): warning CS8618: Non-nullable property 'Source' must contain a non-null value when exiting constructor. Consider declaring the property as nullable. [D:\xbytechat\xbytechat-api\xbytechat-api\xbytechat.api.csproj]
D:\xbytechat\xbytechat-api\xbytechat-api\Features\CRM\Dtos\NoteDto.cs(10,23): warning CS8618: Non-nullable property 'CreatedBy' must contain a non-null value when exiting constructor. Consider declaring the property as nullable. [D:\xbytechat\xbytechat-api\xbytechat-api\xbytechat.api.csproj]
D:\xbytechat\xbytechat-api\xbytechat-api\Features\Catalog\DTOs\CatalogClickLogDto.cs(20,23): warning CS8618: Non-nullable property 'TemplateId' must contain a non-null value when exiting constructor. Consider declaring the property as nullable. [D:\xbytechat\xbytechat-api\xbytechat-api\xbytechat.api.csproj]
D:\xbytechat\xbytechat-api\xbytechat-api\Features\Catalog\DTOs\CatalogClickLogDto.cs(21,23): warning CS8618: Non-nullable property 'ButtonText' must contain a non-null value when exiting constructor. Consider declaring the property as nullable. [D:\xbytechat\xbytechat-api\xbytechat-api\xbytechat.api.csproj]
D:\xbytechat\xbytechat-api\xbytechat-api\Features\Catalog\Models\CatalogClickLog.cs(25,23): warning CS8618: Non-nullable property 'TemplateId' must contain a non-null value when exiting constructor. Consider declaring the property as nullable. [D:\xbytechat\xbytechat-api\xbytechat-api\xbytechat.api.csproj]
D:\xbytechat\xbytechat-api\xbytechat-api\Features\Catalog\Models\CatalogClickLog.cs(26,23): warning CS8618: Non-nullable property 'RefMessageId' must contain a non-null value when exiting constructor. Consider declaring the property as nullable. [D:\xbytechat\xbytechat-api\xbytechat-api\xbytechat.api.csproj]
D:\xbytechat\xbytechat-api\xbytechat-api\Features\Catalog\Models\CatalogClickLog.cs(27,23): warning CS8618: Non-nullable property 'ButtonText' must contain a non-null value when exiting constructor. Consider declaring the property as nullable. [D:\xbytechat\xbytechat-api\xbytechat-api\xbytechat.api.csproj]
D:\xbytechat\xbytechat-api\xbytechat-api\Features\CrmAnalytics\DTOs\ContactTrendsDto.cs(9,23): warning CS8618: Non-nullable property 'Date' must contain a non-null value when exiting constructor. Consider declaring the property as nullable. [D:\xbytechat\xbytechat-api\xbytechat-api\xbytechat.api.csproj]
D:\xbytechat\xbytechat-api\xbytechat-api\Features\CRM\Timelines\Services\LeadTimelineService.cs(101,35): warning CS8601: Possible null reference assignment. [D:\xbytechat\xbytechat-api\xbytechat-api\xbytechat.api.csproj]
D:\xbytechat\xbytechat-api\xbytechat-api\Features\CRM\Timelines\Services\LeadTimelineService.cs(102,37): warning CS8601: Possible null reference assignment. [D:\xbytechat\xbytechat-api\xbytechat-api\xbytechat.api.csproj]
D:\xbytechat\xbytechat-api\xbytechat-api\Features\CRM\Dtos\ContactDto.cs(10,23): warning CS8618: Non-nullable property 'Name' must contain a non-null value when exiting constructor. Consider declaring the property as nullable. [D:\xbytechat\xbytechat-api\xbytechat-api\xbytechat.api.csproj]
D:\xbytechat\xbytechat-api\xbytechat-api\Features\CRM\Dtos\ContactDto.cs(12,23): warning CS8618: Non-nullable property 'PhoneNumber' must contain a non-null value when exiting constructor. Consider declaring the property as nullable. [D:\xbytechat\xbytechat-api\xbytechat-api\xbytechat.api.csproj]
D:\xbytechat\xbytechat-api\xbytechat-api\Features\CRM\Dtos\BulkImportResultDto.cs(16,23): warning CS8618: Non-nullable property 'ErrorMessage' must contain a non-null value when exiting constructor. Consider declaring the property as nullable. [D:\xbytechat\xbytechat-api\xbytechat-api\xbytechat.api.csproj]
D:\xbytechat\xbytechat-api\xbytechat-api\Features\BusinessModule\Controllers\BusinessesController.cs(179,53): error CS1061: 'IBusinessService' does not contain a definition for 'HardDeleteBusinessAsync' and no accessible extension method 'HardDeleteBusinessAsync' accepting a first argument of type 'IBusinessService' could be found (are you missing a using directive or an assembly reference?) [D:\xbytechat\xbytechat-api\xbytechat-api\xbytechat.api.csproj]
D:\xbytechat\xbytechat-api\xbytechat-api\Features\Catalog\Services\CatalogTrackingService.cs(113,36): warning CS8601: Possible null reference assignment. [D:\xbytechat\xbytechat-api\xbytechat-api\xbytechat.api.csproj]
D:\xbytechat\xbytechat-api\xbytechat-api\Features\CRM\Timelines\Models\LeadTimeline.cs(11,25): warning CS8618: Non-nullable property 'Business' must contain a non-null value when exiting constructor. Consider declaring the property as nullable. [D:\xbytechat\xbytechat-api\xbytechat-api\xbytechat.api.csproj]
D:\xbytechat\xbytechat-api\xbytechat-api\Features\CRM\Timelines\Models\LeadTimeline.cs(13,24): warning CS8618: Non-nullable property 'Contact' must contain a non-null value when exiting constructor. Consider declaring the property as nullable. [D:\xbytechat\xbytechat-api\xbytechat-api\xbytechat.api.csproj]
D:\xbytechat\xbytechat-api\xbytechat-api\Features\CRM\Timelines\Models\LeadTimeline.cs(15,23): warning CS8618: Non-nullable property 'EventType' must contain a non-null value when exiting constructor. Consider declaring the property as nullable. [D:\xbytechat\xbytechat-api\xbytechat-api\xbytechat.api.csproj]
D:\xbytechat\xbytechat-api\xbytechat-api\Features\CRM\Timelines\Models\LeadTimeline.cs(17,23): warning CS8618: Non-nullable property 'Description' must contain a non-null value when exiting constructor. Consider declaring the property as nullable. [D:\xbytechat\xbytechat-api\xbytechat-api\xbytechat.api.csproj]
D:\xbytechat\xbytechat-api\xbytechat-api\Features\CRM\Timelines\Models\LeadTimeline.cs(21,23): warning CS8618: Non-nullable property 'CreatedBy' must contain a non-null value when exiting constructor. Consider declaring the property as nullable. [D:\xbytechat\xbytechat-api\xbytechat-api\xbytechat.api.csproj]
D:\xbytechat\xbytechat-api\xbytechat-api\Features\CRM\Timelines\Mappers\LeadTimelineMapper.cs(10,39): warning CS8603: Possible null reference return. [D:\xbytechat\xbytechat-api\xbytechat-api\xbytechat.api.csproj]
D:\xbytechat\xbytechat-api\xbytechat-api\Features\CRM\Timelines\Mappers\LeadTimelineMapper.cs(15,31): warning CS8601: Possible null reference assignment. [D:\xbytechat\xbytechat-api\xbytechat-api\xbytechat.api.csproj]
D:\xbytechat\xbytechat-api\xbytechat-api\Features\CRM\Timelines\Mappers\LeadTimelineMapper.cs(16,33): warning CS8601: Possible null reference assignment. [D:\xbytechat\xbytechat-api\xbytechat-api\xbytechat.api.csproj]
D:\xbytechat\xbytechat-api\xbytechat-api\Features\CRM\Timelines\Mappers\LeadTimelineMapper.cs(32,37): warning CS8603: Possible null reference return. [D:\xbytechat\xbytechat-api\xbytechat-api\xbytechat.api.csproj]
D:\xbytechat\xbytechat-api\xbytechat-api\Features\CRM\Timelines\DTOs\LeadTimelineDto.cs(8,23): warning CS8618: Non-nullable property 'ContactName' must contain a non-null value when exiting constructor. Consider declaring the property as nullable. [D:\xbytechat\xbytechat-api\xbytechat-api\xbytechat.api.csproj]
D:\xbytechat\xbytechat-api\xbytechat-api\Features\CRM\Timelines\DTOs\LeadTimelineDto.cs(9,23): warning CS8618: Non-nullable property 'ContactNumber' must contain a non-null value when exiting constructor. Consider declaring the property as nullable. [D:\xbytechat\xbytechat-api\xbytechat-api\xbytechat.api.csproj]
D:\xbytechat\xbytechat-api\xbytechat-api\Features\CRM\Timelines\DTOs\LeadTimelineDto.cs(10,23): warning CS8618: Non-nullable property 'EventType' must contain a non-null value when exiting constructor. Consider declaring the property as nullable. [D:\xbytechat\xbytechat-api\xbytechat-api\xbytechat.api.csproj]
D:\xbytechat\xbytechat-api\xbytechat-api\Features\CRM\Timelines\DTOs\LeadTimelineDto.cs(11,23): warning CS8618: Non-nullable property 'Description' must contain a non-null value when exiting constructor. Consider declaring the property as nullable. [D:\xbytechat\xbytechat-api\xbytechat-api\xbytechat.api.csproj]
D:\xbytechat\xbytechat-api\xbytechat-api\Features\CRM\Timelines\DTOs\LeadTimelineDto.cs(15,23): warning CS8618: Non-nullable property 'CreatedBy' must contain a non-null value when exiting constructor. Consider declaring the property as nullable. [D:\xbytechat\xbytechat-api\xbytechat-api\xbytechat.api.csproj]
D:\xbytechat\xbytechat-api\xbytechat-api\Features\MessagesEngine\Services\MessageEngineService.cs(1682,38): warning CS8602: Dereference of a possibly null reference. [D:\xbytechat\xbytechat-api\xbytechat-api\xbytechat.api.csproj]
D:\xbytechat\xbytechat-api\xbytechat-api\Features\AutoReplyBuilder\Flows\DTOs\FlowNodeConfigs\AutoReplyEdgeDto.cs(5,23): warning CS8618: Non-nullable property 'Id' must contain a non-null value when exiting constructor. Consider declaring the property as nullable. [D:\xbytechat\xbytechat-api\xbytechat-api\xbytechat.api.csproj]
D:\xbytechat\xbytechat-api\xbytechat-api\Features\AutoReplyBuilder\Flows\DTOs\FlowNodeConfigs\AutoReplyEdgeDto.cs(6,23): warning CS8618: Non-nullable property 'SourceNodeId' must contain a non-null value when exiting constructor. Consider declaring the property as nullable. [D:\xbytechat\xbytechat-api\xbytechat-api\xbytechat.api.csproj]
D:\xbytechat\xbytechat-api\xbytechat-api\Features\AutoReplyBuilder\Flows\DTOs\FlowNodeConfigs\AutoReplyEdgeDto.cs(7,23): warning CS8618: Non-nullable property 'TargetNodeId' must contain a non-null value when exiting constructor. Consider declaring the property as nullable. [D:\xbytechat\xbytechat-api\xbytechat-api\xbytechat.api.csproj]
D:\xbytechat\xbytechat-api\xbytechat-api\Features\CampaignTracking\DTOs\TopCampaignDto.cs(6,23): warning CS8618: Non-nullable property 'CampaignName' must contain a non-null value when exiting constructor. Consider declaring the property as nullable. [D:\xbytechat\xbytechat-api\xbytechat-api\xbytechat.api.csproj]
D:\xbytechat\xbytechat-api\xbytechat-api\Features\AutoReplyBuilder\DTOs\SaveFlowDto.cs(10,23): warning CS8618: Non-nullable property 'Name' must contain a non-null value when exiting constructor. Consider declaring the property as nullable. [D:\xbytechat\xbytechat-api\xbytechat-api\xbytechat.api.csproj]
D:\xbytechat\xbytechat-api\xbytechat-api\Features\CRM\Timelines\DTOs\CRMTimelineLogDto.cs(9,23): warning CS8618: Non-nullable property 'EventType' must contain a non-null value when exiting constructor. Consider declaring the property as nullable. [D:\xbytechat\xbytechat-api\xbytechat-api\xbytechat.api.csproj]
D:\xbytechat\xbytechat-api\xbytechat-api\Features\CRM\Timelines\DTOs\CRMTimelineLogDto.cs(10,23): warning CS8618: Non-nullable property 'Description' must contain a non-null value when exiting constructor. Consider declaring the property as nullable. [D:\xbytechat\xbytechat-api\xbytechat-api\xbytechat.api.csproj]
D:\xbytechat\xbytechat-api\xbytechat-api\Features\CRM\Timelines\DTOs\CRMTimelineLogDto.cs(12,23): warning CS8618: Non-nullable property 'CreatedBy' must contain a non-null value when exiting constructor. Consider declaring the property as nullable. [D:\xbytechat\xbytechat-api\xbytechat-api\xbytechat.api.csproj]
D:\xbytechat\xbytechat-api\xbytechat-api\Features\BusinessModule\DTOs\SignupBusinessDto.cs(8,23): warning CS8618: Non-nullable property 'CompanyName' must contain a non-null value when exiting constructor. Consider declaring the property as nullable. [D:\xbytechat\xbytechat-api\xbytechat-api\xbytechat.api.csproj]
D:\xbytechat\xbytechat-api\xbytechat-api\Features\BusinessModule\DTOs\SignupBusinessDto.cs(12,23): warning CS8618: Non-nullable property 'Email' must contain a non-null value when exiting constructor. Consider declaring the property as nullable. [D:\xbytechat\xbytechat-api\xbytechat-api\xbytechat.api.csproj]
D:\xbytechat\xbytechat-api\xbytechat-api\Features\BusinessModule\DTOs\SignupBusinessDto.cs(15,23): warning CS8618: Non-nullable property 'Password' must contain a non-null value when exiting constructor. Consider declaring the property as nullable. [D:\xbytechat\xbytechat-api\xbytechat-api\xbytechat.api.csproj]
D:\xbytechat\xbytechat-api\xbytechat-api\Features\CrmAnalytics\Services\CrmAnalyticsService.cs(36,59): warning CS8604: Possible null reference argument for parameter 'source' in 'bool Enumerable.Any<char>(IEnumerable<char> source)'. [D:\xbytechat\xbytechat-api\xbytechat-api\xbytechat.api.csproj]
D:\xbytechat\xbytechat-api\xbytechat-api\Features\BusinessModule\DTOs\PendingBusinessDto.cs(6,23): warning CS8618: Non-nullable property 'CompanyName' must contain a non-null value when exiting constructor. Consider declaring the property as nullable. [D:\xbytechat\xbytechat-api\xbytechat-api\xbytechat.api.csproj]
D:\xbytechat\xbytechat-api\xbytechat-api\Features\BusinessModule\DTOs\PendingBusinessDto.cs(7,23): warning CS8618: Non-nullable property 'BusinessEmail' must contain a non-null value when exiting constructor. Consider declaring the property as nullable. [D:\xbytechat\xbytechat-api\xbytechat-api\xbytechat.api.csproj]
D:\xbytechat\xbytechat-api\xbytechat-api\Features\BusinessModule\DTOs\PendingBusinessDto.cs(10,23): warning CS8618: Non-nullable property 'Plan' must contain a non-null value when exiting constructor. Consider declaring the property as nullable. [D:\xbytechat\xbytechat-api\xbytechat-api\xbytechat.api.csproj]
D:\xbytechat\xbytechat-api\xbytechat-api\Features\BusinessModule\DTOs\PendingBusinessDto.cs(13,23): warning CS8618: Non-nullable property 'Status' must contain a non-null value when exiting constructor. Consider declaring the property as nullable. [D:\xbytechat\xbytechat-api\xbytechat-api\xbytechat.api.csproj]
D:\xbytechat\xbytechat-api\xbytechat-api\Features\AutoReplyBuilder\Models\FlowNode.cs(5,23): warning CS8618: Non-nullable property 'Id' must contain a non-null value when exiting constructor. Consider declaring the property as nullable. [D:\xbytechat\xbytechat-api\xbytechat-api\xbytechat.api.csproj]
D:\xbytechat\xbytechat-api\xbytechat-api\Features\AutoReplyBuilder\Models\FlowNode.cs(6,23): warning CS8618: Non-nullable property 'Type' must contain a non-null value when exiting constructor. Consider declaring the property as nullable. [D:\xbytechat\xbytechat-api\xbytechat-api\xbytechat.api.csproj]
D:\xbytechat\xbytechat-api\xbytechat-api\Features\AutoReplyBuilder\Models\FlowNode.cs(7,25): warning CS8618: Non-nullable property 'Position' must contain a non-null value when exiting constructor. Consider declaring the property as nullable. [D:\xbytechat\xbytechat-api\xbytechat-api\xbytechat.api.csproj]
D:\xbytechat\xbytechat-api\xbytechat-api\Features\AutoReplyBuilder\Models\FlowNode.cs(8,43): warning CS8618: Non-nullable property 'Data' must contain a non-null value when exiting constructor. Consider declaring the property as nullable. [D:\xbytechat\xbytechat-api\xbytechat-api\xbytechat.api.csproj]
D:\xbytechat\xbytechat-api\xbytechat-api\Features\AutoReplyBuilder\Models\AutoReplyFlowNode.cs(16,30): warning CS8618: Non-nullable property 'Flow' must contain a non-null value when exiting constructor. Consider declaring the property as nullable. [D:\xbytechat\xbytechat-api\xbytechat-api\xbytechat.api.csproj]
D:\xbytechat\xbytechat-api\xbytechat-api\Features\CampaignTracking\DTOs\CampaignSendLogDto.cs(12,23): warning CS8618: Non-nullable property 'ContactName' must contain a non-null value when exiting constructor. Consider declaring the property as nullable. [D:\xbytechat\xbytechat-api\xbytechat-api\xbytechat.api.csproj]
D:\xbytechat\xbytechat-api\xbytechat-api\Features\CampaignTracking\DTOs\CampaignSendLogDto.cs(13,23): warning CS8618: Non-nullable property 'ContactPhone' must contain a non-null value when exiting constructor. Consider declaring the property as nullable. [D:\xbytechat\xbytechat-api\xbytechat-api\xbytechat.api.csproj]
D:\xbytechat\xbytechat-api\xbytechat-api\Features\CampaignTracking\DTOs\CampaignSendLogDto.cs(18,23): warning CS8618: Non-nullable property 'MessageBody' must contain a non-null value when exiting constructor. Consider declaring the property as nullable. [D:\xbytechat\xbytechat-api\xbytechat-api\xbytechat.api.csproj]
D:\xbytechat\xbytechat-api\xbytechat-api\Features\AutoReplyBuilder\Models\AutoReplyFlowEdge.cs(16,30): warning CS8618: Non-nullable property 'Flow' must contain a non-null value when exiting constructor. Consider declaring the property as nullable. [D:\xbytechat\xbytechat-api\xbytechat-api\xbytechat.api.csproj]
D:\xbytechat\xbytechat-api\xbytechat-api\Features\TemplatesModule\Services\MetaTemplateClient.cs(31,31): warning CS1998: This async method lacks 'await' operators and will run synchronously. Consider using the 'await' operator to await non-blocking API calls, or 'await Task.Run(...)' to do CPU-bound work on a background thread. [D:\xbytechat\xbytechat-api\xbytechat-api\xbytechat.api.csproj]
D:\xbytechat\xbytechat-api\xbytechat-api\Features\CampaignTracking\Controllers\CampaignSendLogController.cs(150,23): warning CS8618: Non-nullable property 'ClickType' must contain a non-null value when exiting constructor. Consider declaring the property as nullable. [D:\xbytechat\xbytechat-api\xbytechat-api\xbytechat.api.csproj]
D:\xbytechat\xbytechat-api\xbytechat-api\Features\BusinessModule\Models\Business.cs(19,23): warning CS8618: Non-nullable property 'BusinessName' must contain a non-null value when exiting constructor. Consider declaring the property as nullable. [D:\xbytechat\xbytechat-api\xbytechat-api\xbytechat.api.csproj]
D:\xbytechat\xbytechat-api\xbytechat-api\Features\BusinessModule\Models\Business.cs(20,23): warning CS8618: Non-nullable property 'BusinessEmail' must contain a non-null value when exiting constructor. Consider declaring the property as nullable. [D:\xbytechat\xbytechat-api\xbytechat-api\xbytechat.api.csproj]
D:\xbytechat\xbytechat-api\xbytechat-api\Features\BusinessModule\Models\Business.cs(59,46): warning CS8618: Non-nullable property 'MessageStatusLogs' must contain a non-null value when exiting constructor. Consider declaring the property as nullable. [D:\xbytechat\xbytechat-api\xbytechat-api\xbytechat.api.csproj]
D:\xbytechat\xbytechat-api\xbytechat-api\Features\BusinessModule\Models\Business.cs(70,51): warning CS8618: Non-nullable property 'WhatsAppSettings' must contain a non-null value when exiting constructor. Consider declaring the property as nullable. [D:\xbytechat\xbytechat-api\xbytechat-api\xbytechat.api.csproj]
D:\xbytechat\xbytechat-api\xbytechat-api\Features\BusinessModule\Models\Business.cs(72,34): warning CS8618: Non-nullable property 'Roles' must contain a non-null value when exiting constructor. Consider declaring the property as nullable. [D:\xbytechat\xbytechat-api\xbytechat-api\xbytechat.api.csproj]
D:\xbytechat\xbytechat-api\xbytechat-api\Features\CampaignTracking\Controllers\CampaignSendLogController.cs(143,23): warning CS8618: Non-nullable property 'Status' must contain a non-null value when exiting constructor. Consider declaring the property as nullable. [D:\xbytechat\xbytechat-api\xbytechat-api\xbytechat.api.csproj]
D:\xbytechat\xbytechat-api\xbytechat-api\Features\Catalog\Services\CatalogDashboardService.cs(52,59): warning CS8629: Nullable value type may be null. [D:\xbytechat\xbytechat-api\xbytechat-api\xbytechat.api.csproj]
D:\xbytechat\xbytechat-api\xbytechat-api\Features\BusinessModule\Services\BusinessService.cs(567,41): error CS1061: 'IGenericRepository<User>' does not contain a definition for 'DeleteAsync' and no accessible extension method 'DeleteAsync' accepting a first argument of type 'IGenericRepository<User>' could be found (are you missing a using directive or an assembly reference?) [D:\xbytechat\xbytechat-api\xbytechat-api\xbytechat.api.csproj]
D:\xbytechat\xbytechat-api\xbytechat-api\Features\BusinessModule\Services\BusinessService.cs(576,37): error CS1061: 'IGenericRepository<Business>' does not contain a definition for 'DeleteAsync' and no accessible extension method 'DeleteAsync' accepting a first argument of type 'IGenericRepository<Business>' could be found (are you missing a using directive or an assembly reference?) [D:\xbytechat\xbytechat-api\xbytechat-api\xbytechat.api.csproj]
D:\xbytechat\xbytechat-api\xbytechat-api\Features\Catalog\Services\CatalogDashboardService.cs(110,29): warning CS8629: Nullable value type may be null. [D:\xbytechat\xbytechat-api\xbytechat-api\xbytechat.api.csproj]
D:\xbytechat\xbytechat-api\xbytechat-api\Features\CampaignModule\Services\CampaignService.cs(2117,28): warning CS8601: Possible null reference assignment. [D:\xbytechat\xbytechat-api\xbytechat-api\xbytechat.api.csproj]
D:\xbytechat\xbytechat-api\xbytechat-api\Features\CampaignModule\Services\CampaignService.cs(2257,46): warning CS8601: Possible null reference assignment. [D:\xbytechat\xbytechat-api\xbytechat-api\xbytechat.api.csproj]
D:\xbytechat\xbytechat-api\xbytechat-api\Features\Catalog\Services\CatalogDashboardService.cs(122,34): warning CS8601: Possible null reference assignment. [D:\xbytechat\xbytechat-api\xbytechat-api\xbytechat.api.csproj]
D:\xbytechat\xbytechat-api\xbytechat-api\Features\Catalog\Services\CatalogDashboardService.cs(137,33): warning CS8629: Nullable value type may be null. [D:\xbytechat\xbytechat-api\xbytechat-api\xbytechat.api.csproj]
D:\xbytechat\xbytechat-api\xbytechat-api\Features\Catalog\Services\CatalogDashboardService.cs(154,30): warning CS8601: Possible null reference assignment. [D:\xbytechat\xbytechat-api\xbytechat-api\xbytechat.api.csproj]
D:\xbytechat\xbytechat-api\xbytechat-api\Features\CTAFlowBuilder\Services\CTAFlowService.cs(283,36): warning CS8601: Possible null reference assignment. [D:\xbytechat\xbytechat-api\xbytechat-api\xbytechat.api.csproj]
D:\xbytechat\xbytechat-api\xbytechat-api\Features\Tracking\Services\ContactJourneyService.cs(130,27): warning CS8601: Possible null reference assignment. [D:\xbytechat\xbytechat-api\xbytechat-api\xbytechat.api.csproj]
D:\xbytechat\xbytechat-api\xbytechat-api\Features\Tracking\Services\ContactJourneyService.cs(142,31): warning CS8601: Possible null reference assignment. [D:\xbytechat\xbytechat-api\xbytechat-api\xbytechat.api.csproj]
D:\xbytechat\xbytechat-api\xbytechat-api\Features\Tracking\Services\ContactJourneyService.cs(153,31): warning CS8601: Possible null reference assignment. [D:\xbytechat\xbytechat-api\xbytechat-api\xbytechat.api.csproj]
D:\xbytechat\xbytechat-api\xbytechat-api\Features\Tracking\Services\ContactJourneyService.cs(277,39): warning CS8601: Possible null reference assignment. [D:\xbytechat\xbytechat-api\xbytechat-api\xbytechat.api.csproj]
D:\xbytechat\xbytechat-api\xbytechat-api\Features\Tracking\Services\ContactJourneyService.cs(296,39): warning CS8601: Possible null reference assignment. [D:\xbytechat\xbytechat-api\xbytechat-api\xbytechat.api.csproj]
D:\xbytechat\xbytechat-api\xbytechat-api\Features\CampaignTracking\Services\CampaignSendLogService.cs(301,24): warning CS8629: Nullable value type may be null. [D:\xbytechat\xbytechat-api\xbytechat-api\xbytechat.api.csproj]
D:\xbytechat\xbytechat-api\xbytechat-api\Features\MessagesEngine\Services\MessageEngineService.cs(1885,38): warning CS8602: Dereference of a possibly null reference. [D:\xbytechat\xbytechat-api\xbytechat-api\xbytechat.api.csproj]
D:\xbytechat\xbytechat-api\xbytechat-api\Features\CRM\Services\NoteService.cs(104,26): warning CS8601: Possible null reference assignment. [D:\xbytechat\xbytechat-api\xbytechat-api\xbytechat.api.csproj]
D:\xbytechat\xbytechat-api\xbytechat-api\Features\ChatInbox\Services\ChatInboxCommandService.cs(86,28): warning CS8625: Cannot convert null literal to non-nullable reference type. [D:\xbytechat\xbytechat-api\xbytechat-api\xbytechat.api.csproj]
D:\xbytechat\xbytechat-api\xbytechat-api\Features\CampaignModule\Services\CampaignService.cs(2515,28): warning CS8601: Possible null reference assignment. [D:\xbytechat\xbytechat-api\xbytechat-api\xbytechat.api.csproj]
D:\xbytechat\xbytechat-api\xbytechat-api\Features\CRM\Models\Note.cs(12,23): warning CS8618: Non-nullable property 'Title' must contain a non-null value when exiting constructor. Consider declaring the property as nullable. [D:\xbytechat\xbytechat-api\xbytechat-api\xbytechat.api.csproj]
D:\xbytechat\xbytechat-api\xbytechat-api\Features\CRM\Models\Note.cs(13,23): warning CS8618: Non-nullable property 'Content' must contain a non-null value when exiting constructor. Consider declaring the property as nullable. [D:\xbytechat\xbytechat-api\xbytechat-api\xbytechat.api.csproj]
D:\xbytechat\xbytechat-api\xbytechat-api\Features\CRM\Models\Note.cs(16,23): warning CS8618: Non-nullable property 'Source' must contain a non-null value when exiting constructor. Consider declaring the property as nullable. [D:\xbytechat\xbytechat-api\xbytechat-api\xbytechat.api.csproj]
D:\xbytechat\xbytechat-api\xbytechat-api\Features\CRM\Models\Note.cs(17,23): warning CS8618: Non-nullable property 'CreatedBy' must contain a non-null value when exiting constructor. Consider declaring the property as nullable. [D:\xbytechat\xbytechat-api\xbytechat-api\xbytechat.api.csproj]
D:\xbytechat\xbytechat-api\xbytechat-api\Features\CRM\Services\ContactService.cs(112,24): warning CS8603: Possible null reference return. [D:\xbytechat\xbytechat-api\xbytechat-api\xbytechat.api.csproj]
D:\xbytechat\xbytechat-api\xbytechat-api\Features\CRM\Models\Contact.cs(19,23): warning CS8618: Non-nullable property 'Name' must contain a non-null value when exiting constructor. Consider declaring the property as nullable. [D:\xbytechat\xbytechat-api\xbytechat-api\xbytechat.api.csproj]
D:\xbytechat\xbytechat-api\xbytechat-api\Features\CRM\Models\Contact.cs(23,23): warning CS8618: Non-nullable property 'PhoneNumber' must contain a non-null value when exiting constructor. Consider declaring the property as nullable. [D:\xbytechat\xbytechat-api\xbytechat-api\xbytechat.api.csproj]
D:\xbytechat\xbytechat-api\xbytechat-api\Features\MessagesEngine\DTOs\TextMessageSendDto.cs(9,23): warning CS8618: Non-nullable property 'RecipientNumber' must contain a non-null value when exiting constructor. Consider declaring the property as nullable. [D:\xbytechat\xbytechat-api\xbytechat-api\xbytechat.api.csproj]
D:\xbytechat\xbytechat-api\xbytechat-api\Features\MessagesEngine\DTOs\TextMessageSendDto.cs(11,23): warning CS8618: Non-nullable property 'TextContent' must contain a non-null value when exiting constructor. Consider declaring the property as nullable. [D:\xbytechat\xbytechat-api\xbytechat-api\xbytechat.api.csproj]
D:\xbytechat\xbytechat-api\xbytechat-api\Features\MessagesEngine\DTOs\SimpleTemplateMessageDto.cs(12,23): warning CS8618: Non-nullable property 'RecipientNumber' must contain a non-null value when exiting constructor. Consider declaring the property as nullable. [D:\xbytechat\xbytechat-api\xbytechat-api\xbytechat.api.csproj]
D:\xbytechat\xbytechat-api\xbytechat-api\Features\MessagesEngine\DTOs\SimpleTemplateMessageDto.cs(14,23): warning CS8618: Non-nullable property 'TemplateName' must contain a non-null value when exiting constructor. Consider declaring the property as nullable. [D:\xbytechat\xbytechat-api\xbytechat-api\xbytechat.api.csproj]
D:\xbytechat\xbytechat-api\xbytechat-api\Features\MessagesEngine\DTOs\SendTemplateMessageSimpleDto.cs(6,23): warning CS8618: Non-nullable property 'RecipientNumber' must contain a non-null value when exiting constructor. Consider declaring the property as nullable. [D:\xbytechat\xbytechat-api\xbytechat-api\xbytechat.api.csproj]
D:\xbytechat\xbytechat-api\xbytechat-api\Features\MessagesEngine\DTOs\SendTemplateMessageSimpleDto.cs(7,23): warning CS8618: Non-nullable property 'TemplateName' must contain a non-null value when exiting constructor. Consider declaring the property as nullable. [D:\xbytechat\xbytechat-api\xbytechat-api\xbytechat.api.csproj]
D:\xbytechat\xbytechat-api\xbytechat-api\Features\MessagesEngine\DTOs\AutoSendTemplateMessageDto.cs(7,23): warning CS8618: Non-nullable property 'PhoneNumber' must contain a non-null value when exiting constructor. Consider declaring the property as nullable. [D:\xbytechat\xbytechat-api\xbytechat-api\xbytechat.api.csproj]
D:\xbytechat\xbytechat-api\xbytechat-api\Features\MessagesEngine\DTOs\AutoSendTemplateMessageDto.cs(9,23): warning CS8618: Non-nullable property 'TemplateName' must contain a non-null value when exiting constructor. Consider declaring the property as nullable. [D:\xbytechat\xbytechat-api\xbytechat-api\xbytechat.api.csproj]
D:\xbytechat\xbytechat-api\xbytechat-api\Features\CampaignModule\Services\CampaignService.cs(3026,32): warning CS8602: Dereference of a possibly null reference. [D:\xbytechat\xbytechat-api\xbytechat-api\xbytechat.api.csproj]
D:\xbytechat\xbytechat-api\xbytechat-api\Features\AutoReplyBuilder\Services\AutoReplyFlowService.cs(102,13): warning CS8602: Dereference of a possibly null reference. [D:\xbytechat\xbytechat-api\xbytechat-api\xbytechat.api.csproj]
D:\xbytechat\xbytechat-api\xbytechat-api\Features\CTAFlowBuilder\Services\CTAFlowService.cs(583,43): warning CS8602: Dereference of a possibly null reference. [D:\xbytechat\xbytechat-api\xbytechat-api\xbytechat.api.csproj]
D:\xbytechat\xbytechat-api\xbytechat-api\Features\CTAFlowBuilder\Services\CTAFlowService.cs(595,35): warning CS8602: Dereference of a possibly null reference. [D:\xbytechat\xbytechat-api\xbytechat-api\xbytechat.api.csproj]
D:\xbytechat\xbytechat-api\xbytechat-api\Features\CTAFlowBuilder\Services\CTAFlowService.cs(611,47): warning CS8602: Dereference of a possibly null reference. [D:\xbytechat\xbytechat-api\xbytechat-api\xbytechat.api.csproj]
D:\xbytechat\xbytechat-api\xbytechat-api\Features\CTAFlowBuilder\Services\CTAFlowService.cs(621,47): warning CS8602: Dereference of a possibly null reference. [D:\xbytechat\xbytechat-api\xbytechat-api\xbytechat.api.csproj]
D:\xbytechat\xbytechat-api\xbytechat-api\Features\CTAFlowBuilder\Services\CTAFlowService.cs(689,39): warning CS8602: Dereference of a possibly null reference. [D:\xbytechat\xbytechat-api\xbytechat-api\xbytechat.api.csproj]
D:\xbytechat\xbytechat-api\xbytechat-api\Features\CTAFlowBuilder\Services\CTAFlowService.cs(702,32): warning CS8602: Dereference of a possibly null reference. [D:\xbytechat\xbytechat-api\xbytechat-api\xbytechat.api.csproj]
D:\xbytechat\xbytechat-api\xbytechat-api\Features\CampaignModule\Services\CampaignService.cs(3264,28): warning CS8601: Possible null reference assignment. [D:\xbytechat\xbytechat-api\xbytechat-api\xbytechat.api.csproj]
D:\xbytechat\xbytechat-api\xbytechat-api\Features\CampaignModule\Services\CampaignService.cs(3452,42): warning CS8601: Possible null reference assignment. [D:\xbytechat\xbytechat-api\xbytechat-api\xbytechat.api.csproj]
D:\xbytechat\xbytechat-api\xbytechat-api\Features\CampaignModule\Services\CampaignService.cs(3609,47): warning CS8602: Dereference of a possibly null reference. [D:\xbytechat\xbytechat-api\xbytechat-api\xbytechat.api.csproj]
D:\xbytechat\xbytechat-api\xbytechat-api\Features\CampaignModule\Services\CampaignService.cs(3613,101): warning CS8602: Dereference of a possibly null reference. [D:\xbytechat\xbytechat-api\xbytechat-api\xbytechat.api.csproj]
D:\xbytechat\xbytechat-api\xbytechat-api\Features\CampaignModule\Services\CampaignService.cs(3683,28): warning CS8602: Dereference of a possibly null reference. [D:\xbytechat\xbytechat-api\xbytechat-api\xbytechat.api.csproj]
D:\xbytechat\xbytechat-api\xbytechat-api\Features\CampaignModule\Services\CampaignService.cs(3700,47): warning CS8602: Dereference of a possibly null reference. [D:\xbytechat\xbytechat-api\xbytechat-api\xbytechat.api.csproj]
D:\xbytechat\xbytechat-api\xbytechat-api\Features\CampaignModule\Services\CampaignService.cs(4474,38): warning CS8625: Cannot convert null literal to non-nullable reference type. [D:\xbytechat\xbytechat-api\xbytechat-api\xbytechat.api.csproj]
D:\xbytechat\xbytechat-api\xbytechat-api\Features\Billing\Services\BillingIngestService.cs(524,52): warning CA2013: Do not pass an argument with value type 'System.Text.Json.JsonElement' to 'ReferenceEquals'. Due to value boxing, this call to 'ReferenceEquals' can return an unexpected result. Consider using 'Equals' instead, or pass reference type arguments if you intend to use 'ReferenceEquals'. (https://learn.microsoft.com/dotnet/fundamentals/code-analysis/quality-rules/ca2013) [D:\xbytechat\xbytechat-api\xbytechat-api\xbytechat.api.csproj]
D:\xbytechat\xbytechat-api\xbytechat-api\Features\Billing\Services\BillingIngestService.cs(524,61): warning CA2013: Do not pass an argument with value type 'System.Text.Json.JsonElement' to 'ReferenceEquals'. Due to value boxing, this call to 'ReferenceEquals' can return an unexpected result. Consider using 'Equals' instead, or pass reference type arguments if you intend to use 'ReferenceEquals'. (https://learn.microsoft.com/dotnet/fundamentals/code-analysis/quality-rules/ca2013) [D:\xbytechat\xbytechat-api\xbytechat-api\xbytechat.api.csproj]
D:\xbytechat\xbytechat-api\xbytechat-api\Features\Billing\Services\BillingIngestService.cs(532,56): warning CA2013: Do not pass an argument with value type 'System.Text.Json.JsonElement' to 'ReferenceEquals'. Due to value boxing, this call to 'ReferenceEquals' can return an unexpected result. Consider using 'Equals' instead, or pass reference type arguments if you intend to use 'ReferenceEquals'. (https://learn.microsoft.com/dotnet/fundamentals/code-analysis/quality-rules/ca2013) [D:\xbytechat\xbytechat-api\xbytechat-api\xbytechat.api.csproj]
D:\xbytechat\xbytechat-api\xbytechat-api\Features\Billing\Services\BillingIngestService.cs(532,59): warning CA2013: Do not pass an argument with value type 'System.Text.Json.JsonElement' to 'ReferenceEquals'. Due to value boxing, this call to 'ReferenceEquals' can return an unexpected result. Consider using 'Equals' instead, or pass reference type arguments if you intend to use 'ReferenceEquals'. (https://learn.microsoft.com/dotnet/fundamentals/code-analysis/quality-rules/ca2013) [D:\xbytechat\xbytechat-api\xbytechat-api\xbytechat.api.csproj]

Build FAILED.

D:\xbytechat\xbytechat-api\xbytechat-api\AuthModule\Models\WhatsAppTemplate.cs(4,7): warning CS0105: The using directive for 'System.ComponentModel.DataAnnotations' appeared previously in this namespace [D:\xbytechat\xbytechat-api\xbytechat-api\xbytechat.api.csproj]
D:\xbytechat\xbytechat-api\xbytechat-api\Features\TemplatesModule\Services\TemplateLibraryService.cs(7,7): warning CS0105: The using directive for 'System.Text.Json' appeared previously in this namespace [D:\xbytechat\xbytechat-api\xbytechat-api\xbytechat.api.csproj]
D:\xbytechat\xbytechat-api\xbytechat-api\Features\AccountInsights\Services\AccountInsightsService.cs(507,23): warning CS8625: Cannot convert null literal to non-nullable reference type. [D:\xbytechat\xbytechat-api\xbytechat-api\xbytechat.api.csproj]
D:\xbytechat\xbytechat-api\xbytechat-api\Features\AccountInsights\Services\IAccountInsightsService.cs(33,92): warning CS8625: Cannot convert null literal to non-nullable reference type. [D:\xbytechat\xbytechat-api\xbytechat-api\xbytechat.api.csproj]
D:\xbytechat\xbytechat-api\xbytechat-api\Shared\TrackingUtils\TrackingUrlBuilder.cs(16,35): warning CS8625: Cannot convert null literal to non-nullable reference type. [D:\xbytechat\xbytechat-api\xbytechat-api\xbytechat.api.csproj]
D:\xbytechat\xbytechat-api\xbytechat-api\Shared\TrackingUtils\TrackingUrlBuilder.cs(17,32): warning CS8625: Cannot convert null literal to non-nullable reference type. [D:\xbytechat\xbytechat-api\xbytechat-api\xbytechat.api.csproj]
D:\xbytechat\xbytechat-api\xbytechat-api\Shared\TrackingUtils\TrackingUrlBuilder.cs(18,31): warning CS8625: Cannot convert null literal to non-nullable reference type. [D:\xbytechat\xbytechat-api\xbytechat-api\xbytechat.api.csproj]
D:\xbytechat\xbytechat-api\xbytechat-api\Features\MessagesEngine\DTOs\TemplateForUIResponseDto.cs(5,19): warning CS8618: Non-nullable property 'Name' must contain a non-null value when exiting constructor. Consider declaring the property as nullable. [D:\xbytechat\xbytechat-api\xbytechat-api\xbytechat.api.csproj]
D:\xbytechat\xbytechat-api\xbytechat-api\Features\MessagesEngine\DTOs\TemplateForUIResponseDto.cs(6,19): warning CS8618: Non-nullable property 'Language' must contain a non-null value when exiting constructor. Consider declaring the property as nullable. [D:\xbytechat\xbytechat-api\xbytechat-api\xbytechat.api.csproj]
D:\xbytechat\xbytechat-api\xbytechat-api\Features\MessagesEngine\DTOs\TemplateForUIResponseDto.cs(7,19): warning CS8618: Non-nullable property 'Body' must contain a non-null value when exiting constructor. Consider declaring the property as nullable. [D:\xbytechat\xbytechat-api\xbytechat-api\xbytechat.api.csproj]
D:\xbytechat\xbytechat-api\xbytechat-api\Features\MessagesEngine\DTOs\TemplateForUIResponseDto.cs(12,36): warning CS8618: Non-nullable property 'ButtonParams' must contain a non-null value when exiting constructor. Consider declaring the property as nullable. [D:\xbytechat\xbytechat-api\xbytechat-api\xbytechat.api.csproj]
D:\xbytechat\xbytechat-api\xbytechat-api\Features\MessagesEngine\DTOs\ImageTemplateMessageDto.cs(7,19): warning CS8618: Non-nullable property 'RecipientNumber' must contain a non-null value when exiting constructor. Consider declaring the property as nullable. [D:\xbytechat\xbytechat-api\xbytechat-api\xbytechat.api.csproj]
D:\xbytechat\xbytechat-api\xbytechat-api\Features\MessagesEngine\DTOs\ImageTemplateMessageDto.cs(8,19): warning CS8618: Non-nullable property 'TemplateName' must contain a non-null value when exiting constructor. Consider declaring the property as nullable. [D:\xbytechat\xbytechat-api\xbytechat-api\xbytechat.api.csproj]
D:\xbytechat\xbytechat-api\xbytechat-api\Features\MessagesEngine\DTOs\ImageTemplateMessageDto.cs(10,19): warning CS8618: Non-nullable property 'HeaderImageUrl' must contain a non-null value when exiting constructor. Consider declaring the property as nullable. [D:\xbytechat\xbytechat-api\xbytechat-api\xbytechat.api.csproj]
D:\xbytechat\xbytechat-api\xbytechat-api\Features\CRM\Models\ContactTag.cs(12,20): warning CS8618: Non-nullable property 'Contact' must contain a non-null value when exiting constructor. Consider declaring the property as nullable. [D:\xbytechat\xbytechat-api\xbytechat-api\xbytechat.api.csproj]
D:\xbytechat\xbytechat-api\xbytechat-api\Features\CRM\Models\ContactTag.cs(17,16): warning CS8618: Non-nullable property 'Tag' must contain a non-null value when exiting constructor. Consider declaring the property as nullable. [D:\xbytechat\xbytechat-api\xbytechat-api\xbytechat.api.csproj]
D:\xbytechat\xbytechat-api\xbytechat-api\Models\MessagesModel\MessageLog.cs(17,21): warning CS8618: Non-nullable property 'Business' must contain a non-null value when exiting constructor. Consider declaring the property as nullable. [D:\xbytechat\xbytechat-api\xbytechat-api\xbytechat.api.csproj]
D:\xbytechat\xbytechat-api\xbytechat-api\Models\MessagesModel\MessageLog.cs(20,19): warning CS8618: Non-nullable property 'RecipientNumber' must contain a non-null value when exiting constructor. Consider declaring the property as nullable. [D:\xbytechat\xbytechat-api\xbytechat-api\xbytechat.api.csproj]
D:\xbytechat\xbytechat-api\xbytechat-api\Models\MessagesModel\MessageLog.cs(21,19): warning CS8618: Non-nullable property 'MessageContent' must contain a non-null value when exiting constructor. Consider declaring the property as nullable. [D:\xbytechat\xbytechat-api\xbytechat-api\xbytechat.api.csproj]
D:\xbytechat\xbytechat-api\xbytechat-api\DTOs\Messages\BaseMessageDto.cs(13,23): warning CS8618: Non-nullable property 'RecipientNumber' must contain a non-null value when exiting constructor. Consider declaring the property as nullable. [D:\xbytechat\xbytechat-api\xbytechat-api\xbytechat.api.csproj]
D:\xbytechat\xbytechat-api\xbytechat-api\DTOs\Messages\TemplateMessageDto.cs(16,43): warning CS8618: Non-nullable property 'TemplateParameters' must contain a non-null value when exiting constructor. Consider declaring the property as nullable. [D:\xbytechat\xbytechat-api\xbytechat-api\xbytechat.api.csproj]
D:\xbytechat\xbytechat-api\xbytechat-api\AuthModule\Services\JwtTokenService.cs(147,44): warning CS8604: Possible null reference argument for parameter 's' in 'byte[] Encoding.GetBytes(string s)'. [D:\xbytechat\xbytechat-api\xbytechat-api\xbytechat.api.csproj]
D:\xbytechat\xbytechat-api\xbytechat-api\AuthModule\DTOs\UserLoginDto.cs(9,23): warning CS8618: Non-nullable property 'Email' must contain a non-null value when exiting constructor. Consider declaring the property as nullable. [D:\xbytechat\xbytechat-api\xbytechat-api\xbytechat.api.csproj]
D:\xbytechat\xbytechat-api\xbytechat-api\AuthModule\DTOs\UserLoginDto.cs(12,23): warning CS8618: Non-nullable property 'Password' must contain a non-null value when exiting constructor. Consider declaring the property as nullable. [D:\xbytechat\xbytechat-api\xbytechat-api\xbytechat.api.csproj]
D:\xbytechat\xbytechat-api\xbytechat-api\Features\Billing\Controllers\WhatsAppPinnacleWebhookController.cs(33,74): warning CS8604: Possible null reference argument for parameter 'payloadJson' in 'Task IBillingIngestService.IngestFromWebhookAsync(Guid businessId, string provider, string payloadJson)'. [D:\xbytechat\xbytechat-api\xbytechat-api\xbytechat.api.csproj]
D:\xbytechat\xbytechat-api\xbytechat-api\AuthModule\DTOs\UserDto.cs(6,23): warning CS8618: Non-nullable property 'Name' must contain a non-null value when exiting constructor. Consider declaring the property as nullable. [D:\xbytechat\xbytechat-api\xbytechat-api\xbytechat.api.csproj]
D:\xbytechat\xbytechat-api\xbytechat-api\AuthModule\DTOs\UserDto.cs(7,23): warning CS8618: Non-nullable property 'Email' must contain a non-null value when exiting constructor. Consider declaring the property as nullable. [D:\xbytechat\xbytechat-api\xbytechat-api\xbytechat.api.csproj]
D:\xbytechat\xbytechat-api\xbytechat-api\AuthModule\DTOs\UserDto.cs(8,23): warning CS8618: Non-nullable property 'Role' must contain a non-null value when exiting constructor. Consider declaring the property as nullable. [D:\xbytechat\xbytechat-api\xbytechat-api\xbytechat.api.csproj]
D:\xbytechat\xbytechat-api\xbytechat-api\AuthModule\DTOs\UserDto.cs(9,23): warning CS8618: Non-nullable property 'Status' must contain a non-null value when exiting constructor. Consider declaring the property as nullable. [D:\xbytechat\xbytechat-api\xbytechat-api\xbytechat.api.csproj]
D:\xbytechat\xbytechat-api\xbytechat-api\AuthModule\DTOs\UserDto.cs(14,23): warning CS8618: Non-nullable property 'CompanyName' must contain a non-null value when exiting constructor. Consider declaring the property as nullable. [D:\xbytechat\xbytechat-api\xbytechat-api\xbytechat.api.csproj]
D:\xbytechat\xbytechat-api\xbytechat-api\AuthModule\DTOs\UserDto.cs(15,23): warning CS8618: Non-nullable property 'Plan' must contain a non-null value when exiting constructor. Consider declaring the property as nullable. [D:\xbytechat\xbytechat-api\xbytechat-api\xbytechat.api.csproj]
D:\xbytechat\xbytechat-api\xbytechat-api\AuthModule\DTOs\UserDto.cs(16,23): warning CS8618: Non-nullable property 'AccessToken' must contain a non-null value when exiting constructor. Consider declaring the property as nullable. [D:\xbytechat\xbytechat-api\xbytechat-api\xbytechat.api.csproj]
D:\xbytechat\xbytechat-api\xbytechat-api\AuthModule\DTOs\ResetPasswordDto.cs(9,23): warning CS8618: Non-nullable property 'Email' must contain a non-null value when exiting constructor. Consider declaring the property as nullable. [D:\xbytechat\xbytechat-api\xbytechat-api\xbytechat.api.csproj]
D:\xbytechat\xbytechat-api\xbytechat-api\AuthModule\DTOs\ResetPasswordDto.cs(13,23): warning CS8618: Non-nullable property 'NewPassword' must contain a non-null value when exiting constructor. Consider declaring the property as nullable. [D:\xbytechat\xbytechat-api\xbytechat-api\xbytechat.api.csproj]
D:\xbytechat\xbytechat-api\xbytechat-api\AuthModule\DTOs\ResendConfirmationDto.cs(9,23): warning CS8618: Non-nullable property 'Email' must contain a non-null value when exiting constructor. Consider declaring the property as nullable. [D:\xbytechat\xbytechat-api\xbytechat-api\xbytechat.api.csproj]
D:\xbytechat\xbytechat-api\xbytechat-api\AuthModule\DTOs\RefreshTokenRequest.cs(5,23): warning CS8618: Non-nullable property 'RefreshToken' must contain a non-null value when exiting constructor. Consider declaring the property as nullable. [D:\xbytechat\xbytechat-api\xbytechat-api\xbytechat.api.csproj]
D:\xbytechat\xbytechat-api\xbytechat-api\AuthModule\Services\AuthService.cs(166,24): warning CS8601: Possible null reference assignment. [D:\xbytechat\xbytechat-api\xbytechat-api\xbytechat.api.csproj]
D:\xbytechat\xbytechat-api\xbytechat-api\AuthModule\Services\AuthService.cs(167,25): warning CS8601: Possible null reference assignment. [D:\xbytechat\xbytechat-api\xbytechat-api\xbytechat.api.csproj]
D:\xbytechat\xbytechat-api\xbytechat-api\AuthModule\Services\AuthService.cs(169,26): warning CS8601: Possible null reference assignment. [D:\xbytechat\xbytechat-api\xbytechat-api\xbytechat.api.csproj]
D:\xbytechat\xbytechat-api\xbytechat-api\AuthModule\Services\AuthService.cs(177,31): warning CS8625: Cannot convert null literal to non-nullable reference type. [D:\xbytechat\xbytechat-api\xbytechat-api\xbytechat.api.csproj]
D:\xbytechat\xbytechat-api\xbytechat-api\Features\PlanManagement\Models\BusinessPlanInfo.cs(19,25): warning CS8618: Non-nullable property 'Business' must contain a non-null value when exiting constructor. Consider declaring the property as nullable. [D:\xbytechat\xbytechat-api\xbytechat-api\xbytechat.api.csproj]
D:\xbytechat\xbytechat-api\xbytechat-api\AuthModule\Models\User.cs(17,25): warning CS8618: Non-nullable property 'Business' must contain a non-null value when exiting constructor. Consider declaring the property as nullable. [D:\xbytechat\xbytechat-api\xbytechat-api\xbytechat.api.csproj]
D:\xbytechat\xbytechat-api\xbytechat-api\AuthModule\Models\User.cs(21,23): warning CS8618: Non-nullable property 'Name' must contain a non-null value when exiting constructor. Consider declaring the property as nullable. [D:\xbytechat\xbytechat-api\xbytechat-api\xbytechat.api.csproj]
D:\xbytechat\xbytechat-api\xbytechat-api\AuthModule\Models\User.cs(25,23): warning CS8618: Non-nullable property 'Email' must contain a non-null value when exiting constructor. Consider declaring the property as nullable. [D:\xbytechat\xbytechat-api\xbytechat-api\xbytechat.api.csproj]
D:\xbytechat\xbytechat-api\xbytechat-api\AuthModule\Models\User.cs(28,23): warning CS8618: Non-nullable property 'PasswordHash' must contain a non-null value when exiting constructor. Consider declaring the property as nullable. [D:\xbytechat\xbytechat-api\xbytechat-api\xbytechat.api.csproj]
D:\xbytechat\xbytechat-api\xbytechat-api\AuthModule\Models\User.cs(33,21): warning CS8618: Non-nullable property 'Role' must contain a non-null value when exiting constructor. Consider declaring the property as nullable. [D:\xbytechat\xbytechat-api\xbytechat-api\xbytechat.api.csproj]
D:\xbytechat\xbytechat-api\xbytechat-api\AuthModule\Models\User.cs(44,38): warning CS8618: Non-nullable property 'SendLogs' must contain a non-null value when exiting constructor. Consider declaring the property as nullable. [D:\xbytechat\xbytechat-api\xbytechat-api\xbytechat.api.csproj]
D:\xbytechat\xbytechat-api\xbytechat-api\AuthModule\Models\User.cs(45,46): warning CS8618: Non-nullable property 'MessageStatusLogs' must contain a non-null value when exiting constructor. Consider declaring the property as nullable. [D:\xbytechat\xbytechat-api\xbytechat-api\xbytechat.api.csproj]
D:\xbytechat\xbytechat-api\xbytechat-api\AuthModule\Models\User.cs(48,44): warning CS8618: Non-nullable property 'UserPermissions' must contain a non-null value when exiting constructor. Consider declaring the property as nullable. [D:\xbytechat\xbytechat-api\xbytechat-api\xbytechat.api.csproj]
D:\xbytechat\xbytechat-api\xbytechat-api\WhatsAppSettings\Services\WhatsAppTemplateFetcherService.cs(82,42): warning CS8600: Converting null literal or possible null value to non-nullable type. [D:\xbytechat\xbytechat-api\xbytechat-api\xbytechat.api.csproj]
D:\xbytechat\xbytechat-api\xbytechat-api\WhatsAppSettings\Services\WhatsAppTemplateFetcherService.cs(141,42): warning CS8600: Converting null literal or possible null value to non-nullable type. [D:\xbytechat\xbytechat-api\xbytechat-api\xbytechat.api.csproj]
D:\xbytechat\xbytechat-api\xbytechat-api\WhatsAppSettings\Services\WhatsAppTemplateFetcherService.cs(184,39): warning CS8600: Converting null literal or possible null value to non-nullable type. [D:\xbytechat\xbytechat-api\xbytechat-api\xbytechat.api.csproj]
D:\xbytechat\xbytechat-api\xbytechat-api\WhatsAppSettings\Services\WhatsAppTemplateFetcherService.cs(244,28): warning CS8601: Possible null reference assignment. [D:\xbytechat\xbytechat-api\xbytechat-api\xbytechat.api.csproj]
D:\xbytechat\xbytechat-api\xbytechat-api\Middlewares\RequirePermissionAttribute.cs(23,18): warning CS8602: Dereference of a possibly null reference. [D:\xbytechat\xbytechat-api\xbytechat-api\xbytechat.api.csproj]
D:\xbytechat\xbytechat-api\xbytechat-api\WhatsAppSettings\Controllers\WhatsAppTemplateFetcherController.cs(59,41): warning CS8604: Possible null reference argument for parameter 'input' in 'Guid Guid.Parse(string input)'. [D:\xbytechat\xbytechat-api\xbytechat-api\xbytechat.api.csproj]
D:\xbytechat\xbytechat-api\xbytechat-api\WhatsAppSettings\Services\WhatsAppTemplateFetcherService.cs(258,24): warning CS8602: Dereference of a possibly null reference. [D:\xbytechat\xbytechat-api\xbytechat-api\xbytechat.api.csproj]
D:\xbytechat\xbytechat-api\xbytechat-api\WhatsAppSettings\Services\WhatsAppTemplateFetcherService.cs(388,30): warning CS8600: Converting null literal or possible null value to non-nullable type. [D:\xbytechat\xbytechat-api\xbytechat-api\xbytechat.api.csproj]
D:\xbytechat\xbytechat-api\xbytechat-api\WhatsAppSettings\Services\WhatsAppTemplateFetcherService.cs(390,33): warning CS8602: Dereference of a possibly null reference. [D:\xbytechat\xbytechat-api\xbytechat-api\xbytechat.api.csproj]
D:\xbytechat\xbytechat-api\xbytechat-api\WhatsAppSettings\Services\WhatsAppTemplateFetcherService.cs(404,30): warning CS8600: Converting null literal or possible null value to non-nullable type. [D:\xbytechat\xbytechat-api\xbytechat-api\xbytechat.api.csproj]
D:\xbytechat\xbytechat-api\xbytechat-api\WhatsAppSettings\Controllers\WhatsAppSettingsController.cs(191,28): warning CS8601: Possible null reference assignment. [D:\xbytechat\xbytechat-api\xbytechat-api\xbytechat.api.csproj]
D:\xbytechat\xbytechat-api\xbytechat-api\WhatsAppSettings\Services\WhatsAppTemplateFetcherService.cs(427,31): warning CS8600: Converting null literal or possible null value to non-nullable type. [D:\xbytechat\xbytechat-api\xbytechat-api\xbytechat.api.csproj]
D:\xbytechat\xbytechat-api\xbytechat-api\WhatsAppSettings\Services\WhatsAppTemplateFetcherService.cs(478,24): warning CS8601: Possible null reference assignment. [D:\xbytechat\xbytechat-api\xbytechat-api\xbytechat.api.csproj]
D:\xbytechat\xbytechat-api\xbytechat-api\AuthModule\Services\AuthService.cs(407,43): warning CS8602: Dereference of a possibly null reference. [D:\xbytechat\xbytechat-api\xbytechat-api\xbytechat.api.csproj]
D:\xbytechat\xbytechat-api\xbytechat-api\AuthModule\Services\AuthService.cs(475,20): warning CS8619: Nullability of reference types in value of type '(List<string>, List<string?>)' doesn't match target type '(List<string> Perms, List<string> Features)'. [D:\xbytechat\xbytechat-api\xbytechat-api\xbytechat.api.csproj]
D:\xbytechat\xbytechat-api\xbytechat-api\WhatsAppSettings\Services\TemplateSyncService.cs(426,60): warning CS8604: Possible null reference argument for parameter 'rawJson' in 'TemplateSummaryDto TemplateJsonHelper.SummarizeDetailed(string rawJson, string? bodyFallback = null)'. [D:\xbytechat\xbytechat-api\xbytechat-api\xbytechat.api.csproj]
D:\xbytechat\xbytechat-api\xbytechat-api\WhatsAppSettings\Providers\PinnacleTemplateCatalogProvider.cs(172,55): warning CS8602: Dereference of a possibly null reference. [D:\xbytechat\xbytechat-api\xbytechat-api\xbytechat.api.csproj]
D:\xbytechat\xbytechat-api\xbytechat-api\WhatsAppSettings\Providers\MetaTemplateCatalogProvider.cs(44,34): warning CS8600: Converting null literal or possible null value to non-nullable type. [D:\xbytechat\xbytechat-api\xbytechat-api\xbytechat.api.csproj]
D:\xbytechat\xbytechat-api\xbytechat-api\WhatsAppSettings\Providers\MetaTemplateCatalogProvider.cs(45,37): warning CS8602: Dereference of a possibly null reference. [D:\xbytechat\xbytechat-api\xbytechat-api\xbytechat.api.csproj]
D:\xbytechat\xbytechat-api\xbytechat-api\Program.cs(831,40): warning CS8604: Possible null reference argument for parameter 'hostNameOrAddress' in 'IPAddress[] Dns.GetHostAddresses(string hostNameOrAddress)'. [D:\xbytechat\xbytechat-api\xbytechat-api\xbytechat.api.csproj]
D:\xbytechat\xbytechat-api\xbytechat-api\WhatsAppSettings\Models\WhatsAppSettingEntity.cs(18,23): warning CS8618: Non-nullable property 'Provider' must contain a non-null value when exiting constructor. Consider declaring the property as nullable. [D:\xbytechat\xbytechat-api\xbytechat-api\xbytechat.api.csproj]
D:\xbytechat\xbytechat-api\xbytechat-api\WhatsAppSettings\Models\WhatsAppSettingEntity.cs(22,23): warning CS8618: Non-nullable property 'ApiUrl' must contain a non-null value when exiting constructor. Consider declaring the property as nullable. [D:\xbytechat\xbytechat-api\xbytechat-api\xbytechat.api.csproj]
D:\xbytechat\xbytechat-api\xbytechat-api\WhatsAppSettings\Models\WhatsAppSettingEntity.cs(25,23): warning CS8618: Non-nullable property 'ApiKey' must contain a non-null value when exiting constructor. Consider declaring the property as nullable. [D:\xbytechat\xbytechat-api\xbytechat-api\xbytechat.api.csproj]
D:\xbytechat\xbytechat-api\xbytechat-api\WhatsAppSettings\Helpers\TemplateJsonHelper.cs(176,35): warning CS8601: Possible null reference assignment. [D:\xbytechat\xbytechat-api\xbytechat-api\xbytechat.api.csproj]
D:\xbytechat\xbytechat-api\xbytechat-api\PayloadBuilders\ImageMessagePayloadBuilder.cs(17,22): warning CS8602: Dereference of a possibly null reference. [D:\xbytechat\xbytechat-api\xbytechat-api\xbytechat.api.csproj]
D:\xbytechat\xbytechat-api\xbytechat-api\WhatsAppSettings\Services\WhatsAppSettingsService.cs(174,37): warning CS8603: Possible null reference return. [D:\xbytechat\xbytechat-api\xbytechat-api\xbytechat.api.csproj]
D:\xbytechat\xbytechat-api\xbytechat-api\WhatsAppSettings\DTOs\ButtonMetadataDto.cs(5,23): warning CS8618: Non-nullable property 'Type' must contain a non-null value when exiting constructor. Consider declaring the property as nullable. [D:\xbytechat\xbytechat-api\xbytechat-api\xbytechat.api.csproj]
D:\xbytechat\xbytechat-api\xbytechat-api\WhatsAppSettings\DTOs\ButtonMetadataDto.cs(6,23): warning CS8618: Non-nullable property 'Text' must contain a non-null value when exiting constructor. Consider declaring the property as nullable. [D:\xbytechat\xbytechat-api\xbytechat-api\xbytechat.api.csproj]
D:\xbytechat\xbytechat-api\xbytechat-api\WhatsAppSettings\DTOs\ButtonMetadataDto.cs(7,23): warning CS8618: Non-nullable property 'SubType' must contain a non-null value when exiting constructor. Consider declaring the property as nullable. [D:\xbytechat\xbytechat-api\xbytechat-api\xbytechat.api.csproj]
D:\xbytechat\xbytechat-api\xbytechat-api\Features\AccessControl\Services\PlanService.cs(36,35): warning CS8601: Possible null reference assignment. [D:\xbytechat\xbytechat-api\xbytechat-api\xbytechat.api.csproj]
D:\xbytechat\xbytechat-api\xbytechat-api\Features\AccessControl\Services\PlanService.cs(66,35): warning CS8601: Possible null reference assignment. [D:\xbytechat\xbytechat-api\xbytechat-api\xbytechat.api.csproj]
D:\xbytechat\xbytechat-api\xbytechat-api\Features\AccessControl\DTOs\UpdatePlanDto.cs(5,23): warning CS8618: Non-nullable property 'Name' must contain a non-null value when exiting constructor. Consider declaring the property as nullable. [D:\xbytechat\xbytechat-api\xbytechat-api\xbytechat.api.csproj]
D:\xbytechat\xbytechat-api\xbytechat-api\Features\AccessControl\DTOs\UpdatePlanDto.cs(6,23): warning CS8618: Non-nullable property 'Code' must contain a non-null value when exiting constructor. Consider declaring the property as nullable. [D:\xbytechat\xbytechat-api\xbytechat-api\xbytechat.api.csproj]
D:\xbytechat\xbytechat-api\xbytechat-api\Features\AccessControl\DTOs\UpdatePlanDto.cs(7,23): warning CS8618: Non-nullable property 'Description' must contain a non-null value when exiting constructor. Consider declaring the property as nullable. [D:\xbytechat\xbytechat-api\xbytechat-api\xbytechat.api.csproj]
D:\xbytechat\xbytechat-api\xbytechat-api\Features\AccessControl\DTOs\CreatePlanDto.cs(7,23): warning CS8618: Non-nullable property 'Code' must contain a non-null value when exiting constructor. Consider declaring the property as nullable. [D:\xbytechat\xbytechat-api\xbytechat-api\xbytechat.api.csproj]
D:\xbytechat\xbytechat-api\xbytechat-api\Features\AccessControl\DTOs\CreatePlanDto.cs(8,23): warning CS8618: Non-nullable property 'Name' must contain a non-null value when exiting constructor. Consider declaring the property as nullable. [D:\xbytechat\xbytechat-api\xbytechat-api\xbytechat.api.csproj]
D:\xbytechat\xbytechat-api\xbytechat-api\Features\AccessControl\DTOs\GroupedPermissionDto.cs(7,23): warning CS8618: Non-nullable property 'Group' must contain a non-null value when exiting constructor. Consider declaring the property as nullable. [D:\xbytechat\xbytechat-api\xbytechat-api\xbytechat.api.csproj]
D:\xbytechat\xbytechat-api\xbytechat-api\Features\AccessControl\DTOs\GroupedPermissionDto.cs(8,33): warning CS8618: Non-nullable property 'Features' must contain a non-null value when exiting constructor. Consider declaring the property as nullable. [D:\xbytechat\xbytechat-api\xbytechat-api\xbytechat.api.csproj]
D:\xbytechat\xbytechat-api\xbytechat-api\Features\AccessControl\DTOs\PermissionDto.cs(6,23): warning CS8618: Non-nullable property 'Code' must contain a non-null value when exiting constructor. Consider declaring the property as nullable. [D:\xbytechat\xbytechat-api\xbytechat-api\xbytechat.api.csproj]
D:\xbytechat\xbytechat-api\xbytechat-api\Features\AccessControl\DTOs\PermissionDto.cs(7,23): warning CS8618: Non-nullable property 'Name' must contain a non-null value when exiting constructor. Consider declaring the property as nullable. [D:\xbytechat\xbytechat-api\xbytechat-api\xbytechat.api.csproj]
D:\xbytechat\xbytechat-api\xbytechat-api\Features\AccessControl\DTOs\PlanDto.cs(6,23): warning CS8618: Non-nullable property 'Code' must contain a non-null value when exiting constructor. Consider declaring the property as nullable. [D:\xbytechat\xbytechat-api\xbytechat-api\xbytechat.api.csproj]
D:\xbytechat\xbytechat-api\xbytechat-api\Features\AccessControl\DTOs\PlanDto.cs(7,23): warning CS8618: Non-nullable property 'Name' must contain a non-null value when exiting constructor. Consider declaring the property as nullable. [D:\xbytechat\xbytechat-api\xbytechat-api\xbytechat.api.csproj]
D:\xbytechat\xbytechat-api\xbytechat-api\Features\AccessControl\DTOs\PlanDto.cs(8,23): warning CS8618: Non-nullable property 'Description' must contain a non-null value when exiting constructor. Consider declaring the property as nullable. [D:\xbytechat\xbytechat-api\xbytechat-api\xbytechat.api.csproj]
D:\xbytechat\xbytechat-api\xbytechat-api\Features\AccessControl\Models\UserPermission.cs(11,21): warning CS8618: Non-nullable property 'User' must contain a non-null value when exiting constructor. Consider declaring the property as nullable. [D:\xbytechat\xbytechat-api\xbytechat-api\xbytechat.api.csproj]
D:\xbytechat\xbytechat-api\xbytechat-api\Features\AccessControl\Models\UserPermission.cs(14,27): warning CS8618: Non-nullable property 'Permission' must contain a non-null value when exiting constructor. Consider declaring the property as nullable. [D:\xbytechat\xbytechat-api\xbytechat-api\xbytechat.api.csproj]
D:\xbytechat\xbytechat-api\xbytechat-api\Features\AccessControl\Models\RolePermission.cs(10,21): warning CS8618: Non-nullable property 'Role' must contain a non-null value when exiting constructor. Consider declaring the property as nullable. [D:\xbytechat\xbytechat-api\xbytechat-api\xbytechat.api.csproj]
D:\xbytechat\xbytechat-api\xbytechat-api\Features\AccessControl\Models\RolePermission.cs(13,27): warning CS8618: Non-nullable property 'Permission' must contain a non-null value when exiting constructor. Consider declaring the property as nullable. [D:\xbytechat\xbytechat-api\xbytechat-api\xbytechat.api.csproj]
D:\xbytechat\xbytechat-api\xbytechat-api\Features\AccessControl\Models\Role.cs(12,23): warning CS8618: Non-nullable property 'Name' must contain a non-null value when exiting constructor. Consider declaring the property as nullable. [D:\xbytechat\xbytechat-api\xbytechat-api\xbytechat.api.csproj]
D:\xbytechat\xbytechat-api\xbytechat-api\Features\AccessControl\Models\Role.cs(25,44): warning CS8618: Non-nullable property 'RolePermissions' must contain a non-null value when exiting constructor. Consider declaring the property as nullable. [D:\xbytechat\xbytechat-api\xbytechat-api\xbytechat.api.csproj]
D:\xbytechat\xbytechat-api\xbytechat-api\Features\AccessControl\Models\Role.cs(26,34): warning CS8618: Non-nullable property 'Users' must contain a non-null value when exiting constructor. Consider declaring the property as nullable. [D:\xbytechat\xbytechat-api\xbytechat-api\xbytechat.api.csproj]
D:\xbytechat\xbytechat-api\xbytechat-api\WhatsAppSettings\Controllers\TemplatesController.cs(258,36): warning CS8602: Dereference of a possibly null reference. [D:\xbytechat\xbytechat-api\xbytechat-api\xbytechat.api.csproj]
D:\xbytechat\xbytechat-api\xbytechat-api\Features\AccessControl\Models\PlanPermission.cs(10,21): warning CS8618: Non-nullable property 'Plan' must contain a non-null value when exiting constructor. Consider declaring the property as nullable. [D:\xbytechat\xbytechat-api\xbytechat-api\xbytechat.api.csproj]
D:\xbytechat\xbytechat-api\xbytechat-api\Features\AccessControl\Models\PlanPermission.cs(13,27): warning CS8618: Non-nullable property 'Permission' must contain a non-null value when exiting constructor. Consider declaring the property as nullable. [D:\xbytechat\xbytechat-api\xbytechat-api\xbytechat.api.csproj]
D:\xbytechat\xbytechat-api\xbytechat-api\Features\AccessControl\Models\Plan.cs(11,23): warning CS8618: Non-nullable property 'Code' must contain a non-null value when exiting constructor. Consider declaring the property as nullable. [D:\xbytechat\xbytechat-api\xbytechat-api\xbytechat.api.csproj]
D:\xbytechat\xbytechat-api\xbytechat-api\Features\AccessControl\Models\Plan.cs(12,23): warning CS8618: Non-nullable property 'Name' must contain a non-null value when exiting constructor. Consider declaring the property as nullable. [D:\xbytechat\xbytechat-api\xbytechat-api\xbytechat.api.csproj]
D:\xbytechat\xbytechat-api\xbytechat-api\Features\AccessControl\Models\Plan.cs(21,44): warning CS8618: Non-nullable property 'PlanPermissions' must contain a non-null value when exiting constructor. Consider declaring the property as nullable. [D:\xbytechat\xbytechat-api\xbytechat-api\xbytechat.api.csproj]
D:\xbytechat\xbytechat-api\xbytechat-api\Features\AccessControl\Models\Permission.cs(10,23): warning CS8618: Non-nullable property 'Code' must contain a non-null value when exiting constructor. Consider declaring the property as nullable. [D:\xbytechat\xbytechat-api\xbytechat-api\xbytechat.api.csproj]
D:\xbytechat\xbytechat-api\xbytechat-api\Features\AccessControl\Models\Permission.cs(12,23): warning CS8618: Non-nullable property 'Name' must contain a non-null value when exiting constructor. Consider declaring the property as nullable. [D:\xbytechat\xbytechat-api\xbytechat-api\xbytechat.api.csproj]
D:\xbytechat\xbytechat-api\xbytechat-api\Features\AccessControl\Models\Permission.cs(22,44): warning CS8618: Non-nullable property 'RolePermissions' must contain a non-null value when exiting constructor. Consider declaring the property as nullable. [D:\xbytechat\xbytechat-api\xbytechat-api\xbytechat.api.csproj]
D:\xbytechat\xbytechat-api\xbytechat-api\Features\AccessControl\Models\Permission.cs(24,44): warning CS8618: Non-nullable property 'UserPermissions' must contain a non-null value when exiting constructor. Consider declaring the property as nullable. [D:\xbytechat\xbytechat-api\xbytechat-api\xbytechat.api.csproj]
D:\xbytechat\xbytechat-api\xbytechat-api\Features\AccessControl\Models\Permission.cs(26,44): warning CS8618: Non-nullable property 'PlanPermissions' must contain a non-null value when exiting constructor. Consider declaring the property as nullable. [D:\xbytechat\xbytechat-api\xbytechat-api\xbytechat.api.csproj]
D:\xbytechat\xbytechat-api\xbytechat-api\Features\AccessControl\Services\PermissionCacheService.cs(34,50): warning CS8600: Converting null literal or possible null value to non-nullable type. [D:\xbytechat\xbytechat-api\xbytechat-api\xbytechat.api.csproj]
D:\xbytechat\xbytechat-api\xbytechat-api\Features\AccessControl\Services\PermissionCacheService.cs(35,24): warning CS8603: Possible null reference return. [D:\xbytechat\xbytechat-api\xbytechat-api\xbytechat.api.csproj]
D:\xbytechat\xbytechat-api\xbytechat-api\Services\WhatsAppService.cs(19,30): warning CS8601: Possible null reference assignment. [D:\xbytechat\xbytechat-api\xbytechat-api\xbytechat.api.csproj]
D:\xbytechat\xbytechat-api\xbytechat-api\Services\WhatsAppService.cs(20,32): warning CS8601: Possible null reference assignment. [D:\xbytechat\xbytechat-api\xbytechat-api\xbytechat.api.csproj]
D:\xbytechat\xbytechat-api\xbytechat-api\Services\WhatsAppService.cs(15,16): warning CS8618: Non-nullable field '_whatsAppToken' must contain a non-null value when exiting constructor. Consider declaring the field as nullable. [D:\xbytechat\xbytechat-api\xbytechat-api\xbytechat.api.csproj]
D:\xbytechat\xbytechat-api\xbytechat-api\Services\WhatsAppService.cs(15,16): warning CS8618: Non-nullable field '_whatsAppPhoneId' must contain a non-null value when exiting constructor. Consider declaring the field as nullable. [D:\xbytechat\xbytechat-api\xbytechat-api\xbytechat.api.csproj]
D:\xbytechat\xbytechat-api\xbytechat-api\Services\MessageModule\Implementations\MessageService.cs(194,43): warning CS8600: Converting null literal or possible null value to non-nullable type. [D:\xbytechat\xbytechat-api\xbytechat-api\xbytechat.api.csproj]
D:\xbytechat\xbytechat-api\xbytechat-api\Features\AccountInsights\Models\AccountInsightsAction.cs(18,23): warning CS8618: Non-nullable property 'ActionType' must contain a non-null value when exiting constructor. Consider declaring the property as nullable. [D:\xbytechat\xbytechat-api\xbytechat-api\xbytechat.api.csproj]
D:\xbytechat\xbytechat-api\xbytechat-api\Features\AccountInsights\Models\AccountInsightsAction.cs(23,23): warning CS8618: Non-nullable property 'Label' must contain a non-null value when exiting constructor. Consider declaring the property as nullable. [D:\xbytechat\xbytechat-api\xbytechat-api\xbytechat.api.csproj]
D:\xbytechat\xbytechat-api\xbytechat-api\Features\AccountInsights\Models\AccountInsightsAction.cs(28,23): warning CS8618: Non-nullable property 'Actor' must contain a non-null value when exiting constructor. Consider declaring the property as nullable. [D:\xbytechat\xbytechat-api\xbytechat-api\xbytechat.api.csproj]
D:\xbytechat\xbytechat-api\xbytechat-api\Features\AccountInsights\Models\AccountInsightsAction.cs(34,23): warning CS8618: Non-nullable property 'MetaJson' must contain a non-null value when exiting constructor. Consider declaring the property as nullable. [D:\xbytechat\xbytechat-api\xbytechat-api\xbytechat.api.csproj]
D:\xbytechat\xbytechat-api\xbytechat-api\Features\AccountInsights\DTOs\AccountInsightsSnapshotDto.cs(10,23): warning CS8618: Non-nullable property 'BusinessName' must contain a non-null value when exiting constructor. Consider declaring the property as nullable. [D:\xbytechat\xbytechat-api\xbytechat-api\xbytechat.api.csproj]
D:\xbytechat\xbytechat-api\xbytechat-api\Features\AccountInsights\DTOs\AccountInsightsSnapshotDto.cs(11,23): warning CS8618: Non-nullable property 'BusinessEmail' must contain a non-null value when exiting constructor. Consider declaring the property as nullable. [D:\xbytechat\xbytechat-api\xbytechat-api\xbytechat.api.csproj]
D:\xbytechat\xbytechat-api\xbytechat-api\Features\AccountInsights\DTOs\AccountInsightsSnapshotDto.cs(14,23): warning CS8618: Non-nullable property 'Status' must contain a non-null value when exiting constructor. Consider declaring the property as nullable. [D:\xbytechat\xbytechat-api\xbytechat-api\xbytechat.api.csproj]
D:\xbytechat\xbytechat-api\xbytechat-api\Features\AccountInsights\DTOs\AccountInsightsActionDto.cs(10,23): warning CS8618: Non-nullable property 'Type' must contain a non-null value when exiting constructor. Consider declaring the property as nullable. [D:\xbytechat\xbytechat-api\xbytechat-api\xbytechat.api.csproj]
D:\xbytechat\xbytechat-api\xbytechat-api\Features\AccountInsights\DTOs\AccountInsightsActionDto.cs(11,23): warning CS8618: Non-nullable property 'Label' must contain a non-null value when exiting constructor. Consider declaring the property as nullable. [D:\xbytechat\xbytechat-api\xbytechat-api\xbytechat.api.csproj]
D:\xbytechat\xbytechat-api\xbytechat-api\Features\AccountInsights\DTOs\AccountInsightsActionDto.cs(12,23): warning CS8618: Non-nullable property 'Actor' must contain a non-null value when exiting constructor. Consider declaring the property as nullable. [D:\xbytechat\xbytechat-api\xbytechat-api\xbytechat.api.csproj]
D:\xbytechat\xbytechat-api\xbytechat-api\Features\AccountInsights\DTOs\AccountInsightsActionDto.cs(14,23): warning CS8618: Non-nullable property 'MetaJson' must contain a non-null value when exiting constructor. Consider declaring the property as nullable. [D:\xbytechat\xbytechat-api\xbytechat-api\xbytechat.api.csproj]
D:\xbytechat\xbytechat-api\xbytechat-api\Features\CampaignModule\Models\OutboundMessageJob.cs(18,23): warning CS8618: Non-nullable property 'LanguageCode' must contain a non-null value when exiting constructor. Consider declaring the property as nullable. [D:\xbytechat\xbytechat-api\xbytechat-api\xbytechat.api.csproj]
D:\xbytechat\xbytechat-api\xbytechat-api\Features\CampaignModule\SendEngine\Adapters\MetaCloudPayloadMapper.cs(34,31): warning CS8602: Dereference of a possibly null reference. [D:\xbytechat\xbytechat-api\xbytechat-api\xbytechat.api.csproj]
D:\xbytechat\xbytechat-api\xbytechat-api\Features\CampaignModule\Models\CampaignButton.cs(10,25): warning CS8618: Non-nullable property 'Campaign' must contain a non-null value when exiting constructor. Consider declaring the property as nullable. [D:\xbytechat\xbytechat-api\xbytechat-api\xbytechat.api.csproj]
D:\xbytechat\xbytechat-api\xbytechat-api\Features\CampaignModule\DTOs\CampaignRecipientDto.cs(10,23): warning CS8618: Non-nullable property 'ContactName' must contain a non-null value when exiting constructor. Consider declaring the property as nullable. [D:\xbytechat\xbytechat-api\xbytechat-api\xbytechat.api.csproj]
D:\xbytechat\xbytechat-api\xbytechat-api\Features\CampaignModule\DTOs\CampaignRecipientDto.cs(11,23): warning CS8618: Non-nullable property 'ContactPhone' must contain a non-null value when exiting constructor. Consider declaring the property as nullable. [D:\xbytechat\xbytechat-api\xbytechat-api\xbytechat.api.csproj]
D:\xbytechat\xbytechat-api\xbytechat-api\Features\CampaignModule\DTOs\CampaignRecipientDto.cs(13,23): warning CS8618: Non-nullable property 'Status' must contain a non-null value when exiting constructor. Consider declaring the property as nullable. [D:\xbytechat\xbytechat-api\xbytechat-api\xbytechat.api.csproj]
D:\xbytechat\xbytechat-api\xbytechat-api\Features\CampaignModule\SendEngine\Adapters\MetaCloudPayloadMapper.cs(155,25): warning CS8602: Dereference of a possibly null reference. [D:\xbytechat\xbytechat-api\xbytechat-api\xbytechat.api.csproj]
D:\xbytechat\xbytechat-api\xbytechat-api\Features\AuditTrail\DTOs\CreateAuditLogDto.cs(5,19): warning CS8618: Non-nullable property 'ActionType' must contain a non-null value when exiting constructor. Consider declaring the property as nullable. [D:\xbytechat\xbytechat-api\xbytechat-api\xbytechat.api.csproj]
D:\xbytechat\xbytechat-api\xbytechat-api\Features\AuditTrail\DTOs\CreateAuditLogDto.cs(6,19): warning CS8618: Non-nullable property 'Module' must contain a non-null value when exiting constructor. Consider declaring the property as nullable. [D:\xbytechat\xbytechat-api\xbytechat-api\xbytechat.api.csproj]
D:\xbytechat\xbytechat-api\xbytechat-api\Features\Webhooks\Services\Resolvers\MessageIdResolver.cs(35,21): warning CS8602: Dereference of a possibly null reference. [D:\xbytechat\xbytechat-api\xbytechat-api\xbytechat.api.csproj]
D:\xbytechat\xbytechat-api\xbytechat-api\Features\CampaignModule\Models\Campaign.cs(19,25): warning CS8618: Non-nullable property 'Business' must contain a non-null value when exiting constructor. Consider declaring the property as nullable. [D:\xbytechat\xbytechat-api\xbytechat-api\xbytechat.api.csproj]
D:\xbytechat\xbytechat-api\xbytechat-api\Features\CampaignModule\Models\Campaign.cs(24,23): warning CS8618: Non-nullable property 'Name' must contain a non-null value when exiting constructor. Consider declaring the property as nullable. [D:\xbytechat\xbytechat-api\xbytechat-api\xbytechat.api.csproj]
D:\xbytechat\xbytechat-api\xbytechat-api\Features\CampaignModule\Models\Campaign.cs(25,23): warning CS8618: Non-nullable property 'MessageTemplate' must contain a non-null value when exiting constructor. Consider declaring the property as nullable. [D:\xbytechat\xbytechat-api\xbytechat-api\xbytechat.api.csproj]
D:\xbytechat\xbytechat-api\xbytechat-api\Features\CampaignModule\Models\Campaign.cs(57,47): warning CS8618: Non-nullable property 'Recipients' must contain a non-null value when exiting constructor. Consider declaring the property as nullable. [D:\xbytechat\xbytechat-api\xbytechat-api\xbytechat.api.csproj]
D:\xbytechat\xbytechat-api\xbytechat-api\Features\CampaignModule\Models\Campaign.cs(61,46): warning CS8618: Non-nullable property 'MessageStatusLogs' must contain a non-null value when exiting constructor. Consider declaring the property as nullable. [D:\xbytechat\xbytechat-api\xbytechat-api\xbytechat.api.csproj]
D:\xbytechat\xbytechat-api\xbytechat-api\Features\CampaignModule\DTOs\CampaignDto.cs(11,23): warning CS8618: Non-nullable property 'Name' must contain a non-null value when exiting constructor. Consider declaring the property as nullable. [D:\xbytechat\xbytechat-api\xbytechat-api\xbytechat.api.csproj]
D:\xbytechat\xbytechat-api\xbytechat-api\Features\CampaignModule\DTOs\CampaignDto.cs(13,23): warning CS8618: Non-nullable property 'MessageTemplate' must contain a non-null value when exiting constructor. Consider declaring the property as nullable. [D:\xbytechat\xbytechat-api\xbytechat-api\xbytechat.api.csproj]
D:\xbytechat\xbytechat-api\xbytechat-api\Features\Audiences\Services\AudienceService.cs(123,31): warning CS8714: The type 'string?' cannot be used as type parameter 'TKey' in the generic type or method 'Enumerable.ToDictionary<TSource, TKey, TElement>(IEnumerable<TSource>, Func<TSource, TKey>, Func<TSource, TElement>)'. Nullability of type argument 'string?' doesn't match 'notnull' constraint. [D:\xbytechat\xbytechat-api\xbytechat-api\xbytechat.api.csproj]
D:\xbytechat\xbytechat-api\xbytechat-api\Features\Audiences\Services\AudienceService.cs(126,35): warning CS8621: Nullability of reference types in return type of 'lambda expression' doesn't match the target delegate 'Func<IGrouping<string?, AudienceMember>, string?>' (possibly because of nullability attributes). [D:\xbytechat\xbytechat-api\xbytechat-api\xbytechat.api.csproj]
D:\xbytechat\xbytechat-api\xbytechat-api\Features\CampaignModule\DTOs\AssignContactsDto.cs(5,27): warning CS8618: Non-nullable property 'ContactIds' must contain a non-null value when exiting constructor. Consider declaring the property as nullable. [D:\xbytechat\xbytechat-api\xbytechat-api\xbytechat.api.csproj]
D:\xbytechat\xbytechat-api\xbytechat-api\Data\AppDbContext.cs(1142,26): warning CS8603: Possible null reference return. [D:\xbytechat\xbytechat-api\xbytechat-api\xbytechat.api.csproj]
D:\xbytechat\xbytechat-api\xbytechat-api\Features\CampaignModule\DTOs\CampaignCreateDto.cs(11,23): warning CS8618: Non-nullable property 'Name' must contain a non-null value when exiting constructor. Consider declaring the property as nullable. [D:\xbytechat\xbytechat-api\xbytechat-api\xbytechat.api.csproj]
D:\xbytechat\xbytechat-api\xbytechat-api\Features\CampaignModule\DTOs\CampaignCreateDto.cs(14,23): warning CS8618: Non-nullable property 'MessageTemplate' must contain a non-null value when exiting constructor. Consider declaring the property as nullable. [D:\xbytechat\xbytechat-api\xbytechat-api\xbytechat.api.csproj]
D:\xbytechat\xbytechat-api\xbytechat-api\Features\CampaignModule\DTOs\CampaignCreateDto.cs(40,23): warning CS8618: Non-nullable property 'Provider' must contain a non-null value when exiting constructor. Consider declaring the property as nullable. [D:\xbytechat\xbytechat-api\xbytechat-api\xbytechat.api.csproj]
D:\xbytechat\xbytechat-api\xbytechat-api\Features\CampaignModule\DTOs\CampaignCreateDto.cs(41,23): warning CS8618: Non-nullable property 'PhoneNumberId' must contain a non-null value when exiting constructor. Consider declaring the property as nullable. [D:\xbytechat\xbytechat-api\xbytechat-api\xbytechat.api.csproj]
D:\xbytechat\xbytechat-api\xbytechat-api\Features\Automation\Config\ChoiceConfig.cs(11,23): warning CS8618: Non-nullable property 'Match' must contain a non-null value when exiting constructor. Consider declaring the property as nullable. [D:\xbytechat\xbytechat-api\xbytechat-api\xbytechat.api.csproj]
D:\xbytechat\xbytechat-api\xbytechat-api\Features\Automation\Config\ChoiceConfig.cs(12,23): warning CS8618: Non-nullable property 'NextNodeId' must contain a non-null value when exiting constructor. Consider declaring the property as nullable. [D:\xbytechat\xbytechat-api\xbytechat-api\xbytechat.api.csproj]
D:\xbytechat\xbytechat-api\xbytechat-api\Features\Automation\Config\ChoiceConfig.cs(6,23): warning CS8618: Non-nullable property 'FallbackNodeId' must contain a non-null value when exiting constructor. Consider declaring the property as nullable. [D:\xbytechat\xbytechat-api\xbytechat-api\xbytechat.api.csproj]
D:\xbytechat\xbytechat-api\xbytechat-api\Features\Automation\Services\AutomationRunner.cs(47,31): warning CS8604: Possible null reference argument for parameter 'source' in 'AutomationFlowNode? Enumerable.FirstOrDefault<AutomationFlowNode>(IEnumerable<AutomationFlowNode> source)'. [D:\xbytechat\xbytechat-api\xbytechat-api\xbytechat.api.csproj]
D:\xbytechat\xbytechat-api\xbytechat-api\Features\Automation\Services\AutomationRunner.cs(70,43): warning CS8602: Dereference of a possibly null reference. [D:\xbytechat\xbytechat-api\xbytechat-api\xbytechat.api.csproj]
D:\xbytechat\xbytechat-api\xbytechat-api\Features\Automation\Services\AutomationRunner.cs(79,72): warning CS8602: Dereference of a possibly null reference. [D:\xbytechat\xbytechat-api\xbytechat-api\xbytechat.api.csproj]
D:\xbytechat\xbytechat-api\xbytechat-api\Features\Automation\Services\AutomationRunner.cs(85,96): warning CS8602: Dereference of a possibly null reference. [D:\xbytechat\xbytechat-api\xbytechat-api\xbytechat.api.csproj]
D:\xbytechat\xbytechat-api\xbytechat-api\Features\Automation\Services\AutomationRunner.cs(135,28): warning CS8604: Possible null reference argument for parameter 'source' in 'AutomationFlowEdge? Enumerable.FirstOrDefault<AutomationFlowEdge>(IEnumerable<AutomationFlowEdge> source, Func<AutomationFlowEdge, bool> predicate)'. [D:\xbytechat\xbytechat-api\xbytechat-api\xbytechat.api.csproj]
D:\xbytechat\xbytechat-api\xbytechat-api\Features\CampaignModule\Services\CampaignDryRunService.cs(138,33): warning CS8601: Possible null reference assignment. [D:\xbytechat\xbytechat-api\xbytechat-api\xbytechat.api.csproj]
D:\xbytechat\xbytechat-api\xbytechat-api\Features\Automation\Services\AutomationRunner.cs(171,30): warning CS8604: Possible null reference argument for parameter 'source' in 'AutomationFlowNode? Enumerable.FirstOrDefault<AutomationFlowNode>(IEnumerable<AutomationFlowNode> source, Func<AutomationFlowNode, bool> predicate)'. [D:\xbytechat\xbytechat-api\xbytechat-api\xbytechat.api.csproj]
D:\xbytechat\xbytechat-api\xbytechat-api\Features\Automation\Services\AutomationRunner.cs(206,70): warning CS8604: Possible null reference argument for parameter 'edges' in 'Task<AutomationFlowRunResult> AutomationRunner.ExecuteNodeLoopAsync(AutomationFlow flow, AutomationFlowNode startNode, List<AutomationFlowNode> nodes, List<AutomationFlowEdge> edges, Guid businessId, Guid contactId, string contactPhone)'. [D:\xbytechat\xbytechat-api\xbytechat-api\xbytechat.api.csproj]
D:\xbytechat\xbytechat-api\xbytechat-api\Features\Automation\Services\AutomationRunner.cs(235,43): warning CS8602: Dereference of a possibly null reference. [D:\xbytechat\xbytechat-api\xbytechat-api\xbytechat.api.csproj]
D:\xbytechat\xbytechat-api\xbytechat-api\Features\Automation\Services\AutomationRunner.cs(243,89): warning CS8602: Dereference of a possibly null reference. [D:\xbytechat\xbytechat-api\xbytechat-api\xbytechat.api.csproj]
D:\xbytechat\xbytechat-api\xbytechat-api\Features\Automation\Services\AutomationRunner.cs(248,42): warning CS8602: Dereference of a possibly null reference. [D:\xbytechat\xbytechat-api\xbytechat-api\xbytechat.api.csproj]
D:\xbytechat\xbytechat-api\xbytechat-api\Features\CampaignModule\Services\CampaignService.cs(285,59): warning CS8602: Dereference of a possibly null reference. [D:\xbytechat\xbytechat-api\xbytechat-api\xbytechat.api.csproj]
D:\xbytechat\xbytechat-api\xbytechat-api\Features\CampaignModule\Services\CampaignService.cs(288,26): warning CS8602: Dereference of a possibly null reference. [D:\xbytechat\xbytechat-api\xbytechat-api\xbytechat.api.csproj]
D:\xbytechat\xbytechat-api\xbytechat-api\Features\CampaignModule\Services\CampaignService.cs(526,49): warning CS8602: Dereference of a possibly null reference. [D:\xbytechat\xbytechat-api\xbytechat-api\xbytechat.api.csproj]
D:\xbytechat\xbytechat-api\xbytechat-api\Features\CampaignModule\Services\CampaignService.cs(625,39): warning CS8601: Possible null reference assignment. [D:\xbytechat\xbytechat-api\xbytechat-api\xbytechat.api.csproj]
D:\xbytechat\xbytechat-api\xbytechat-api\Features\CampaignModule\Services\CampaignService.cs(741,37): warning CS8601: Possible null reference assignment. [D:\xbytechat\xbytechat-api\xbytechat-api\xbytechat.api.csproj]
D:\xbytechat\xbytechat-api\xbytechat-api\Features\CampaignModule\Services\CampaignMaterializationService.cs(398,70): warning CS8604: Possible null reference argument for parameter 'recipient' in '(string? value, bool isMissing, string? note) CampaignMaterializationService.ResolveValue(CampaignVariableMap map, CampaignRecipient recipient)'. [D:\xbytechat\xbytechat-api\xbytechat-api\xbytechat.api.csproj]
D:\xbytechat\xbytechat-api\xbytechat-api\Features\Automation\DTOs\AutomationTriggerRequest.cs(5,23): warning CS8618: Non-nullable property 'Keyword' must contain a non-null value when exiting constructor. Consider declaring the property as nullable. [D:\xbytechat\xbytechat-api\xbytechat-api\xbytechat.api.csproj]
D:\xbytechat\xbytechat-api\xbytechat-api\Features\Automation\DTOs\AutomationTriggerRequest.cs(7,23): warning CS8618: Non-nullable property 'Phone' must contain a non-null value when exiting constructor. Consider declaring the property as nullable. [D:\xbytechat\xbytechat-api\xbytechat-api\xbytechat.api.csproj]
D:\xbytechat\xbytechat-api\xbytechat-api\Features\Automation\Models\FlowExecutionContext.cs(10,31): warning CS8618: Non-nullable property 'Flow' must contain a non-null value when exiting constructor. Consider declaring the property as nullable. [D:\xbytechat\xbytechat-api\xbytechat-api\xbytechat.api.csproj]
D:\xbytechat\xbytechat-api\xbytechat-api\Features\Automation\Models\FlowExecutionContext.cs(16,23): warning CS8618: Non-nullable property 'ContactPhone' must contain a non-null value when exiting constructor. Consider declaring the property as nullable. [D:\xbytechat\xbytechat-api\xbytechat-api\xbytechat.api.csproj]
D:\xbytechat\xbytechat-api\xbytechat-api\Features\CampaignModule\Services\CampaignService.cs(826,49): warning CS8602: Dereference of a possibly null reference. [D:\xbytechat\xbytechat-api\xbytechat-api\xbytechat.api.csproj]
D:\xbytechat\xbytechat-api\xbytechat-api\Features\CampaignModule\Services\CampaignService.cs(910,39): warning CS8601: Possible null reference assignment. [D:\xbytechat\xbytechat-api\xbytechat-api\xbytechat.api.csproj]
D:\xbytechat\xbytechat-api\xbytechat-api\Features\CampaignModule\Services\CampaignService.cs(1022,37): warning CS8601: Possible null reference assignment. [D:\xbytechat\xbytechat-api\xbytechat-api\xbytechat.api.csproj]
D:\xbytechat\xbytechat-api\xbytechat-api\Features\MessageManagement\Services\MessageStatusService.cs(43,69): warning CS8602: Dereference of a possibly null reference. [D:\xbytechat\xbytechat-api\xbytechat-api\xbytechat.api.csproj]
D:\xbytechat\xbytechat-api\xbytechat-api\Features\MessageManagement\Models\MessageStatusLog.cs(16,23): warning CS8618: Non-nullable property 'RecipientNumber' must contain a non-null value when exiting constructor. Consider declaring the property as nullable. [D:\xbytechat\xbytechat-api\xbytechat-api\xbytechat.api.csproj]
D:\xbytechat\xbytechat-api\xbytechat-api\Features\MessageManagement\Models\MessageStatusLog.cs(24,23): warning CS8618: Non-nullable property 'Status' must contain a non-null value when exiting constructor. Consider declaring the property as nullable. [D:\xbytechat\xbytechat-api\xbytechat-api\xbytechat.api.csproj]
D:\xbytechat\xbytechat-api\xbytechat-api\Features\MessageManagement\Models\MessageStatusLog.cs(25,23): warning CS8618: Non-nullable property 'MessageType' must contain a non-null value when exiting constructor. Consider declaring the property as nullable. [D:\xbytechat\xbytechat-api\xbytechat-api\xbytechat.api.csproj]
D:\xbytechat\xbytechat-api\xbytechat-api\Features\MessageManagement\DTOs\WebhookStatusDto.cs(40,23): warning CS8618: Non-nullable property 'title' must contain a non-null value when exiting constructor. Consider declaring the property as nullable. [D:\xbytechat\xbytechat-api\xbytechat-api\xbytechat.api.csproj]
D:\xbytechat\xbytechat-api\xbytechat-api\Features\MessageManagement\DTOs\WebhookStatusDto.cs(41,23): warning CS8618: Non-nullable property 'details' must contain a non-null value when exiting constructor. Consider declaring the property as nullable. [D:\xbytechat\xbytechat-api\xbytechat-api\xbytechat.api.csproj]
D:\xbytechat\xbytechat-api\xbytechat-api\Features\MessageManagement\DTOs\WebhookStatusDto.cs(33,23): warning CS8618: Non-nullable property 'pricing_model' must contain a non-null value when exiting constructor. Consider declaring the property as nullable. [D:\xbytechat\xbytechat-api\xbytechat-api\xbytechat.api.csproj]
D:\xbytechat\xbytechat-api\xbytechat-api\Features\MessageManagement\DTOs\WebhookStatusDto.cs(34,23): warning CS8618: Non-nullable property 'category' must contain a non-null value when exiting constructor. Consider declaring the property as nullable. [D:\xbytechat\xbytechat-api\xbytechat-api\xbytechat.api.csproj]
D:\xbytechat\xbytechat-api\xbytechat-api\Features\MessageManagement\DTOs\WebhookStatusDto.cs(27,23): warning CS8618: Non-nullable property 'type' must contain a non-null value when exiting constructor. Consider declaring the property as nullable. [D:\xbytechat\xbytechat-api\xbytechat-api\xbytechat.api.csproj]
D:\xbytechat\xbytechat-api\xbytechat-api\Features\MessageManagement\DTOs\WebhookStatusDto.cs(21,23): warning CS8618: Non-nullable property 'id' must contain a non-null value when exiting constructor. Consider declaring the property as nullable. [D:\xbytechat\xbytechat-api\xbytechat-api\xbytechat.api.csproj]
D:\xbytechat\xbytechat-api\xbytechat-api\Features\MessageManagement\DTOs\WebhookStatusDto.cs(22,23): warning CS8618: Non-nullable property 'origin' must contain a non-null value when exiting constructor. Consider declaring the property as nullable. [D:\xbytechat\xbytechat-api\xbytechat-api\xbytechat.api.csproj]
D:\xbytechat\xbytechat-api\xbytechat-api\Features\MessageManagement\DTOs\WebhookStatusDto.cs(10,23): warning CS8618: Non-nullable property 'id' must contain a non-null value when exiting constructor. Consider declaring the property as nullable. [D:\xbytechat\xbytechat-api\xbytechat-api\xbytechat.api.csproj]
D:\xbytechat\xbytechat-api\xbytechat-api\Features\MessageManagement\DTOs\WebhookStatusDto.cs(11,23): warning CS8618: Non-nullable property 'status' must contain a non-null value when exiting constructor. Consider declaring the property as nullable. [D:\xbytechat\xbytechat-api\xbytechat-api\xbytechat.api.csproj]
D:\xbytechat\xbytechat-api\xbytechat-api\Features\MessageManagement\DTOs\WebhookStatusDto.cs(13,23): warning CS8618: Non-nullable property 'recipient_id' must contain a non-null value when exiting constructor. Consider declaring the property as nullable. [D:\xbytechat\xbytechat-api\xbytechat-api\xbytechat.api.csproj]
D:\xbytechat\xbytechat-api\xbytechat-api\Features\MessageManagement\DTOs\WebhookStatusDto.cs(14,33): warning CS8618: Non-nullable property 'conversation' must contain a non-null value when exiting constructor. Consider declaring the property as nullable. [D:\xbytechat\xbytechat-api\xbytechat-api\xbytechat.api.csproj]
D:\xbytechat\xbytechat-api\xbytechat-api\Features\MessageManagement\DTOs\WebhookStatusDto.cs(15,28): warning CS8618: Non-nullable property 'pricing' must contain a non-null value when exiting constructor. Consider declaring the property as nullable. [D:\xbytechat\xbytechat-api\xbytechat-api\xbytechat.api.csproj]
D:\xbytechat\xbytechat-api\xbytechat-api\Features\MessageManagement\DTOs\WebhookStatusDto.cs(5,35): warning CS8618: Non-nullable property 'statuses' must contain a non-null value when exiting constructor. Consider declaring the property as nullable. [D:\xbytechat\xbytechat-api\xbytechat-api\xbytechat.api.csproj]
D:\xbytechat\xbytechat-api\xbytechat-api\Features\MessageManagement\DTOs\MessageLogDto.cs(9,23): warning CS8618: Non-nullable property 'RecipientNumber' must contain a non-null value when exiting constructor. Consider declaring the property as nullable. [D:\xbytechat\xbytechat-api\xbytechat-api\xbytechat.api.csproj]
D:\xbytechat\xbytechat-api\xbytechat-api\Features\MessageManagement\DTOs\MessageLogDto.cs(10,23): warning CS8618: Non-nullable property 'MessageContent' must contain a non-null value when exiting constructor. Consider declaring the property as nullable. [D:\xbytechat\xbytechat-api\xbytechat-api\xbytechat.api.csproj]
D:\xbytechat\xbytechat-api\xbytechat-api\Features\ReportingModule\DTOs\RecentMessageLogDto.cs(9,23): warning CS8618: Non-nullable property 'RecipientNumber' must contain a non-null value when exiting constructor. Consider declaring the property as nullable. [D:\xbytechat\xbytechat-api\xbytechat-api\xbytechat.api.csproj]
D:\xbytechat\xbytechat-api\xbytechat-api\Features\ReportingModule\DTOs\RecentMessageLogDto.cs(10,23): warning CS8618: Non-nullable property 'MessageContent' must contain a non-null value when exiting constructor. Consider declaring the property as nullable. [D:\xbytechat\xbytechat-api\xbytechat-api\xbytechat.api.csproj]
D:\xbytechat\xbytechat-api\xbytechat-api\Features\CampaignModule\Services\CampaignService.cs(1272,39): warning CS8602: Dereference of a possibly null reference. [D:\xbytechat\xbytechat-api\xbytechat-api\xbytechat.api.csproj]
D:\xbytechat\xbytechat-api\xbytechat-api\Features\CampaignModule\Services\CampaignService.cs(1273,36): warning CS8601: Possible null reference assignment. [D:\xbytechat\xbytechat-api\xbytechat-api\xbytechat.api.csproj]
D:\xbytechat\xbytechat-api\xbytechat-api\Features\CampaignModule\Services\CampaignService.cs(1321,21): warning CS8602: Dereference of a possibly null reference. [D:\xbytechat\xbytechat-api\xbytechat-api\xbytechat.api.csproj]
D:\xbytechat\xbytechat-api\xbytechat-api\Features\TemplatesModule\Validators\MultiLanguageValidator.cs(24,38): warning CS8602: Dereference of a possibly null reference. [D:\xbytechat\xbytechat-api\xbytechat-api\xbytechat.api.csproj]
D:\xbytechat\xbytechat-api\xbytechat-api\Features\TemplatesModule\Validators\MultiLanguageValidator.cs(24,14): warning CS8321: The local function 'OkLang' is declared but never used [D:\xbytechat\xbytechat-api\xbytechat-api\xbytechat.api.csproj]
D:\xbytechat\xbytechat-api\xbytechat-api\Features\MessagesEngine\Services\TemplateMessageSender.cs(271,99): warning CS8604: Possible null reference argument for parameter 'templateName' in 'Task<TemplateMetadataDto?> IWhatsAppTemplateFetcherService.GetTemplateByNameAsync(Guid businessId, string templateName, bool includeButtons)'. [D:\xbytechat\xbytechat-api\xbytechat-api\xbytechat.api.csproj]
D:\xbytechat\xbytechat-api\xbytechat-api\Features\MessagesEngine\Services\TemplateMessageSender.cs(282,21): warning CS8604: Possible null reference argument for parameter 'contact' in 'Task<ResponseResult> TemplateMessageSender.SendTemplateMessageToContactAsync(Guid businessId, Contact contact, string templateName, List<string> templateParams, string? imageUrl = null, List<CampaignButton>? buttons = null, string? source = null, Guid? refMessageId = null)'. [D:\xbytechat\xbytechat-api\xbytechat-api\xbytechat.api.csproj]
D:\xbytechat\xbytechat-api\xbytechat-api\Features\CampaignModule\Services\CampaignService.cs(1387,43): warning CS8602: Dereference of a possibly null reference. [D:\xbytechat\xbytechat-api\xbytechat-api\xbytechat.api.csproj]
D:\xbytechat\xbytechat-api\xbytechat-api\Features\CampaignModule\Services\CampaignService.cs(1390,42): warning CS8601: Possible null reference assignment. [D:\xbytechat\xbytechat-api\xbytechat-api\xbytechat.api.csproj]
D:\xbytechat\xbytechat-api\xbytechat-api\Features\CampaignModule\Services\CampaignService.cs(1391,46): warning CS8601: Possible null reference assignment. [D:\xbytechat\xbytechat-api\xbytechat-api\xbytechat.api.csproj]
D:\xbytechat\xbytechat-api\xbytechat-api\Features\CampaignModule\Services\CampaignService.cs(1405,37): warning CS8602: Dereference of a possibly null reference. [D:\xbytechat\xbytechat-api\xbytechat-api\xbytechat.api.csproj]
D:\xbytechat\xbytechat-api\xbytechat-api\Features\CampaignModule\Services\CampaignService.cs(1412,42): warning CS8601: Possible null reference assignment. [D:\xbytechat\xbytechat-api\xbytechat-api\xbytechat.api.csproj]
D:\xbytechat\xbytechat-api\xbytechat-api\Features\TemplatesModule\Services\WhatsAppTemplateService.cs(42,37): warning CS8602: Dereference of a possibly null reference. [D:\xbytechat\xbytechat-api\xbytechat-api\xbytechat.api.csproj]
D:\xbytechat\xbytechat-api\xbytechat-api\Features\FlowAnalytics\Services\FlowAnalyticsService.cs(114,32): warning CS8601: Possible null reference assignment. [D:\xbytechat\xbytechat-api\xbytechat-api\xbytechat.api.csproj]
D:\xbytechat\xbytechat-api\xbytechat-api\Features\Webhooks\Services\Processors\ClickWebhookProcessor.cs(1266,52): warning CS8602: Dereference of a possibly null reference. [D:\xbytechat\xbytechat-api\xbytechat-api\xbytechat.api.csproj]
D:\xbytechat\xbytechat-api\xbytechat-api\Features\Webhooks\Services\Processors\ClickWebhookProcessor.cs(1359,33): warning CS8602: Dereference of a possibly null reference. [D:\xbytechat\xbytechat-api\xbytechat-api\xbytechat.api.csproj]
D:\xbytechat\xbytechat-api\xbytechat-api\Features\Webhooks\Services\Processors\ClickWebhookProcessor.cs(818,31): warning CS8321: The local function 'ToKey' is declared but never used [D:\xbytechat\xbytechat-api\xbytechat-api\xbytechat.api.csproj]
D:\xbytechat\xbytechat-api\xbytechat-api\Features\ESU\Facebook\Services\FacebookEsuService.cs(475,30): warning CS8625: Cannot convert null literal to non-nullable reference type. [D:\xbytechat\xbytechat-api\xbytechat-api\xbytechat.api.csproj]
D:\xbytechat\xbytechat-api\xbytechat-api\Features\Inbox\Hubs\InboxHub.cs(37,30): warning CS8604: Possible null reference argument for parameter 'user' in 'Guid ClaimsBusinessDetails.ResolveBusinessId(ClaimsPrincipal user, HttpContext http)'. [D:\xbytechat\xbytechat-api\xbytechat-api\xbytechat.api.csproj]
D:\xbytechat\xbytechat-api\xbytechat-api\Features\Inbox\Hubs\InboxHub.cs(57,30): warning CS8604: Possible null reference argument for parameter 'user' in 'Guid ClaimsBusinessDetails.ResolveBusinessId(ClaimsPrincipal user, HttpContext http)'. [D:\xbytechat\xbytechat-api\xbytechat-api\xbytechat.api.csproj]
D:\xbytechat\xbytechat-api\xbytechat-api\Features\Inbox\Hubs\InboxHub.cs(82,30): warning CS8604: Possible null reference argument for parameter 'user' in 'Guid ClaimsBusinessDetails.ResolveBusinessId(ClaimsPrincipal user, HttpContext http)'. [D:\xbytechat\xbytechat-api\xbytechat-api\xbytechat.api.csproj]
D:\xbytechat\xbytechat-api\xbytechat-api\Features\Inbox\Hubs\InboxHub.cs(167,26): warning CS8604: Possible null reference argument for parameter 'user' in 'Guid ClaimsBusinessDetails.GetUserId(ClaimsPrincipal user)'. [D:\xbytechat\xbytechat-api\xbytechat-api\xbytechat.api.csproj]
D:\xbytechat\xbytechat-api\xbytechat-api\Features\Inbox\DTOs\TextOnlyMessageSendDto.cs(7,23): warning CS8618: Non-nullable property 'RecipientNumber' must contain a non-null value when exiting constructor. Consider declaring the property as nullable. [D:\xbytechat\xbytechat-api\xbytechat-api\xbytechat.api.csproj]
D:\xbytechat\xbytechat-api\xbytechat-api\Features\Inbox\DTOs\TextOnlyMessageSendDto.cs(9,23): warning CS8618: Non-nullable property 'TextContent' must contain a non-null value when exiting constructor. Consider declaring the property as nullable. [D:\xbytechat\xbytechat-api\xbytechat-api\xbytechat.api.csproj]
D:\xbytechat\xbytechat-api\xbytechat-api\Features\Inbox\DTOs\SendInboxMessageDto.cs(15,23): warning CS8618: Non-nullable property 'MessageBody' must contain a non-null value when exiting constructor. Consider declaring the property as nullable. [D:\xbytechat\xbytechat-api\xbytechat-api\xbytechat.api.csproj]
D:\xbytechat\xbytechat-api\xbytechat-api\Features\Inbox\DTOs\InboxMessageDto.cs(9,23): warning CS8618: Non-nullable property 'RecipientPhone' must contain a non-null value when exiting constructor. Consider declaring the property as nullable. [D:\xbytechat\xbytechat-api\xbytechat-api\xbytechat.api.csproj]
D:\xbytechat\xbytechat-api\xbytechat-api\Features\Inbox\DTOs\InboxMessageDto.cs(10,23): warning CS8618: Non-nullable property 'MessageBody' must contain a non-null value when exiting constructor. Consider declaring the property as nullable. [D:\xbytechat\xbytechat-api\xbytechat-api\xbytechat.api.csproj]
D:\xbytechat\xbytechat-api\xbytechat-api\Features\Inbox\DTOs\InboxMessageDto.cs(19,23): warning CS8618: Non-nullable property 'Status' must contain a non-null value when exiting constructor. Consider declaring the property as nullable. [D:\xbytechat\xbytechat-api\xbytechat-api\xbytechat.api.csproj]
D:\xbytechat\xbytechat-api\xbytechat-api\Features\CampaignModule\Services\CampaignService.cs(1641,32): warning CS8601: Possible null reference assignment. [D:\xbytechat\xbytechat-api\xbytechat-api\xbytechat.api.csproj]
D:\xbytechat\xbytechat-api\xbytechat-api\Features\CampaignModule\Services\CampaignService.cs(1687,28): warning CS8601: Possible null reference assignment. [D:\xbytechat\xbytechat-api\xbytechat-api\xbytechat.api.csproj]
D:\xbytechat\xbytechat-api\xbytechat-api\Features\Entitlements\Services\QuotaService.cs(303,21): warning CS8602: Dereference of a possibly null reference. [D:\xbytechat\xbytechat-api\xbytechat-api\xbytechat.api.csproj]
D:\xbytechat\xbytechat-api\xbytechat-api\Features\Entitlements\Services\QuotaService.cs(306,28): warning CS8602: Dereference of a possibly null reference. [D:\xbytechat\xbytechat-api\xbytechat-api\xbytechat.api.csproj]
D:\xbytechat\xbytechat-api\xbytechat-api\Features\Inbox\Controllers\InboxController.cs(126,39): warning CS8073: The result of the expression is always 'false' since a value of type 'Guid' is never equal to 'null' of type 'Guid?' [D:\xbytechat\xbytechat-api\xbytechat-api\xbytechat.api.csproj]
D:\xbytechat\xbytechat-api\xbytechat-api\Features\Inbox\Controllers\InboxController.cs(126,17): warning CS8073: The result of the expression is always 'false' since a value of type 'Guid' is never equal to 'null' of type 'Guid?' [D:\xbytechat\xbytechat-api\xbytechat-api\xbytechat.api.csproj]
D:\xbytechat\xbytechat-api\xbytechat-api\Features\Catalog\DTOs\TopProductDto.cs(6,23): warning CS8618: Non-nullable property 'ProductName' must contain a non-null value when exiting constructor. Consider declaring the property as nullable. [D:\xbytechat\xbytechat-api\xbytechat-api\xbytechat.api.csproj]
D:\xbytechat\xbytechat-api\xbytechat-api\Features\Catalog\DTOs\ProductCtaBreakdownDto.cs(6,23): warning CS8618: Non-nullable property 'ProductName' must contain a non-null value when exiting constructor. Consider declaring the property as nullable. [D:\xbytechat\xbytechat-api\xbytechat-api\xbytechat.api.csproj]
D:\xbytechat\xbytechat-api\xbytechat-api\Features\Catalog\DTOs\ProductCtaBreakdownDto.cs(7,23): warning CS8618: Non-nullable property 'CTAJourney' must contain a non-null value when exiting constructor. Consider declaring the property as nullable. [D:\xbytechat\xbytechat-api\xbytechat-api\xbytechat.api.csproj]
D:\xbytechat\xbytechat-api\xbytechat-api\Features\Catalog\DTOs\CtaJourneyStatsDto.cs(5,23): warning CS8618: Non-nullable property 'CTAJourney' must contain a non-null value when exiting constructor. Consider declaring the property as nullable. [D:\xbytechat\xbytechat-api\xbytechat-api\xbytechat.api.csproj]
D:\xbytechat\xbytechat-api\xbytechat-api\Features\AutoReplyBuilder\DTOs\RenameFlowDto.cs(5,23): warning CS8618: Non-nullable property 'NewName' must contain a non-null value when exiting constructor. Consider declaring the property as nullable. [D:\xbytechat\xbytechat-api\xbytechat-api\xbytechat.api.csproj]
D:\xbytechat\xbytechat-api\xbytechat-api\Features\CRM\Dtos\NoteDto.cs(8,23): warning CS8618: Non-nullable property 'Content' must contain a non-null value when exiting constructor. Consider declaring the property as nullable. [D:\xbytechat\xbytechat-api\xbytechat-api\xbytechat.api.csproj]
D:\xbytechat\xbytechat-api\xbytechat-api\Features\CRM\Dtos\NoteDto.cs(9,23): warning CS8618: Non-nullable property 'Source' must contain a non-null value when exiting constructor. Consider declaring the property as nullable. [D:\xbytechat\xbytechat-api\xbytechat-api\xbytechat.api.csproj]
D:\xbytechat\xbytechat-api\xbytechat-api\Features\CRM\Dtos\NoteDto.cs(10,23): warning CS8618: Non-nullable property 'CreatedBy' must contain a non-null value when exiting constructor. Consider declaring the property as nullable. [D:\xbytechat\xbytechat-api\xbytechat-api\xbytechat.api.csproj]
D:\xbytechat\xbytechat-api\xbytechat-api\Features\Catalog\DTOs\CatalogClickLogDto.cs(20,23): warning CS8618: Non-nullable property 'TemplateId' must contain a non-null value when exiting constructor. Consider declaring the property as nullable. [D:\xbytechat\xbytechat-api\xbytechat-api\xbytechat.api.csproj]
D:\xbytechat\xbytechat-api\xbytechat-api\Features\Catalog\DTOs\CatalogClickLogDto.cs(21,23): warning CS8618: Non-nullable property 'ButtonText' must contain a non-null value when exiting constructor. Consider declaring the property as nullable. [D:\xbytechat\xbytechat-api\xbytechat-api\xbytechat.api.csproj]
D:\xbytechat\xbytechat-api\xbytechat-api\Features\Catalog\Models\CatalogClickLog.cs(25,23): warning CS8618: Non-nullable property 'TemplateId' must contain a non-null value when exiting constructor. Consider declaring the property as nullable. [D:\xbytechat\xbytechat-api\xbytechat-api\xbytechat.api.csproj]
D:\xbytechat\xbytechat-api\xbytechat-api\Features\Catalog\Models\CatalogClickLog.cs(26,23): warning CS8618: Non-nullable property 'RefMessageId' must contain a non-null value when exiting constructor. Consider declaring the property as nullable. [D:\xbytechat\xbytechat-api\xbytechat-api\xbytechat.api.csproj]
D:\xbytechat\xbytechat-api\xbytechat-api\Features\Catalog\Models\CatalogClickLog.cs(27,23): warning CS8618: Non-nullable property 'ButtonText' must contain a non-null value when exiting constructor. Consider declaring the property as nullable. [D:\xbytechat\xbytechat-api\xbytechat-api\xbytechat.api.csproj]
D:\xbytechat\xbytechat-api\xbytechat-api\Features\CrmAnalytics\DTOs\ContactTrendsDto.cs(9,23): warning CS8618: Non-nullable property 'Date' must contain a non-null value when exiting constructor. Consider declaring the property as nullable. [D:\xbytechat\xbytechat-api\xbytechat-api\xbytechat.api.csproj]
D:\xbytechat\xbytechat-api\xbytechat-api\Features\CRM\Timelines\Services\LeadTimelineService.cs(101,35): warning CS8601: Possible null reference assignment. [D:\xbytechat\xbytechat-api\xbytechat-api\xbytechat.api.csproj]
D:\xbytechat\xbytechat-api\xbytechat-api\Features\CRM\Timelines\Services\LeadTimelineService.cs(102,37): warning CS8601: Possible null reference assignment. [D:\xbytechat\xbytechat-api\xbytechat-api\xbytechat.api.csproj]
D:\xbytechat\xbytechat-api\xbytechat-api\Features\CRM\Dtos\ContactDto.cs(10,23): warning CS8618: Non-nullable property 'Name' must contain a non-null value when exiting constructor. Consider declaring the property as nullable. [D:\xbytechat\xbytechat-api\xbytechat-api\xbytechat.api.csproj]
D:\xbytechat\xbytechat-api\xbytechat-api\Features\CRM\Dtos\ContactDto.cs(12,23): warning CS8618: Non-nullable property 'PhoneNumber' must contain a non-null value when exiting constructor. Consider declaring the property as nullable. [D:\xbytechat\xbytechat-api\xbytechat-api\xbytechat.api.csproj]
D:\xbytechat\xbytechat-api\xbytechat-api\Features\CRM\Dtos\BulkImportResultDto.cs(16,23): warning CS8618: Non-nullable property 'ErrorMessage' must contain a non-null value when exiting constructor. Consider declaring the property as nullable. [D:\xbytechat\xbytechat-api\xbytechat-api\xbytechat.api.csproj]
D:\xbytechat\xbytechat-api\xbytechat-api\Features\Catalog\Services\CatalogTrackingService.cs(113,36): warning CS8601: Possible null reference assignment. [D:\xbytechat\xbytechat-api\xbytechat-api\xbytechat.api.csproj]
D:\xbytechat\xbytechat-api\xbytechat-api\Features\CRM\Timelines\Models\LeadTimeline.cs(11,25): warning CS8618: Non-nullable property 'Business' must contain a non-null value when exiting constructor. Consider declaring the property as nullable. [D:\xbytechat\xbytechat-api\xbytechat-api\xbytechat.api.csproj]
D:\xbytechat\xbytechat-api\xbytechat-api\Features\CRM\Timelines\Models\LeadTimeline.cs(13,24): warning CS8618: Non-nullable property 'Contact' must contain a non-null value when exiting constructor. Consider declaring the property as nullable. [D:\xbytechat\xbytechat-api\xbytechat-api\xbytechat.api.csproj]
D:\xbytechat\xbytechat-api\xbytechat-api\Features\CRM\Timelines\Models\LeadTimeline.cs(15,23): warning CS8618: Non-nullable property 'EventType' must contain a non-null value when exiting constructor. Consider declaring the property as nullable. [D:\xbytechat\xbytechat-api\xbytechat-api\xbytechat.api.csproj]
D:\xbytechat\xbytechat-api\xbytechat-api\Features\CRM\Timelines\Models\LeadTimeline.cs(17,23): warning CS8618: Non-nullable property 'Description' must contain a non-null value when exiting constructor. Consider declaring the property as nullable. [D:\xbytechat\xbytechat-api\xbytechat-api\xbytechat.api.csproj]
D:\xbytechat\xbytechat-api\xbytechat-api\Features\CRM\Timelines\Models\LeadTimeline.cs(21,23): warning CS8618: Non-nullable property 'CreatedBy' must contain a non-null value when exiting constructor. Consider declaring the property as nullable. [D:\xbytechat\xbytechat-api\xbytechat-api\xbytechat.api.csproj]
D:\xbytechat\xbytechat-api\xbytechat-api\Features\CRM\Timelines\Mappers\LeadTimelineMapper.cs(10,39): warning CS8603: Possible null reference return. [D:\xbytechat\xbytechat-api\xbytechat-api\xbytechat.api.csproj]
D:\xbytechat\xbytechat-api\xbytechat-api\Features\CRM\Timelines\Mappers\LeadTimelineMapper.cs(15,31): warning CS8601: Possible null reference assignment. [D:\xbytechat\xbytechat-api\xbytechat-api\xbytechat.api.csproj]
D:\xbytechat\xbytechat-api\xbytechat-api\Features\CRM\Timelines\Mappers\LeadTimelineMapper.cs(16,33): warning CS8601: Possible null reference assignment. [D:\xbytechat\xbytechat-api\xbytechat-api\xbytechat.api.csproj]
D:\xbytechat\xbytechat-api\xbytechat-api\Features\CRM\Timelines\Mappers\LeadTimelineMapper.cs(32,37): warning CS8603: Possible null reference return. [D:\xbytechat\xbytechat-api\xbytechat-api\xbytechat.api.csproj]
D:\xbytechat\xbytechat-api\xbytechat-api\Features\CRM\Timelines\DTOs\LeadTimelineDto.cs(8,23): warning CS8618: Non-nullable property 'ContactName' must contain a non-null value when exiting constructor. Consider declaring the property as nullable. [D:\xbytechat\xbytechat-api\xbytechat-api\xbytechat.api.csproj]
D:\xbytechat\xbytechat-api\xbytechat-api\Features\CRM\Timelines\DTOs\LeadTimelineDto.cs(9,23): warning CS8618: Non-nullable property 'ContactNumber' must contain a non-null value when exiting constructor. Consider declaring the property as nullable. [D:\xbytechat\xbytechat-api\xbytechat-api\xbytechat.api.csproj]
D:\xbytechat\xbytechat-api\xbytechat-api\Features\CRM\Timelines\DTOs\LeadTimelineDto.cs(10,23): warning CS8618: Non-nullable property 'EventType' must contain a non-null value when exiting constructor. Consider declaring the property as nullable. [D:\xbytechat\xbytechat-api\xbytechat-api\xbytechat.api.csproj]
D:\xbytechat\xbytechat-api\xbytechat-api\Features\CRM\Timelines\DTOs\LeadTimelineDto.cs(11,23): warning CS8618: Non-nullable property 'Description' must contain a non-null value when exiting constructor. Consider declaring the property as nullable. [D:\xbytechat\xbytechat-api\xbytechat-api\xbytechat.api.csproj]
D:\xbytechat\xbytechat-api\xbytechat-api\Features\CRM\Timelines\DTOs\LeadTimelineDto.cs(15,23): warning CS8618: Non-nullable property 'CreatedBy' must contain a non-null value when exiting constructor. Consider declaring the property as nullable. [D:\xbytechat\xbytechat-api\xbytechat-api\xbytechat.api.csproj]
D:\xbytechat\xbytechat-api\xbytechat-api\Features\MessagesEngine\Services\MessageEngineService.cs(1682,38): warning CS8602: Dereference of a possibly null reference. [D:\xbytechat\xbytechat-api\xbytechat-api\xbytechat.api.csproj]
D:\xbytechat\xbytechat-api\xbytechat-api\Features\AutoReplyBuilder\Flows\DTOs\FlowNodeConfigs\AutoReplyEdgeDto.cs(5,23): warning CS8618: Non-nullable property 'Id' must contain a non-null value when exiting constructor. Consider declaring the property as nullable. [D:\xbytechat\xbytechat-api\xbytechat-api\xbytechat.api.csproj]
D:\xbytechat\xbytechat-api\xbytechat-api\Features\AutoReplyBuilder\Flows\DTOs\FlowNodeConfigs\AutoReplyEdgeDto.cs(6,23): warning CS8618: Non-nullable property 'SourceNodeId' must contain a non-null value when exiting constructor. Consider declaring the property as nullable. [D:\xbytechat\xbytechat-api\xbytechat-api\xbytechat.api.csproj]
D:\xbytechat\xbytechat-api\xbytechat-api\Features\AutoReplyBuilder\Flows\DTOs\FlowNodeConfigs\AutoReplyEdgeDto.cs(7,23): warning CS8618: Non-nullable property 'TargetNodeId' must contain a non-null value when exiting constructor. Consider declaring the property as nullable. [D:\xbytechat\xbytechat-api\xbytechat-api\xbytechat.api.csproj]
D:\xbytechat\xbytechat-api\xbytechat-api\Features\CampaignTracking\DTOs\TopCampaignDto.cs(6,23): warning CS8618: Non-nullable property 'CampaignName' must contain a non-null value when exiting constructor. Consider declaring the property as nullable. [D:\xbytechat\xbytechat-api\xbytechat-api\xbytechat.api.csproj]
D:\xbytechat\xbytechat-api\xbytechat-api\Features\AutoReplyBuilder\DTOs\SaveFlowDto.cs(10,23): warning CS8618: Non-nullable property 'Name' must contain a non-null value when exiting constructor. Consider declaring the property as nullable. [D:\xbytechat\xbytechat-api\xbytechat-api\xbytechat.api.csproj]
D:\xbytechat\xbytechat-api\xbytechat-api\Features\CRM\Timelines\DTOs\CRMTimelineLogDto.cs(9,23): warning CS8618: Non-nullable property 'EventType' must contain a non-null value when exiting constructor. Consider declaring the property as nullable. [D:\xbytechat\xbytechat-api\xbytechat-api\xbytechat.api.csproj]
D:\xbytechat\xbytechat-api\xbytechat-api\Features\CRM\Timelines\DTOs\CRMTimelineLogDto.cs(10,23): warning CS8618: Non-nullable property 'Description' must contain a non-null value when exiting constructor. Consider declaring the property as nullable. [D:\xbytechat\xbytechat-api\xbytechat-api\xbytechat.api.csproj]
D:\xbytechat\xbytechat-api\xbytechat-api\Features\CRM\Timelines\DTOs\CRMTimelineLogDto.cs(12,23): warning CS8618: Non-nullable property 'CreatedBy' must contain a non-null value when exiting constructor. Consider declaring the property as nullable. [D:\xbytechat\xbytechat-api\xbytechat-api\xbytechat.api.csproj]
D:\xbytechat\xbytechat-api\xbytechat-api\Features\BusinessModule\DTOs\SignupBusinessDto.cs(8,23): warning CS8618: Non-nullable property 'CompanyName' must contain a non-null value when exiting constructor. Consider declaring the property as nullable. [D:\xbytechat\xbytechat-api\xbytechat-api\xbytechat.api.csproj]
D:\xbytechat\xbytechat-api\xbytechat-api\Features\BusinessModule\DTOs\SignupBusinessDto.cs(12,23): warning CS8618: Non-nullable property 'Email' must contain a non-null value when exiting constructor. Consider declaring the property as nullable. [D:\xbytechat\xbytechat-api\xbytechat-api\xbytechat.api.csproj]
D:\xbytechat\xbytechat-api\xbytechat-api\Features\BusinessModule\DTOs\SignupBusinessDto.cs(15,23): warning CS8618: Non-nullable property 'Password' must contain a non-null value when exiting constructor. Consider declaring the property as nullable. [D:\xbytechat\xbytechat-api\xbytechat-api\xbytechat.api.csproj]
D:\xbytechat\xbytechat-api\xbytechat-api\Features\CrmAnalytics\Services\CrmAnalyticsService.cs(36,59): warning CS8604: Possible null reference argument for parameter 'source' in 'bool Enumerable.Any<char>(IEnumerable<char> source)'. [D:\xbytechat\xbytechat-api\xbytechat-api\xbytechat.api.csproj]
D:\xbytechat\xbytechat-api\xbytechat-api\Features\BusinessModule\DTOs\PendingBusinessDto.cs(6,23): warning CS8618: Non-nullable property 'CompanyName' must contain a non-null value when exiting constructor. Consider declaring the property as nullable. [D:\xbytechat\xbytechat-api\xbytechat-api\xbytechat.api.csproj]
D:\xbytechat\xbytechat-api\xbytechat-api\Features\BusinessModule\DTOs\PendingBusinessDto.cs(7,23): warning CS8618: Non-nullable property 'BusinessEmail' must contain a non-null value when exiting constructor. Consider declaring the property as nullable. [D:\xbytechat\xbytechat-api\xbytechat-api\xbytechat.api.csproj]
D:\xbytechat\xbytechat-api\xbytechat-api\Features\BusinessModule\DTOs\PendingBusinessDto.cs(10,23): warning CS8618: Non-nullable property 'Plan' must contain a non-null value when exiting constructor. Consider declaring the property as nullable. [D:\xbytechat\xbytechat-api\xbytechat-api\xbytechat.api.csproj]
D:\xbytechat\xbytechat-api\xbytechat-api\Features\BusinessModule\DTOs\PendingBusinessDto.cs(13,23): warning CS8618: Non-nullable property 'Status' must contain a non-null value when exiting constructor. Consider declaring the property as nullable. [D:\xbytechat\xbytechat-api\xbytechat-api\xbytechat.api.csproj]
D:\xbytechat\xbytechat-api\xbytechat-api\Features\AutoReplyBuilder\Models\FlowNode.cs(5,23): warning CS8618: Non-nullable property 'Id' must contain a non-null value when exiting constructor. Consider declaring the property as nullable. [D:\xbytechat\xbytechat-api\xbytechat-api\xbytechat.api.csproj]
D:\xbytechat\xbytechat-api\xbytechat-api\Features\AutoReplyBuilder\Models\FlowNode.cs(6,23): warning CS8618: Non-nullable property 'Type' must contain a non-null value when exiting constructor. Consider declaring the property as nullable. [D:\xbytechat\xbytechat-api\xbytechat-api\xbytechat.api.csproj]
D:\xbytechat\xbytechat-api\xbytechat-api\Features\AutoReplyBuilder\Models\FlowNode.cs(7,25): warning CS8618: Non-nullable property 'Position' must contain a non-null value when exiting constructor. Consider declaring the property as nullable. [D:\xbytechat\xbytechat-api\xbytechat-api\xbytechat.api.csproj]
D:\xbytechat\xbytechat-api\xbytechat-api\Features\AutoReplyBuilder\Models\FlowNode.cs(8,43): warning CS8618: Non-nullable property 'Data' must contain a non-null value when exiting constructor. Consider declaring the property as nullable. [D:\xbytechat\xbytechat-api\xbytechat-api\xbytechat.api.csproj]
D:\xbytechat\xbytechat-api\xbytechat-api\Features\AutoReplyBuilder\Models\AutoReplyFlowNode.cs(16,30): warning CS8618: Non-nullable property 'Flow' must contain a non-null value when exiting constructor. Consider declaring the property as nullable. [D:\xbytechat\xbytechat-api\xbytechat-api\xbytechat.api.csproj]
D:\xbytechat\xbytechat-api\xbytechat-api\Features\CampaignTracking\DTOs\CampaignSendLogDto.cs(12,23): warning CS8618: Non-nullable property 'ContactName' must contain a non-null value when exiting constructor. Consider declaring the property as nullable. [D:\xbytechat\xbytechat-api\xbytechat-api\xbytechat.api.csproj]
D:\xbytechat\xbytechat-api\xbytechat-api\Features\CampaignTracking\DTOs\CampaignSendLogDto.cs(13,23): warning CS8618: Non-nullable property 'ContactPhone' must contain a non-null value when exiting constructor. Consider declaring the property as nullable. [D:\xbytechat\xbytechat-api\xbytechat-api\xbytechat.api.csproj]
D:\xbytechat\xbytechat-api\xbytechat-api\Features\CampaignTracking\DTOs\CampaignSendLogDto.cs(18,23): warning CS8618: Non-nullable property 'MessageBody' must contain a non-null value when exiting constructor. Consider declaring the property as nullable. [D:\xbytechat\xbytechat-api\xbytechat-api\xbytechat.api.csproj]
D:\xbytechat\xbytechat-api\xbytechat-api\Features\AutoReplyBuilder\Models\AutoReplyFlowEdge.cs(16,30): warning CS8618: Non-nullable property 'Flow' must contain a non-null value when exiting constructor. Consider declaring the property as nullable. [D:\xbytechat\xbytechat-api\xbytechat-api\xbytechat.api.csproj]
D:\xbytechat\xbytechat-api\xbytechat-api\Features\TemplatesModule\Services\MetaTemplateClient.cs(31,31): warning CS1998: This async method lacks 'await' operators and will run synchronously. Consider using the 'await' operator to await non-blocking API calls, or 'await Task.Run(...)' to do CPU-bound work on a background thread. [D:\xbytechat\xbytechat-api\xbytechat-api\xbytechat.api.csproj]
D:\xbytechat\xbytechat-api\xbytechat-api\Features\CampaignTracking\Controllers\CampaignSendLogController.cs(150,23): warning CS8618: Non-nullable property 'ClickType' must contain a non-null value when exiting constructor. Consider declaring the property as nullable. [D:\xbytechat\xbytechat-api\xbytechat-api\xbytechat.api.csproj]
D:\xbytechat\xbytechat-api\xbytechat-api\Features\BusinessModule\Models\Business.cs(19,23): warning CS8618: Non-nullable property 'BusinessName' must contain a non-null value when exiting constructor. Consider declaring the property as nullable. [D:\xbytechat\xbytechat-api\xbytechat-api\xbytechat.api.csproj]
D:\xbytechat\xbytechat-api\xbytechat-api\Features\BusinessModule\Models\Business.cs(20,23): warning CS8618: Non-nullable property 'BusinessEmail' must contain a non-null value when exiting constructor. Consider declaring the property as nullable. [D:\xbytechat\xbytechat-api\xbytechat-api\xbytechat.api.csproj]
D:\xbytechat\xbytechat-api\xbytechat-api\Features\BusinessModule\Models\Business.cs(59,46): warning CS8618: Non-nullable property 'MessageStatusLogs' must contain a non-null value when exiting constructor. Consider declaring the property as nullable. [D:\xbytechat\xbytechat-api\xbytechat-api\xbytechat.api.csproj]
D:\xbytechat\xbytechat-api\xbytechat-api\Features\BusinessModule\Models\Business.cs(70,51): warning CS8618: Non-nullable property 'WhatsAppSettings' must contain a non-null value when exiting constructor. Consider declaring the property as nullable. [D:\xbytechat\xbytechat-api\xbytechat-api\xbytechat.api.csproj]
D:\xbytechat\xbytechat-api\xbytechat-api\Features\BusinessModule\Models\Business.cs(72,34): warning CS8618: Non-nullable property 'Roles' must contain a non-null value when exiting constructor. Consider declaring the property as nullable. [D:\xbytechat\xbytechat-api\xbytechat-api\xbytechat.api.csproj]
D:\xbytechat\xbytechat-api\xbytechat-api\Features\CampaignTracking\Controllers\CampaignSendLogController.cs(143,23): warning CS8618: Non-nullable property 'Status' must contain a non-null value when exiting constructor. Consider declaring the property as nullable. [D:\xbytechat\xbytechat-api\xbytechat-api\xbytechat.api.csproj]
D:\xbytechat\xbytechat-api\xbytechat-api\Features\Catalog\Services\CatalogDashboardService.cs(52,59): warning CS8629: Nullable value type may be null. [D:\xbytechat\xbytechat-api\xbytechat-api\xbytechat.api.csproj]
D:\xbytechat\xbytechat-api\xbytechat-api\Features\Catalog\Services\CatalogDashboardService.cs(110,29): warning CS8629: Nullable value type may be null. [D:\xbytechat\xbytechat-api\xbytechat-api\xbytechat.api.csproj]
D:\xbytechat\xbytechat-api\xbytechat-api\Features\CampaignModule\Services\CampaignService.cs(2117,28): warning CS8601: Possible null reference assignment. [D:\xbytechat\xbytechat-api\xbytechat-api\xbytechat.api.csproj]
D:\xbytechat\xbytechat-api\xbytechat-api\Features\CampaignModule\Services\CampaignService.cs(2257,46): warning CS8601: Possible null reference assignment. [D:\xbytechat\xbytechat-api\xbytechat-api\xbytechat.api.csproj]
D:\xbytechat\xbytechat-api\xbytechat-api\Features\Catalog\Services\CatalogDashboardService.cs(122,34): warning CS8601: Possible null reference assignment. [D:\xbytechat\xbytechat-api\xbytechat-api\xbytechat.api.csproj]
D:\xbytechat\xbytechat-api\xbytechat-api\Features\Catalog\Services\CatalogDashboardService.cs(137,33): warning CS8629: Nullable value type may be null. [D:\xbytechat\xbytechat-api\xbytechat-api\xbytechat.api.csproj]
D:\xbytechat\xbytechat-api\xbytechat-api\Features\Catalog\Services\CatalogDashboardService.cs(154,30): warning CS8601: Possible null reference assignment. [D:\xbytechat\xbytechat-api\xbytechat-api\xbytechat.api.csproj]
D:\xbytechat\xbytechat-api\xbytechat-api\Features\CTAFlowBuilder\Services\CTAFlowService.cs(283,36): warning CS8601: Possible null reference assignment. [D:\xbytechat\xbytechat-api\xbytechat-api\xbytechat.api.csproj]
D:\xbytechat\xbytechat-api\xbytechat-api\Features\Tracking\Services\ContactJourneyService.cs(130,27): warning CS8601: Possible null reference assignment. [D:\xbytechat\xbytechat-api\xbytechat-api\xbytechat.api.csproj]
D:\xbytechat\xbytechat-api\xbytechat-api\Features\Tracking\Services\ContactJourneyService.cs(142,31): warning CS8601: Possible null reference assignment. [D:\xbytechat\xbytechat-api\xbytechat-api\xbytechat.api.csproj]
D:\xbytechat\xbytechat-api\xbytechat-api\Features\Tracking\Services\ContactJourneyService.cs(153,31): warning CS8601: Possible null reference assignment. [D:\xbytechat\xbytechat-api\xbytechat-api\xbytechat.api.csproj]
D:\xbytechat\xbytechat-api\xbytechat-api\Features\Tracking\Services\ContactJourneyService.cs(277,39): warning CS8601: Possible null reference assignment. [D:\xbytechat\xbytechat-api\xbytechat-api\xbytechat.api.csproj]
D:\xbytechat\xbytechat-api\xbytechat-api\Features\Tracking\Services\ContactJourneyService.cs(296,39): warning CS8601: Possible null reference assignment. [D:\xbytechat\xbytechat-api\xbytechat-api\xbytechat.api.csproj]
D:\xbytechat\xbytechat-api\xbytechat-api\Features\CampaignTracking\Services\CampaignSendLogService.cs(301,24): warning CS8629: Nullable value type may be null. [D:\xbytechat\xbytechat-api\xbytechat-api\xbytechat.api.csproj]
D:\xbytechat\xbytechat-api\xbytechat-api\Features\MessagesEngine\Services\MessageEngineService.cs(1885,38): warning CS8602: Dereference of a possibly null reference. [D:\xbytechat\xbytechat-api\xbytechat-api\xbytechat.api.csproj]
D:\xbytechat\xbytechat-api\xbytechat-api\Features\CRM\Services\NoteService.cs(104,26): warning CS8601: Possible null reference assignment. [D:\xbytechat\xbytechat-api\xbytechat-api\xbytechat.api.csproj]
D:\xbytechat\xbytechat-api\xbytechat-api\Features\ChatInbox\Services\ChatInboxCommandService.cs(86,28): warning CS8625: Cannot convert null literal to non-nullable reference type. [D:\xbytechat\xbytechat-api\xbytechat-api\xbytechat.api.csproj]
D:\xbytechat\xbytechat-api\xbytechat-api\Features\CampaignModule\Services\CampaignService.cs(2515,28): warning CS8601: Possible null reference assignment. [D:\xbytechat\xbytechat-api\xbytechat-api\xbytechat.api.csproj]
D:\xbytechat\xbytechat-api\xbytechat-api\Features\CRM\Models\Note.cs(12,23): warning CS8618: Non-nullable property 'Title' must contain a non-null value when exiting constructor. Consider declaring the property as nullable. [D:\xbytechat\xbytechat-api\xbytechat-api\xbytechat.api.csproj]
D:\xbytechat\xbytechat-api\xbytechat-api\Features\CRM\Models\Note.cs(13,23): warning CS8618: Non-nullable property 'Content' must contain a non-null value when exiting constructor. Consider declaring the property as nullable. [D:\xbytechat\xbytechat-api\xbytechat-api\xbytechat.api.csproj]
D:\xbytechat\xbytechat-api\xbytechat-api\Features\CRM\Models\Note.cs(16,23): warning CS8618: Non-nullable property 'Source' must contain a non-null value when exiting constructor. Consider declaring the property as nullable. [D:\xbytechat\xbytechat-api\xbytechat-api\xbytechat.api.csproj]
D:\xbytechat\xbytechat-api\xbytechat-api\Features\CRM\Models\Note.cs(17,23): warning CS8618: Non-nullable property 'CreatedBy' must contain a non-null value when exiting constructor. Consider declaring the property as nullable. [D:\xbytechat\xbytechat-api\xbytechat-api\xbytechat.api.csproj]
D:\xbytechat\xbytechat-api\xbytechat-api\Features\CRM\Services\ContactService.cs(112,24): warning CS8603: Possible null reference return. [D:\xbytechat\xbytechat-api\xbytechat-api\xbytechat.api.csproj]
D:\xbytechat\xbytechat-api\xbytechat-api\Features\CRM\Models\Contact.cs(19,23): warning CS8618: Non-nullable property 'Name' must contain a non-null value when exiting constructor. Consider declaring the property as nullable. [D:\xbytechat\xbytechat-api\xbytechat-api\xbytechat.api.csproj]
D:\xbytechat\xbytechat-api\xbytechat-api\Features\CRM\Models\Contact.cs(23,23): warning CS8618: Non-nullable property 'PhoneNumber' must contain a non-null value when exiting constructor. Consider declaring the property as nullable. [D:\xbytechat\xbytechat-api\xbytechat-api\xbytechat.api.csproj]
D:\xbytechat\xbytechat-api\xbytechat-api\Features\MessagesEngine\DTOs\TextMessageSendDto.cs(9,23): warning CS8618: Non-nullable property 'RecipientNumber' must contain a non-null value when exiting constructor. Consider declaring the property as nullable. [D:\xbytechat\xbytechat-api\xbytechat-api\xbytechat.api.csproj]
D:\xbytechat\xbytechat-api\xbytechat-api\Features\MessagesEngine\DTOs\TextMessageSendDto.cs(11,23): warning CS8618: Non-nullable property 'TextContent' must contain a non-null value when exiting constructor. Consider declaring the property as nullable. [D:\xbytechat\xbytechat-api\xbytechat-api\xbytechat.api.csproj]
D:\xbytechat\xbytechat-api\xbytechat-api\Features\MessagesEngine\DTOs\SimpleTemplateMessageDto.cs(12,23): warning CS8618: Non-nullable property 'RecipientNumber' must contain a non-null value when exiting constructor. Consider declaring the property as nullable. [D:\xbytechat\xbytechat-api\xbytechat-api\xbytechat.api.csproj]
D:\xbytechat\xbytechat-api\xbytechat-api\Features\MessagesEngine\DTOs\SimpleTemplateMessageDto.cs(14,23): warning CS8618: Non-nullable property 'TemplateName' must contain a non-null value when exiting constructor. Consider declaring the property as nullable. [D:\xbytechat\xbytechat-api\xbytechat-api\xbytechat.api.csproj]
D:\xbytechat\xbytechat-api\xbytechat-api\Features\MessagesEngine\DTOs\SendTemplateMessageSimpleDto.cs(6,23): warning CS8618: Non-nullable property 'RecipientNumber' must contain a non-null value when exiting constructor. Consider declaring the property as nullable. [D:\xbytechat\xbytechat-api\xbytechat-api\xbytechat.api.csproj]
D:\xbytechat\xbytechat-api\xbytechat-api\Features\MessagesEngine\DTOs\SendTemplateMessageSimpleDto.cs(7,23): warning CS8618: Non-nullable property 'TemplateName' must contain a non-null value when exiting constructor. Consider declaring the property as nullable. [D:\xbytechat\xbytechat-api\xbytechat-api\xbytechat.api.csproj]
D:\xbytechat\xbytechat-api\xbytechat-api\Features\MessagesEngine\DTOs\AutoSendTemplateMessageDto.cs(7,23): warning CS8618: Non-nullable property 'PhoneNumber' must contain a non-null value when exiting constructor. Consider declaring the property as nullable. [D:\xbytechat\xbytechat-api\xbytechat-api\xbytechat.api.csproj]
D:\xbytechat\xbytechat-api\xbytechat-api\Features\MessagesEngine\DTOs\AutoSendTemplateMessageDto.cs(9,23): warning CS8618: Non-nullable property 'TemplateName' must contain a non-null value when exiting constructor. Consider declaring the property as nullable. [D:\xbytechat\xbytechat-api\xbytechat-api\xbytechat.api.csproj]
D:\xbytechat\xbytechat-api\xbytechat-api\Features\CampaignModule\Services\CampaignService.cs(3026,32): warning CS8602: Dereference of a possibly null reference. [D:\xbytechat\xbytechat-api\xbytechat-api\xbytechat.api.csproj]
D:\xbytechat\xbytechat-api\xbytechat-api\Features\AutoReplyBuilder\Services\AutoReplyFlowService.cs(102,13): warning CS8602: Dereference of a possibly null reference. [D:\xbytechat\xbytechat-api\xbytechat-api\xbytechat.api.csproj]
D:\xbytechat\xbytechat-api\xbytechat-api\Features\CTAFlowBuilder\Services\CTAFlowService.cs(583,43): warning CS8602: Dereference of a possibly null reference. [D:\xbytechat\xbytechat-api\xbytechat-api\xbytechat.api.csproj]
D:\xbytechat\xbytechat-api\xbytechat-api\Features\CTAFlowBuilder\Services\CTAFlowService.cs(595,35): warning CS8602: Dereference of a possibly null reference. [D:\xbytechat\xbytechat-api\xbytechat-api\xbytechat.api.csproj]
D:\xbytechat\xbytechat-api\xbytechat-api\Features\CTAFlowBuilder\Services\CTAFlowService.cs(611,47): warning CS8602: Dereference of a possibly null reference. [D:\xbytechat\xbytechat-api\xbytechat-api\xbytechat.api.csproj]
D:\xbytechat\xbytechat-api\xbytechat-api\Features\CTAFlowBuilder\Services\CTAFlowService.cs(621,47): warning CS8602: Dereference of a possibly null reference. [D:\xbytechat\xbytechat-api\xbytechat-api\xbytechat.api.csproj]
D:\xbytechat\xbytechat-api\xbytechat-api\Features\CTAFlowBuilder\Services\CTAFlowService.cs(689,39): warning CS8602: Dereference of a possibly null reference. [D:\xbytechat\xbytechat-api\xbytechat-api\xbytechat.api.csproj]
D:\xbytechat\xbytechat-api\xbytechat-api\Features\CTAFlowBuilder\Services\CTAFlowService.cs(702,32): warning CS8602: Dereference of a possibly null reference. [D:\xbytechat\xbytechat-api\xbytechat-api\xbytechat.api.csproj]
D:\xbytechat\xbytechat-api\xbytechat-api\Features\CampaignModule\Services\CampaignService.cs(3264,28): warning CS8601: Possible null reference assignment. [D:\xbytechat\xbytechat-api\xbytechat-api\xbytechat.api.csproj]
D:\xbytechat\xbytechat-api\xbytechat-api\Features\CampaignModule\Services\CampaignService.cs(3452,42): warning CS8601: Possible null reference assignment. [D:\xbytechat\xbytechat-api\xbytechat-api\xbytechat.api.csproj]
D:\xbytechat\xbytechat-api\xbytechat-api\Features\CampaignModule\Services\CampaignService.cs(3609,47): warning CS8602: Dereference of a possibly null reference. [D:\xbytechat\xbytechat-api\xbytechat-api\xbytechat.api.csproj]
D:\xbytechat\xbytechat-api\xbytechat-api\Features\CampaignModule\Services\CampaignService.cs(3613,101): warning CS8602: Dereference of a possibly null reference. [D:\xbytechat\xbytechat-api\xbytechat-api\xbytechat.api.csproj]
D:\xbytechat\xbytechat-api\xbytechat-api\Features\CampaignModule\Services\CampaignService.cs(3683,28): warning CS8602: Dereference of a possibly null reference. [D:\xbytechat\xbytechat-api\xbytechat-api\xbytechat.api.csproj]
D:\xbytechat\xbytechat-api\xbytechat-api\Features\CampaignModule\Services\CampaignService.cs(3700,47): warning CS8602: Dereference of a possibly null reference. [D:\xbytechat\xbytechat-api\xbytechat-api\xbytechat.api.csproj]
D:\xbytechat\xbytechat-api\xbytechat-api\Features\CampaignModule\Services\CampaignService.cs(4474,38): warning CS8625: Cannot convert null literal to non-nullable reference type. [D:\xbytechat\xbytechat-api\xbytechat-api\xbytechat.api.csproj]
D:\xbytechat\xbytechat-api\xbytechat-api\Features\Billing\Services\BillingIngestService.cs(524,52): warning CA2013: Do not pass an argument with value type 'System.Text.Json.JsonElement' to 'ReferenceEquals'. Due to value boxing, this call to 'ReferenceEquals' can return an unexpected result. Consider using 'Equals' instead, or pass reference type arguments if you intend to use 'ReferenceEquals'. (https://learn.microsoft.com/dotnet/fundamentals/code-analysis/quality-rules/ca2013) [D:\xbytechat\xbytechat-api\xbytechat-api\xbytechat.api.csproj]
D:\xbytechat\xbytechat-api\xbytechat-api\Features\Billing\Services\BillingIngestService.cs(524,61): warning CA2013: Do not pass an argument with value type 'System.Text.Json.JsonElement' to 'ReferenceEquals'. Due to value boxing, this call to 'ReferenceEquals' can return an unexpected result. Consider using 'Equals' instead, or pass reference type arguments if you intend to use 'ReferenceEquals'. (https://learn.microsoft.com/dotnet/fundamentals/code-analysis/quality-rules/ca2013) [D:\xbytechat\xbytechat-api\xbytechat-api\xbytechat.api.csproj]
D:\xbytechat\xbytechat-api\xbytechat-api\Features\Billing\Services\BillingIngestService.cs(532,56): warning CA2013: Do not pass an argument with value type 'System.Text.Json.JsonElement' to 'ReferenceEquals'. Due to value boxing, this call to 'ReferenceEquals' can return an unexpected result. Consider using 'Equals' instead, or pass reference type arguments if you intend to use 'ReferenceEquals'. (https://learn.microsoft.com/dotnet/fundamentals/code-analysis/quality-rules/ca2013) [D:\xbytechat\xbytechat-api\xbytechat-api\xbytechat.api.csproj]
D:\xbytechat\xbytechat-api\xbytechat-api\Features\Billing\Services\BillingIngestService.cs(532,59): warning CA2013: Do not pass an argument with value type 'System.Text.Json.JsonElement' to 'ReferenceEquals'. Due to value boxing, this call to 'ReferenceEquals' can return an unexpected result. Consider using 'Equals' instead, or pass reference type arguments if you intend to use 'ReferenceEquals'. (https://learn.microsoft.com/dotnet/fundamentals/code-analysis/quality-rules/ca2013) [D:\xbytechat\xbytechat-api\xbytechat-api\xbytechat.api.csproj]
D:\xbytechat\xbytechat-api\xbytechat-api\Features\BusinessModule\Controllers\BusinessesController.cs(179,53): error CS1061: 'IBusinessService' does not contain a definition for 'HardDeleteBusinessAsync' and no accessible extension method 'HardDeleteBusinessAsync' accepting a first argument of type 'IBusinessService' could be found (are you missing a using directive or an assembly reference?) [D:\xbytechat\xbytechat-api\xbytechat-api\xbytechat.api.csproj]
D:\xbytechat\xbytechat-api\xbytechat-api\Features\BusinessModule\Services\BusinessService.cs(567,41): error CS1061: 'IGenericRepository<User>' does not contain a definition for 'DeleteAsync' and no accessible extension method 'DeleteAsync' accepting a first argument of type 'IGenericRepository<User>' could be found (are you missing a using directive or an assembly reference?) [D:\xbytechat\xbytechat-api\xbytechat-api\xbytechat.api.csproj]
D:\xbytechat\xbytechat-api\xbytechat-api\Features\BusinessModule\Services\BusinessService.cs(576,37): error CS1061: 'IGenericRepository<Business>' does not contain a definition for 'DeleteAsync' and no accessible extension method 'DeleteAsync' accepting a first argument of type 'IGenericRepository<Business>' could be found (are you missing a using directive or an assembly reference?) [D:\xbytechat\xbytechat-api\xbytechat-api\xbytechat.api.csproj]
    355 Warning(s)
    3 Error(s)

Time Elapsed 00:00:19.04
